--------- beginning of system
04-05 17:42:49.922  1176  1214 E BatteryExternalStatsWorker: no controller energy info supplied for telephony
04-05 17:42:51.188  1176  1176 E RankingHelper: createDefaultChannelIfNeeded - Exception: android.content.pm.PackageManager$NameNotFoundException: com.google.tango
04-05 17:42:51.188  1176  1176 E RankingHelper: deleteDefaultChannelIfNeeded - Exception: android.content.pm.PackageManager$NameNotFoundException: com.google.tango
04-05 17:42:51.189  1176  1176 E RankingHelper: createDefaultChannelIfNeeded - Exception: android.content.pm.PackageManager$NameNotFoundException: com.qualcomm.ltebc
04-05 17:42:51.189  1176  1176 E RankingHelper: deleteDefaultChannelIfNeeded - Exception: android.content.pm.PackageManager$NameNotFoundException: com.qualcomm.ltebc
04-05 17:42:51.227  1176  1176 E UsbDeviceManager: failed to write to /sys/class/android_usb/android0/f_rndis/ethaddr
04-05 17:42:51.346  1176  1302 E UsbDeviceManager: notifyCurrentFunction request:1 status:0
04-05 17:42:51.346  1176  1216 E UsbDeviceManager: prcessing MSG_GET_CURRENT_USB_FUNCTIONS
04-05 17:42:51.346  1176  1216 E UsbDeviceManager: updating mCurrentFunctions
04-05 17:42:51.346  1176  1216 E UsbDeviceManager: mCurrentFunctions:0applied:1
04-05 17:42:51.356  1176  1176 E LockSettingsStorage: Cannot read file java.io.FileNotFoundException: /data/system/password.key: open failed: ENOENT (No such file or directory)
04-05 17:42:51.356  1176  1176 E LockSettingsStorage: Cannot read file java.io.FileNotFoundException: /data/system/gatekeeper.gesture.key: open failed: ENOENT (No such file or directory)
04-05 17:42:51.356  1176  1176 E LockSettingsStorage: Cannot read file java.io.FileNotFoundException: /data/system/gesture.key: open failed: ENOENT (No such file or directory)
04-05 17:42:51.695  1176  1214 E BatteryExternalStatsWorker: no controller energy info supplied for wifi
04-05 17:42:51.695  1176  1214 E BatteryExternalStatsWorker: no controller energy info supplied for telephony
04-05 17:42:52.340  1176  1433 E ActivityThread: Failed to find provider info for com.android.calendar
04-05 17:42:52.340  1176  1433 E ActivityThread: Failed to find provider info for com.android.calendar
04-05 17:42:52.378  1798  1951 E ActivityThread: Failed to find provider info for com.android.contacts
04-05 17:42:52.701  1608  1853 E ActivityThread: Failed to find provider info for com.android.contacts
04-05 17:42:52.743  2027  2027 E ActivityThread: Failed to find provider info for com.google.android.gsf.gservices
04-05 17:42:52.749  2027  2058 E ActivityThread: Failed to find provider info for com.google.android.gsf.gservices
04-05 17:42:52.750  2027  2058 E ActivityThread: Failed to find provider info for com.google.android.gsf.gservices
04-05 17:42:52.785  1608  2025 E ActivityThread: Failed to find provider info for com.android.contacts
04-05 17:42:52.797  1608  1932 E ActivityThread: Failed to find provider info for com.android.contacts
04-05 17:42:52.996  2062  2062 E ActivityThread: Failed to find provider info for com.google.android.gsf.gservices
04-05 17:42:52.998  1608  2112 E ActivityThread: Failed to find provider info for com.google.android.apps.turbo.estimated_time_remaining
04-05 17:42:52.999  2062  2062 E ActivityThread: Failed to find provider info for com.google.android.gsf.gservices
04-05 17:42:53.053  2062  2062 E ActivityThread: Failed to find provider info for com.google.android.gsf.gservices
04-05 17:42:53.075   637   670 E Cryptfs : cryptfs_get_password not valid for file encryption
04-05 17:42:53.097  2062  2062 E ActivityThread: Failed to find provider info for com.google.android.gsf.gservices
04-05 17:42:53.120  2062  2062 E ActivityThread: Failed to find provider info for com.google.android.gsf.gservices
04-05 17:42:53.122  2062  2117 E ActivityThread: Failed to find provider info for com.google.android.gsf.gservices
04-05 17:42:53.123  2062  2117 E ActivityThread: Failed to find provider info for com.google.android.gsf.gservices
04-05 17:42:53.127  2062  2062 E ActivityThread: Failed to find provider info for com.google.android.gsf.gservices
04-05 17:42:53.186  2062  2062 E ActivityThread: Failed to find provider info for com.google.android.gsf.gservices
04-05 17:42:53.186  2062  2122 E ActivityThread: Failed to find provider info for com.google.android.gsf.gservices
04-05 17:42:53.187  2062  2062 E ActivityThread: Failed to find provider info for com.google.android.gsf.gservices
04-05 17:42:53.187  2062  2062 E ActivityThread: Failed to find provider info for com.google.android.gsf.gservices
04-05 17:42:53.188  2062  2122 E ActivityThread: Failed to find provider info for com.google.android.gsf.gservices
04-05 17:42:53.189  2062  2122 E ActivityThread: Failed to find provider info for com.google.android.gsf.gservices
04-05 17:42:53.189  2062  2062 E ActivityThread: Failed to find provider info for com.google.android.gsf.gservices
04-05 17:42:53.236  2062  2062 E ActivityThread: Failed to find provider info for com.google.android.gsf.gservices
04-05 17:42:54.987  1176  1510 E UsbDeviceManager: notifyCurrentFunction request:2 status:0
04-05 17:42:55.068  2062  2062 E ActivityThread: Failed to find provider info for com.google.android.gsf.gservices
04-05 17:42:55.076  2062  2062 E ActivityThread: Failed to find provider info for com.google.android.gsf.gservices
04-05 17:42:55.079  2062  2062 E ActivityThread: Failed to find provider info for com.google.android.gsf.gservices
04-05 17:42:55.079  2151  2210 E ActivityThread: Failed to find provider info for com.google.android.gsf.gservices
04-05 17:42:55.079  2062  2062 E ActivityThread: Failed to find provider info for com.google.android.gsf.gservices
04-05 17:42:55.082  2062  2062 E ActivityThread: Failed to find provider info for com.google.android.gsf.gservices
04-05 17:42:55.087  2062  2075 E ActivityThread: Failed to find provider info for com.google.android.gsf.gservices
04-05 17:42:55.096  2062  2075 E ActivityThread: Failed to find provider info for com.google.android.gsf.gservices
04-05 17:42:55.107  2062  2222 E ActivityThread: Failed to find provider info for com.google.android.gsf.gservices
04-05 17:42:55.112  2062  2222 E ActivityThread: Failed to find provider info for com.google.android.gsf.gservices
04-05 17:42:55.117  2062  2073 E ActivityThread: Failed to find provider info for com.google.android.gsf.gservices
04-05 17:42:55.123  2151  2205 E ActivityThread: Failed to find provider info for com.google.android.gsf.gservices
04-05 17:42:55.127  2062  2073 E ActivityThread: Failed to find provider info for com.google.android.gsf.gservices
04-05 17:42:55.127  2062  2073 E ActivityThread: Failed to find provider info for com.google.android.gsf.gservices
04-05 17:42:55.149  2151  2205 E ActivityThread: Failed to find provider info for com.google.android.gsf.gservices
04-05 17:42:55.152  2062  2073 E ActivityThread: Failed to find provider info for com.google.android.gsf.gservices
04-05 17:42:55.152  2062  2073 E ActivityThread: Failed to find provider info for com.google.android.gsf.gservices
04-05 17:42:55.233  1176  2256 E BackupPasswordManager: Unable to read backup pw version
04-05 17:42:55.234  1176  2256 E BackupPasswordManager: Unable to read saved backup pw hash
04-05 17:42:55.662  2454  2454 E LoadedApk: Unable to instantiate appComponentFactory
04-05 17:42:55.662  2454  2454 E LoadedApk: java.lang.ClassNotFoundException: Didn't find class "android.support.v4.app.CoreComponentFactory" on path: DexPathList[[zip file "/data/app/com.google.intelligence.sense-VogzUS19VOnEpXC9ZYmJsQ==/base.apk"],nativeLibraryDirectories=[/data/app/com.google.intelligence.sense-VogzUS19VOnEpXC9ZYmJsQ==/lib/arm64, /data/app/com.google.intelligence.sense-VogzUS19VOnEpXC9ZYmJsQ==/base.apk!/lib/arm64-v8a, /system/lib64]]
04-05 17:42:55.662  2454  2454 E LoadedApk: 	at dalvik.system.BaseDexClassLoader.findClass(BaseDexClassLoader.java:134)
04-05 17:42:55.662  2454  2454 E LoadedApk: 	at java.lang.ClassLoader.loadClass(ClassLoader.java:379)
04-05 17:42:55.662  2454  2454 E LoadedApk: 	at java.lang.ClassLoader.loadClass(ClassLoader.java:312)
04-05 17:42:55.662  2454  2454 E LoadedApk: 	at android.app.LoadedApk.createAppFactory(LoadedApk.java:226)
04-05 17:42:55.662  2454  2454 E LoadedApk: 	at android.app.LoadedApk.createOrUpdateClassLoaderLocked(LoadedApk.java:731)
04-05 17:42:55.662  2454  2454 E LoadedApk: 	at android.app.LoadedApk.getClassLoader(LoadedApk.java:810)
04-05 17:42:55.662  2454  2454 E LoadedApk: 	at android.app.LoadedApk.getResources(LoadedApk.java:1032)
04-05 17:42:55.662  2454  2454 E LoadedApk: 	at android.app.ContextImpl.createAppContext(ContextImpl.java:2345)
04-05 17:42:55.662  2454  2454 E LoadedApk: 	at android.app.ActivityThread.handleBindApplication(ActivityThread.java:5760)
04-05 17:42:55.662  2454  2454 E LoadedApk: 	at android.app.ActivityThread.access$1100(ActivityThread.java:200)
04-05 17:42:55.662  2454  2454 E LoadedApk: 	at android.app.ActivityThread$H.handleMessage(ActivityThread.java:1651)
04-05 17:42:55.662  2454  2454 E LoadedApk: 	at android.os.Handler.dispatchMessage(Handler.java:106)
04-05 17:42:55.662  2454  2454 E LoadedApk: 	at android.os.Looper.loop(Looper.java:193)
04-05 17:42:55.662  2454  2454 E LoadedApk: 	at android.app.ActivityThread.main(ActivityThread.java:6680)
04-05 17:42:55.662  2454  2454 E LoadedApk: 	at java.lang.reflect.Method.invoke(Native Method)
04-05 17:42:55.662  2454  2454 E LoadedApk: 	at com.android.internal.os.RuntimeInit$MethodAndArgsCaller.run(RuntimeInit.java:493)
04-05 17:42:55.662  2454  2454 E LoadedApk: 	at com.android.internal.os.ZygoteInit.main(ZygoteInit.java:858)
04-05 17:42:56.421  2432  2432 E SchedPolicy: set_timerslack_ns write failed: Operation not permitted
04-05 17:42:56.974  2432  2432 E SchedPolicy: set_timerslack_ns write failed: Operation not permitted
04-05 17:42:57.466  2672  2733 E ActivityThread: Failed to find provider info for com.google.vr.apps.ornament.app.lens.StickersAvailabilityProvider
04-05 17:42:57.585  2432  2432 E SchedPolicy: set_timerslack_ns write failed: Operation not permitted
04-05 17:43:09.782  2062  2217 E ActivityThread: Failed to find provider info for instantapp-dev-manager
04-05 17:43:57.709  5921  5941 E ActivityThread: Failed to find provider info for com.google.settings
04-05 17:44:06.909  6098  6146 E ActivityThread: Failed to find provider info for com.facebook.katana.provider.PlatformProvider
04-05 17:44:39.266  2432  2432 E SchedPolicy: set_timerslack_ns write failed: Operation not permitted
04-05 17:44:39.340  2432  2432 E SchedPolicy: set_timerslack_ns write failed: Operation not permitted
04-05 17:44:51.678  2432  2432 E SchedPolicy: set_timerslack_ns write failed: Operation not permitted
04-05 17:44:51.690  2432  2432 E SchedPolicy: set_timerslack_ns write failed: Operation not permitted
04-05 17:45:06.454  1176  1214 E BatteryExternalStatsWorker: no controller energy info supplied for wifi
04-05 17:45:06.454  1176  1214 E BatteryExternalStatsWorker: no controller energy info supplied for bluetooth
04-05 17:45:07.899  1176  1214 E BatteryExternalStatsWorker: no controller energy info supplied for wifi
04-05 17:45:07.899  1176  1214 E BatteryExternalStatsWorker: no controller energy info supplied for bluetooth
04-05 17:45:49.996  1176  1214 E BatteryExternalStatsWorker: no controller energy info supplied for wifi
04-05 17:45:49.996  1176  1214 E BatteryExternalStatsWorker: no controller energy info supplied for bluetooth
04-05 17:45:55.048  1176  1214 E BatteryExternalStatsWorker: no controller energy info supplied for wifi
04-05 17:45:55.048  1176  1214 E BatteryExternalStatsWorker: no controller energy info supplied for bluetooth
04-05 17:46:17.874  1176  1214 E BatteryExternalStatsWorker: no controller energy info supplied for wifi
04-05 17:46:17.874  1176  1214 E BatteryExternalStatsWorker: no controller energy info supplied for bluetooth
04-05 17:46:17.913  1176  1214 E BatteryExternalStatsWorker: no controller energy info supplied for wifi
04-05 17:46:17.913  1176  1214 E BatteryExternalStatsWorker: no controller energy info supplied for bluetooth
04-05 17:49:54.448  1176  7018 E InputMethodManagerService: Ignoring com.android.server.InputMethodManagerService.updateStatusIcon:2188 due to an invalid token. uid:10080 token:android.os.Binder@fe62591
--------- beginning of main
04-05 18:00:55.057  1798  1798 E QtiImsExtUtils: getConfigForPhoneId phoneId is invalid
04-05 18:00:55.057  1798  1798 E QtiImsExtUtils: isCarrierConfigEnabled bundle is null
04-05 18:01:18.213  2062  7966 E WorkSourceUtil: Could not find package: com.google.android.gms.stats.eastworld
04-05 18:01:18.247  7325  7372 E PlayCommon: [135] adkp.d(287): Failed to connect to server for server timestamp: java.net.UnknownHostException: Unable to resolve host "play.googleapis.com": No address associated with hostname
04-05 18:01:18.256  7325  7372 E PlayCommon: [135] adkp.d(265): Failed to connect to server: java.net.UnknownHostException: Unable to resolve host "play.googleapis.com": No address associated with hostname
04-05 18:01:55.057  1798  1798 E QtiImsExtUtils: getConfigForPhoneId phoneId is invalid
04-05 18:01:55.058  1798  1798 E QtiImsExtUtils: isCarrierConfigEnabled bundle is null
04-05 18:02:55.067  1798  1798 E QtiImsExtUtils: getConfigForPhoneId phoneId is invalid
04-05 18:02:55.067  1798  1798 E QtiImsExtUtils: isCarrierConfigEnabled bundle is null
04-05 18:03:45.107  1798  1798 E QtiImsExtUtils: getConfigForPhoneId phoneId is invalid
04-05 18:03:45.107  1798  1798 E QtiImsExtUtils: isCarrierConfigEnabled bundle is null
04-05 18:03:55.085  1798  1798 E QtiImsExtUtils: getConfigForPhoneId phoneId is invalid
04-05 18:03:55.086  1798  1798 E QtiImsExtUtils: isCarrierConfigEnabled bundle is null
04-05 18:04:08.419  1798  1798 E QtiImsExtUtils: getConfigForPhoneId phoneId is invalid
04-05 18:04:08.419  1798  1798 E QtiImsExtUtils: isCarrierConfigEnabled bundle is null
04-05 18:04:47.425  7325  7372 E PlayCommon: [135] adkp.d(287): Failed to connect to server for server timestamp: java.net.UnknownHostException: Unable to resolve host "play.googleapis.com": No address associated with hostname
04-05 18:04:47.434  7325  7372 E PlayCommon: [135] adkp.d(265): Failed to connect to server: java.net.UnknownHostException: Unable to resolve host "play.googleapis.com": No address associated with hostname
04-05 18:04:55.069  1798  1798 E QtiImsExtUtils: getConfigForPhoneId phoneId is invalid
04-05 18:04:55.069  1798  1798 E QtiImsExtUtils: isCarrierConfigEnabled bundle is null
04-05 18:05:55.089  1798  1798 E QtiImsExtUtils: getConfigForPhoneId phoneId is invalid
04-05 18:05:55.089  1798  1798 E QtiImsExtUtils: isCarrierConfigEnabled bundle is null
04-05 18:06:48.395  1798  1798 E QtiImsExtUtils: getConfigForPhoneId phoneId is invalid
04-05 18:06:48.395  1798  1798 E QtiImsExtUtils: isCarrierConfigEnabled bundle is null
04-05 18:06:55.086  1798  1798 E QtiImsExtUtils: getConfigForPhoneId phoneId is invalid
04-05 18:06:55.086  1798  1798 E QtiImsExtUtils: isCarrierConfigEnabled bundle is null
04-05 18:07:55.084  1798  1798 E QtiImsExtUtils: getConfigForPhoneId phoneId is invalid
04-05 18:07:55.084  1798  1798 E QtiImsExtUtils: isCarrierConfigEnabled bundle is null
04-05 18:07:55.171  8091  8091 E .apps.messagin: Not starting debugger since process cannot load the jdwp agent.
04-05 18:07:56.121  8091  8091 E Bugle   : Get mms config failed: invalid subId. subId=2, real subId=2, map={ }
04-05 18:07:56.135  8149  8149 E s.messaging:rc: Not starting debugger since process cannot load the jdwp agent.
04-05 18:08:55.088  1798  1798 E QtiImsExtUtils: getConfigForPhoneId phoneId is invalid
04-05 18:08:55.088  1798  1798 E QtiImsExtUtils: isCarrierConfigEnabled bundle is null
04-05 18:09:47.554  7325  7372 E PlayCommon: [135] adkp.d(287): Failed to connect to server for server timestamp: java.net.UnknownHostException: Unable to resolve host "play.googleapis.com": No address associated with hostname
04-05 18:09:47.563  7325  7372 E PlayCommon: [135] adkp.d(265): Failed to connect to server: java.net.UnknownHostException: Unable to resolve host "play.googleapis.com": No address associated with hostname
04-05 18:09:55.071  1798  1798 E QtiImsExtUtils: getConfigForPhoneId phoneId is invalid
04-05 18:09:55.071  1798  1798 E QtiImsExtUtils: isCarrierConfigEnabled bundle is null
04-05 18:09:56.387  8219  8219 E d.process.acor: Not starting debugger since process cannot load the jdwp agent.
04-05 18:09:56.759  8091  8143 E Bugle   : Get mms config failed: invalid subId. subId=1, real subId=1, map={ }
04-05 18:09:58.945  1798  1798 E QtiImsExtUtils: getConfigForPhoneId phoneId is invalid
04-05 18:09:58.945  1798  1798 E QtiImsExtUtils: isCarrierConfigEnabled bundle is null
04-05 18:10:55.085  1798  1798 E QtiImsExtUtils: getConfigForPhoneId phoneId is invalid
04-05 18:10:55.085  1798  1798 E QtiImsExtUtils: isCarrierConfigEnabled bundle is null
04-05 18:11:55.087  1798  1798 E QtiImsExtUtils: getConfigForPhoneId phoneId is invalid
04-05 18:11:55.087  1798  1798 E QtiImsExtUtils: isCarrierConfigEnabled bundle is null
04-05 18:12:45.787  1176  1214 E BatteryExternalStatsWorker: no controller energy info supplied for wifi
04-05 18:12:45.787  1176  1214 E BatteryExternalStatsWorker: no controller energy info supplied for bluetooth
04-05 18:12:55.085  1798  1798 E QtiImsExtUtils: getConfigForPhoneId phoneId is invalid
04-05 18:12:55.085  1798  1798 E QtiImsExtUtils: isCarrierConfigEnabled bundle is null
04-05 18:13:05.082  1798  1798 E QtiImsExtUtils: getConfigForPhoneId phoneId is invalid
04-05 18:13:05.082  1798  1798 E QtiImsExtUtils: isCarrierConfigEnabled bundle is null
04-05 18:13:55.085  1798  1798 E QtiImsExtUtils: getConfigForPhoneId phoneId is invalid
04-05 18:13:55.085  1798  1798 E QtiImsExtUtils: isCarrierConfigEnabled bundle is null
04-05 18:14:00.252  2062  6017 E Auth    : [GoogleAccountDataServiceImpl] getToken() -> NETWORK_ERROR. Account: <ELLIDED:1688448971>, App: com.google.android.gms, Service: oauth2: email
04-05 18:14:00.253  3261  7921 E AS.AppCacheManager: 18:14:00.253[119] null
04-05 18:14:00.253  3261  7921 E AS.AppCacheManager: 18:14:00.253[119] null
04-05 18:14:00.254  3261  7921 E AS.AppCacheManager: 18:14:00.254[119] null
04-05 18:14:00.255  3261  7921 E AS.AppCacheManager: 18:14:00.254[119] null
04-05 18:14:00.255  3261  7921 E AS.AppCacheManager: 18:14:00.255[119] null
04-05 18:14:00.255  3261  7921 E AS.AppCacheManager: 18:14:00.255[119] null
04-05 18:14:00.256  3261  7921 E AS.AppCacheManager: 18:14:00.256[119] null
04-05 18:14:00.256  3261  7921 E AS.AppCacheManager: 18:14:00.256[119] null
04-05 18:14:00.257  3261  7921 E AS.AppCacheManager: 18:14:00.257[119] null
04-05 18:14:00.257  3261  7921 E AS.AppCacheManager: 18:14:00.257[119] null
04-05 18:14:00.258  3261  7921 E AS.AppCacheManager: 18:14:00.258[119] null
04-05 18:14:00.258  3261  7921 E AS.AppCacheManager: 18:14:00.258[119] null
04-05 18:14:00.259  3261  7921 E AS.AppCacheManager: 18:14:00.259[119] null
04-05 18:14:00.259  3261  7921 E AS.AppCacheManager: 18:14:00.259[119] null
04-05 18:14:00.262  3261  7921 E AS.AppCacheManager: 18:14:00.262[119] null
04-05 18:14:00.262  3261  7921 E AS.AppCacheManager: 18:14:00.262[119] null
04-05 18:14:00.263  3261  7921 E AS.AppCacheManager: 18:14:00.263[119] null
04-05 18:14:00.265  3261  7921 E AS.AppCacheManager: 18:14:00.263[119] null
04-05 18:14:00.265  3261  7921 E AS.AppCacheManager: 18:14:00.265[119] null
04-05 18:14:00.266  3261  7921 E AS.AppCacheManager: 18:14:00.265[119] null
04-05 18:14:00.266  3261  7921 E AS.AppCacheManager: 18:14:00.266[119] null
04-05 18:14:00.266  3261  7921 E AS.AppCacheManager: 18:14:00.266[119] null
04-05 18:14:00.267  3261  7921 E AS.AppCacheManager: 18:14:00.267[119] null
04-05 18:14:00.268  3261  7921 E AS.AppCacheManager: 18:14:00.267[119] null
04-05 18:14:00.268  3261  7921 E AS.AppCacheManager: 18:14:00.268[119] null
04-05 18:14:00.268  3261  7921 E AS.AppCacheManager: 18:14:00.268[119] null
04-05 18:14:00.269  3261  7921 E AS.AppCacheManager: 18:14:00.269[119] null
04-05 18:14:00.269  3261  7921 E AS.AppCacheManager: 18:14:00.269[119] null
04-05 18:14:00.275  3261  7921 E AS.AppCacheManager: 18:14:00.274[119] null
04-05 18:14:00.276  3261  7921 E AS.AppCacheManager: 18:14:00.276[119] null
04-05 18:14:00.276  3261  7921 E AS.AppCacheManager: 18:14:00.276[119] null
04-05 18:14:00.277  3261  7921 E AS.AppCacheManager: 18:14:00.277[119] null
04-05 18:14:00.277  3261  7921 E AS.AppCacheManager: 18:14:00.277[119] null
04-05 18:14:00.278  3261  7921 E AS.AppCacheManager: 18:14:00.278[119] null
04-05 18:14:00.278  3261  7921 E AS.AppCacheManager: 18:14:00.278[119] null
04-05 18:14:00.279  3261  7921 E AS.AppCacheManager: 18:14:00.279[119] null
04-05 18:14:00.279  3261  7921 E AS.AppCacheManager: 18:14:00.279[119] null
04-05 18:14:00.280  3261  7921 E AS.AppCacheManager: 18:14:00.280[119] null
04-05 18:14:00.280  3261  7921 E AS.AppCacheManager: 18:14:00.280[119] null
04-05 18:14:00.281  3261  7921 E AS.AppCacheManager: 18:14:00.281[119] null
04-05 18:14:00.282  3261  7921 E AS.AppCacheManager: 18:14:00.281[119] null
04-05 18:14:00.282  3261  7921 E AS.AppCacheManager: 18:14:00.282[119] null
04-05 18:14:00.282  3261  7921 E AS.AppCacheManager: 18:14:00.282[119] null
04-05 18:14:00.282  3261  7921 E AS.AppCacheManager: 18:14:00.282[119] null
04-05 18:14:00.301  3261  7921 E AS.AppCacheManager: 18:14:00.301[119] null
04-05 18:14:00.302  3261  7921 E AS.AppCacheManager: 18:14:00.301[119] null
04-05 18:14:00.302  3261  7921 E AS.AppCacheManager: 18:14:00.302[119] null
04-05 18:14:00.302  3261  7921 E AS.AppCacheManager: 18:14:00.302[119] null
04-05 18:14:00.303  3261  7921 E AS.AppCacheManager: 18:14:00.303[119] null
04-05 18:14:00.305  3261  7921 E AS.AppCacheManager: 18:14:00.303[119] null
04-05 18:14:00.305  3261  7921 E AS.AppCacheManager: 18:14:00.305[119] null
04-05 18:14:00.305  3261  7921 E AS.AppCacheManager: 18:14:00.305[119] null
04-05 18:14:00.306  3261  7921 E AS.AppCacheManager: 18:14:00.306[119] null
04-05 18:14:00.306  3261  7921 E AS.AppCacheManager: 18:14:00.306[119] null
04-05 18:14:00.307  3261  7921 E AS.AppCacheManager: 18:14:00.307[119] null
04-05 18:14:00.308  3261  7921 E AS.AppCacheManager: 18:14:00.307[119] null
04-05 18:14:00.308  3261  7921 E AS.AppCacheManager: 18:14:00.308[119] null
04-05 18:14:00.309  3261  7921 E AS.AppCacheManager: 18:14:00.308[119] null
04-05 18:14:00.310  3261  7921 E AS.AppCacheManager: 18:14:00.310[119] null
04-05 18:14:00.311  3261  7921 E AS.AppCacheManager: 18:14:00.310[119] null
04-05 18:14:00.311  3261  7921 E AS.AppCacheManager: 18:14:00.311[119] null
04-05 18:14:00.315  3261  7921 E AS.AppCacheManager: 18:14:00.311[119] null
04-05 18:14:00.317  3261  7921 E AS.AppCacheManager: 18:14:00.315[119] null
04-05 18:14:00.318  3261  7921 E AS.AppCacheManager: 18:14:00.318[119] null
04-05 18:14:00.318  3261  7921 E AS.AppCacheManager: 18:14:00.318[119] null
04-05 18:14:00.319  3261  7921 E AS.AppCacheManager: 18:14:00.319[119] null
04-05 18:14:00.319  3261  7921 E AS.AppCacheManager: 18:14:00.319[119] null
04-05 18:14:00.321  3261  7921 E AS.AppCacheManager: 18:14:00.321[119] null
04-05 18:14:00.321  3261  7921 E AS.AppCacheManager: 18:14:00.321[119] null
04-05 18:14:00.322  3261  7921 E AS.AppCacheManager: 18:14:00.322[119] null
04-05 18:14:00.322  3261  7921 E AS.AppCacheManager: 18:14:00.322[119] null
04-05 18:14:00.326  3261  7921 E AS.AppCacheManager: 18:14:00.326[119] null
04-05 18:14:00.326  3261  7921 E AS.AppCacheManager: 18:14:00.326[119] null
04-05 18:14:00.327  3261  7921 E AS.AppCacheManager: 18:14:00.327[119] null
04-05 18:14:00.327  3261  7921 E AS.AppCacheManager: 18:14:00.327[119] null
04-05 18:14:00.328  3261  7921 E AS.AppCacheManager: 18:14:00.328[119] null
04-05 18:14:00.329  3261  7921 E AS.AppCacheManager: 18:14:00.328[119] null
04-05 18:14:00.329  3261  7921 E AS.AppCacheManager: 18:14:00.329[119] null
04-05 18:14:00.330  3261  7921 E AS.AppCacheManager: 18:14:00.329[119] null
04-05 18:14:00.330  3261  7921 E AS.AppCacheManager: 18:14:00.330[119] null
04-05 18:14:00.330  3261  7921 E AS.AppCacheManager: 18:14:00.330[119] null
04-05 18:14:00.331  3261  7921 E AS.AppCacheManager: 18:14:00.331[119] null
04-05 18:14:00.332  3261  7921 E AS.AppCacheManager: 18:14:00.331[119] null
04-05 18:14:00.332  3261  7921 E AS.AppCacheManager: 18:14:00.332[119] null
04-05 18:14:00.332  3261  7921 E AS.AppCacheManager: 18:14:00.332[119] null
04-05 18:14:00.338  3261  7921 E AS.AppCacheManager: 18:14:00.338[119] null
04-05 18:14:00.339  3261  7921 E AS.AppCacheManager: 18:14:00.338[119] null
04-05 18:14:00.339  3261  7921 E AS.AppCacheManager: 18:14:00.339[119] null
04-05 18:14:00.340  3261  7921 E AS.AppCacheManager: 18:14:00.339[119] null
04-05 18:14:00.340  3261  7921 E AS.AppCacheManager: 18:14:00.340[119] null
04-05 18:14:00.340  3261  7921 E AS.AppCacheManager: 18:14:00.340[119] null
04-05 18:14:00.341  3261  7921 E AS.AppCacheManager: 18:14:00.341[119] null
04-05 18:14:00.341  3261  7921 E AS.AppCacheManager: 18:14:00.341[119] null
04-05 18:14:00.342  3261  7921 E AS.AppCacheManager: 18:14:00.342[119] null
04-05 18:14:00.342  3261  7921 E AS.AppCacheManager: 18:14:00.342[119] null
04-05 18:14:00.346  3261  7921 E AS.AppCacheManager: 18:14:00.345[119] null
04-05 18:14:00.346  3261  7921 E AS.AppCacheManager: 18:14:00.346[119] null
04-05 18:14:00.347  3261  7921 E AS.AppCacheManager: 18:14:00.346[119] null
04-05 18:14:00.347  3261  7921 E AS.AppCacheManager: 18:14:00.347[119] null
04-05 18:14:00.348  3261  7921 E AS.AppCacheManager: 18:14:00.347[119] null
04-05 18:14:00.348  3261  7921 E AS.AppCacheManager: 18:14:00.348[119] null
04-05 18:14:00.349  3261  7921 E AS.AppCacheManager: 18:14:00.348[119] null
04-05 18:14:00.349  3261  7921 E AS.AppCacheManager: 18:14:00.349[119] null
04-05 18:14:00.349  3261  7921 E AS.AppCacheManager: 18:14:00.349[119] null
04-05 18:14:00.350  3261  7921 E AS.AppCacheManager: 18:14:00.350[119] null
04-05 18:14:00.351  3261  7921 E AS.AppCacheManager: 18:14:00.350[119] null
04-05 18:14:00.351  3261  7921 E AS.AppCacheManager: 18:14:00.351[119] null
04-05 18:14:00.351  3261  7921 E AS.AppCacheManager: 18:14:00.351[119] null
04-05 18:14:00.361  3261  7921 E AS.AppCacheManager: 18:14:00.361[119] null
04-05 18:14:00.362  3261  7921 E AS.AppCacheManager: 18:14:00.361[119] null
04-05 18:14:47.581  7325  7372 E PlayCommon: [135] adkp.d(287): Failed to connect to server for server timestamp: java.net.UnknownHostException: Unable to resolve host "play.googleapis.com": No address associated with hostname
04-05 18:14:47.591  7325  7372 E PlayCommon: [135] adkp.d(265): Failed to connect to server: java.net.UnknownHostException: Unable to resolve host "play.googleapis.com": No address associated with hostname
04-05 18:14:55.070  1798  1798 E QtiImsExtUtils: getConfigForPhoneId phoneId is invalid
04-05 18:14:55.070  1798  1798 E QtiImsExtUtils: isCarrierConfigEnabled bundle is null
04-05 18:15:00.248  8328  8328 E lee.rocketdodg: Not starting debugger since process cannot load the jdwp agent.
04-05 18:15:00.523  8328  8346 E Fabric  : Settings request failed.
04-05 18:15:00.822   602   602 E HWComposer: presentAndGetReleaseFences: present failed for display 0: NotValidated (7)
04-05 18:15:00.835  1798  1798 E QtiImsExtUtils: getConfigForPhoneId phoneId is invalid
04-05 18:15:00.835  1798  1798 E QtiImsExtUtils: isCarrierConfigEnabled bundle is null
04-05 18:15:07.377  1798  1798 E QtiImsExtUtils: getConfigForPhoneId phoneId is invalid
04-05 18:15:07.377  1798  1798 E QtiImsExtUtils: isCarrierConfigEnabled bundle is null
04-05 18:15:55.085  1798  1798 E QtiImsExtUtils: getConfigForPhoneId phoneId is invalid
04-05 18:15:55.085  1798  1798 E QtiImsExtUtils: isCarrierConfigEnabled bundle is null
04-05 18:16:17.108  1798  1798 E QtiImsExtUtils: getConfigForPhoneId phoneId is invalid
04-05 18:16:17.108  1798  1798 E QtiImsExtUtils: isCarrierConfigEnabled bundle is null
04-05 18:16:55.085  1798  1798 E QtiImsExtUtils: getConfigForPhoneId phoneId is invalid
04-05 18:16:55.086  1798  1798 E QtiImsExtUtils: isCarrierConfigEnabled bundle is null
04-05 18:17:55.083  1798  1798 E QtiImsExtUtils: getConfigForPhoneId phoneId is invalid
04-05 18:17:55.084  1798  1798 E QtiImsExtUtils: isCarrierConfigEnabled bundle is null
04-05 18:18:50.914  8418  8418 E ndroid.apps.gc: Not starting debugger since process cannot load the jdwp agent.
04-05 18:18:50.923  8425  8425 E .apps.wellbein: Not starting debugger since process cannot load the jdwp agent.
04-05 18:18:55.081  1798  1798 E QtiImsExtUtils: getConfigForPhoneId phoneId is invalid
04-05 18:18:55.081  1798  1798 E QtiImsExtUtils: isCarrierConfigEnabled bundle is null
04-05 18:19:21.317  2358  5385 E bxly    : *~*~*~ Channel {0} was not shutdown properly!!! ~*~*~*
04-05 18:19:21.317  2358  5385 E bxly    :     Make sure to call shutdown()/shutdownNow() and wait until awaitTermination() returns true.
04-05 18:19:21.317  2358  5385 E bxly    : java.lang.RuntimeException: ManagedChannel allocation site
04-05 18:19:21.317  2358  5385 E bxly    : 	at bxlz.<init>(:com.google.android.gms@16089037@16.0.89 (100400-239467275):1)
04-05 18:19:21.317  2358  5385 E bxly    : 	at bxly.<init>(:com.google.android.gms@16089037@16.0.89 (100400-239467275):2)
04-05 18:19:21.317  2358  5385 E bxly    : 	at bxly.<init>(:com.google.android.gms@16089037@16.0.89 (100400-239467275):1)
04-05 18:19:21.317  2358  5385 E bxly    : 	at bxep.b(:com.google.android.gms@16089037@16.0.89 (100400-239467275):13)
04-05 18:19:21.317  2358  5385 E bxly    : 	at req.a(:com.google.android.gms@16089037@16.0.89 (100400-239467275):39)
04-05 18:19:21.317  2358  5385 E bxly    : 	at req.a(:com.google.android.gms@16089037@16.0.89 (100400-239467275):67)
04-05 18:19:21.317  2358  5385 E bxly    : 	at atmb.a(:com.google.android.gms@16089037@16.0.89 (100400-239467275):32)
04-05 18:19:21.317  2358  5385 E bxly    : 	at com.google.android.gms.udc.service.UdcContextInitChimeraService.a(:com.google.android.gms@16089037@16.0.89 (100400-239467275):109)
04-05 18:19:21.317  2358  5385 E bxly    : 	at zmk.run(:com.google.android.gms@16089037@16.0.89 (100400-239467275):5)
04-05 18:19:21.317  2358  5385 E bxly    : 	at rmf.b(:com.google.android.gms@16089037@16.0.89 (100400-239467275):32)
04-05 18:19:21.317  2358  5385 E bxly    : 	at rmf.run(:com.google.android.gms@16089037@16.0.89 (100400-239467275):21)
04-05 18:19:21.317  2358  5385 E bxly    : 	at java.util.concurrent.ThreadPoolExecutor.runWorker(ThreadPoolExecutor.java:1167)
04-05 18:19:21.317  2358  5385 E bxly    : 	at java.util.concurrent.ThreadPoolExecutor$Worker.run(ThreadPoolExecutor.java:641)
04-05 18:19:21.317  2358  5385 E bxly    : 	at rsc.run(Unknown Source:7)
04-05 18:19:21.317  2358  5385 E bxly    : 	at java.lang.Thread.run(Thread.java:764)
04-05 18:19:21.317  2358  5385 E bxly    : *~*~*~ Channel {0} was not shutdown properly!!! ~*~*~*
04-05 18:19:21.317  2358  5385 E bxly    :     Make sure to call shutdown()/shutdownNow() and wait until awaitTermination() returns true.
04-05 18:19:21.317  2358  5385 E bxly    : java.lang.RuntimeException: ManagedChannel allocation site
04-05 18:19:21.317  2358  5385 E bxly    : 	at bxlz.<init>(:com.google.android.gms@16089037@16.0.89 (100400-239467275):1)
04-05 18:19:21.317  2358  5385 E bxly    : 	at bxly.<init>(:com.google.android.gms@16089037@16.0.89 (100400-239467275):2)
04-05 18:19:21.317  2358  5385 E bxly    : 	at bxly.<init>(:com.google.android.gms@16089037@16.0.89 (100400-239467275):1)
04-05 18:19:21.317  2358  5385 E bxly    : 	at bxep.b(:com.google.android.gms@16089037@16.0.89 (100400-239467275):13)
04-05 18:19:21.317  2358  5385 E bxly    : 	at req.a(:com.google.android.gms@16089037@16.0.89 (100400-239467275):39)
04-05 18:19:21.317  2358  5385 E bxly    : 	at req.a(:com.google.android.gms@16089037@16.0.89 (100400-239467275):67)
04-05 18:19:21.317  2358  5385 E bxly    : 	at atmb.a(:com.google.android.gms@16089037@16.0.89 (100400-239467275):32)
04-05 18:19:21.317  2358  5385 E bxly    : 	at com.google.android.gms.udc.service.UdcContextInitChimeraService.a(:com.google.android.gms@16089037@16.0.89 (100400-239467275):109)
04-05 18:19:21.317  2358  5385 E bxly    : 	at zmk.run(:com.google.android.gms@16089037@16.0.89 (100400-239467275):5)
04-05 18:19:21.317  2358  5385 E bxly    : 	at rmf.b(:com.google.android.gms@16089037@16.0.89 (100400-239467275):32)
04-05 18:19:21.317  2358  5385 E bxly    : 	at rmf.run(:com.google.android.gms@16089037@16.0.89 (100400-239467275):21)
04-05 18:19:21.317  2358  5385 E bxly    : 	at java.util.concurrent.ThreadPoolExecutor.runWorker(ThreadPoolExecutor.java:1167)
04-05 18:19:21.317  2358  5385 E bxly    : 	at java.util.concurrent.ThreadPoolExecutor$Worker.run(ThreadPoolExecutor.java:641)
04-05 18:19:21.317  2358  5385 E bxly    : 	at rsc.run(Unknown Source:7)
04-05 18:19:21.317  2358  5385 E bxly    : 	at java.lang.Thread.run(Thread.java:764)
04-05 18:19:24.722  1798  1798 E QtiImsExtUtils: getConfigForPhoneId phoneId is invalid
04-05 18:19:24.723  1798  1798 E QtiImsExtUtils: isCarrierConfigEnabled bundle is null
04-05 18:19:47.615  7325  7372 E PlayCommon: [135] adkp.d(287): Failed to connect to server for server timestamp: java.net.UnknownHostException: Unable to resolve host "play.googleapis.com": No address associated with hostname
04-05 18:19:47.624  7325  7372 E PlayCommon: [135] adkp.d(265): Failed to connect to server: java.net.UnknownHostException: Unable to resolve host "play.googleapis.com": No address associated with hostname
04-05 18:19:55.069  1798  1798 E QtiImsExtUtils: getConfigForPhoneId phoneId is invalid
04-05 18:19:55.069  1798  1798 E QtiImsExtUtils: isCarrierConfigEnabled bundle is null
04-05 18:20:55.086  1798  1798 E QtiImsExtUtils: getConfigForPhoneId phoneId is invalid
04-05 18:20:55.086  1798  1798 E QtiImsExtUtils: isCarrierConfigEnabled bundle is null
04-05 18:21:43.823   742  1148 E         : __gcs_disable_update_pld: sgt_array[i] = 0x1
04-05 18:21:43.823   742  1148 E         : __gcs_disable_update_pld: sgt_array[i] = 0x2
04-05 18:21:45.130   742  1148 E         : gcs_get_sg_mod_conn_and_update_pld: subgraph mod conn size 0. Exiting
04-05 18:21:45.130   742  1148 E         : __gcs_get_sg_conn_and_update_pld: subgraph conn size 0. Exiting
04-05 18:21:55.088  1798  1798 E QtiImsExtUtils: getConfigForPhoneId phoneId is invalid
04-05 18:21:55.089  1798  1798 E QtiImsExtUtils: isCarrierConfigEnabled bundle is null
04-05 18:22:05.155  1176  1405 E WifiStateMachine: getWifiLinkLayerStats called without an interface
04-05 18:22:05.203  1798  1798 E QtiImsExtUtils: getConfigForPhoneId phoneId is invalid
04-05 18:22:05.203  1798  1798 E QtiImsExtUtils: isCarrierConfigEnabled bundle is null
04-05 18:22:05.252   757  2539 E NxpTml  : _i2c_write() errno : 5
04-05 18:22:05.252   757  2539 E NxpTml  : PN54X - Error in I2C Write.....
04-05 18:22:05.252   757  2541 E NxpHal  : write error status = 0x1ff
04-05 18:22:05.252   757   757 E NxpHal  : write_unlocked failed - PN54X Maybe in Standby Mode - Retry
04-05 18:22:05.306  8552  8552 E s:nonpersisten: Not starting debugger since process cannot load the jdwp agent.
04-05 18:22:06.208  1176  1405 E WifiScanRequestProxy: Scan failure received. reason: -1,description: not available
04-05 18:22:06.212  8589  8589 E si.HiddenCrime: Not starting debugger since process cannot load the jdwp agent.
04-05 18:22:06.667  1798  1949 E PhoneInterfaceManager: [PhoneIntfMgr] getIccId: No UICC
04-05 18:22:07.758   742  1148 E         : gcs_get_sg_mod_conn_and_update_pld: subgraph mod conn size 0. Exiting
04-05 18:22:07.758   742  1148 E         : __gcs_get_sg_conn_and_update_pld: subgraph conn size 0. Exiting
04-05 18:22:07.872  2062  2062 E BeaconBle: Scan couldn't start for Places
04-05 18:22:44.012  1798  1798 E QtiImsExtUtils: getConfigForPhoneId phoneId is invalid
04-05 18:22:44.012  1798  1798 E QtiImsExtUtils: isCarrierConfigEnabled bundle is null
04-05 18:22:55.083  1798  1798 E QtiImsExtUtils: getConfigForPhoneId phoneId is invalid
04-05 18:22:55.084  1798  1798 E QtiImsExtUtils: isCarrierConfigEnabled bundle is null
04-05 18:23:41.033  7325  7372 E PlayCommon: [135] adkp.d(287): Failed to connect to server for server timestamp: java.net.UnknownHostException: Unable to resolve host "play.googleapis.com": No address associated with hostname
04-05 18:23:41.036  7325  7372 E PlayCommon: [135] adkp.d(265): Failed to connect to server: java.net.UnknownHostException: Unable to resolve host "play.googleapis.com": No address associated with hostname
04-05 18:23:43.587   742  5297 E         : gcs_get_sg_mod_conn_and_update_pld: subgraph mod conn size 0. Exiting
04-05 18:23:43.587   742  5297 E         : __gcs_get_sg_conn_and_update_pld: subgraph conn size 0. Exiting
04-05 18:23:43.587   742  5297 E         : __gcs_get_sg_conn_and_update_pld: subgraph conn size 0. Exiting
04-05 18:23:43.587   742  5297 E         : __gcs_get_sg_conn_and_update_pld: subgraph conn size 0. Exiting
04-05 18:23:43.674   742  1148 E         : __gcs_disable_update_pld: sgt_array[i] = 0x1
04-05 18:23:43.674   742  1148 E         : __gcs_disable_update_pld: sgt_array[i] = 0x2
04-05 18:23:44.349   742  1148 E         : __gcs_disable_update_pld: sgt_array[i] = 0x1
04-05 18:23:44.349   742  1148 E         : __gcs_disable_update_pld: sgt_array[i] = 0x2
04-05 18:23:44.420   742  1148 E         : gcs_get_sg_mod_conn_and_update_pld: subgraph mod conn size 0. Exiting
04-05 18:23:44.420   742  1148 E         : __gcs_get_sg_conn_and_update_pld: subgraph conn size 0. Exiting
04-05 18:23:44.948   742  1148 E         : gcs_get_sg_mod_conn_and_update_pld: subgraph mod conn size 0. Exiting
04-05 18:23:44.948   742  1148 E         : __gcs_get_sg_conn_and_update_pld: subgraph conn size 0. Exiting
04-05 18:23:55.088  1798  1798 E QtiImsExtUtils: getConfigForPhoneId phoneId is invalid
04-05 18:23:55.088  1798  1798 E QtiImsExtUtils: isCarrierConfigEnabled bundle is null
04-05 18:24:47.738  7325  7372 E PlayCommon: [135] adkp.d(287): Failed to connect to server for server timestamp: java.net.UnknownHostException: Unable to resolve host "play.googleapis.com": No address associated with hostname
04-05 18:24:47.747  7325  7372 E PlayCommon: [135] adkp.d(265): Failed to connect to server: java.net.UnknownHostException: Unable to resolve host "play.googleapis.com": No address associated with hostname
04-05 18:24:55.081  1798  1798 E QtiImsExtUtils: getConfigForPhoneId phoneId is invalid
04-05 18:24:55.082  1798  1798 E QtiImsExtUtils: isCarrierConfigEnabled bundle is null
04-05 18:25:13.893   742  5297 E         : gcs_get_sg_mod_conn_and_update_pld: subgraph mod conn size 0. Exiting
04-05 18:25:13.893   742  5297 E         : __gcs_get_sg_conn_and_update_pld: subgraph conn size 0. Exiting
04-05 18:25:13.893   742  5297 E         : __gcs_get_sg_conn_and_update_pld: subgraph conn size 0. Exiting
04-05 18:25:13.893   742  5297 E         : __gcs_get_sg_conn_and_update_pld: subgraph conn size 0. Exiting
04-05 18:25:13.971   742  1148 E         : __gcs_disable_update_pld: sgt_array[i] = 0x1
04-05 18:25:13.971   742  1148 E         : __gcs_disable_update_pld: sgt_array[i] = 0x2
04-05 18:25:14.709   742  1148 E         : __gcs_disable_update_pld: sgt_array[i] = 0x1
04-05 18:25:14.709   742  1148 E         : __gcs_disable_update_pld: sgt_array[i] = 0x2
04-05 18:25:14.777   742  1148 E         : gcs_get_sg_mod_conn_and_update_pld: subgraph mod conn size 0. Exiting
04-05 18:25:14.777   742  1148 E         : __gcs_get_sg_conn_and_update_pld: subgraph conn size 0. Exiting
04-05 18:25:15.281   742  1148 E         : gcs_get_sg_mod_conn_and_update_pld: subgraph mod conn size 0. Exiting
04-05 18:25:15.281   742  1148 E         : __gcs_get_sg_conn_and_update_pld: subgraph conn size 0. Exiting
04-05 18:25:55.080  1798  1798 E QtiImsExtUtils: getConfigForPhoneId phoneId is invalid
04-05 18:25:55.080  1798  1798 E QtiImsExtUtils: isCarrierConfigEnabled bundle is null
04-05 18:26:19.417  1798  1798 E QtiImsExtUtils: getConfigForPhoneId phoneId is invalid
04-05 18:26:19.417  1798  1798 E QtiImsExtUtils: isCarrierConfigEnabled bundle is null
04-05 18:26:55.090  1798  1798 E QtiImsExtUtils: getConfigForPhoneId phoneId is invalid
04-05 18:26:55.090  1798  1798 E QtiImsExtUtils: isCarrierConfigEnabled bundle is null
04-05 18:27:55.079  1798  1798 E QtiImsExtUtils: getConfigForPhoneId phoneId is invalid
04-05 18:27:55.080  1798  1798 E QtiImsExtUtils: isCarrierConfigEnabled bundle is null
04-05 18:28:55.084  1798  1798 E QtiImsExtUtils: getConfigForPhoneId phoneId is invalid
04-05 18:28:55.085  1798  1798 E QtiImsExtUtils: isCarrierConfigEnabled bundle is null
04-05 18:29:47.866  7325  7372 E PlayCommon: [135] adkp.d(287): Failed to connect to server for server timestamp: java.net.UnknownHostException: Unable to resolve host "play.googleapis.com": No address associated with hostname
04-05 18:29:47.875  7325  7372 E PlayCommon: [135] adkp.d(265): Failed to connect to server: java.net.UnknownHostException: Unable to resolve host "play.googleapis.com": No address associated with hostname
04-05 18:29:51.917  1798  1798 E QtiImsExtUtils: getConfigForPhoneId phoneId is invalid
04-05 18:29:51.917  1798  1798 E QtiImsExtUtils: isCarrierConfigEnabled bundle is null
04-05 18:29:55.069  1798  1798 E QtiImsExtUtils: getConfigForPhoneId phoneId is invalid
04-05 18:29:55.069  1798  1798 E QtiImsExtUtils: isCarrierConfigEnabled bundle is null
04-05 18:30:55.084  1798  1798 E QtiImsExtUtils: getConfigForPhoneId phoneId is invalid
04-05 18:30:55.084  1798  1798 E QtiImsExtUtils: isCarrierConfigEnabled bundle is null
04-05 18:31:00.799   742  5297 E         : gcs_get_sg_mod_conn_and_update_pld: subgraph mod conn size 0. Exiting
04-05 18:31:00.799   742  5297 E         : __gcs_get_sg_conn_and_update_pld: subgraph conn size 0. Exiting
04-05 18:31:00.799   742  5297 E         : __gcs_get_sg_conn_and_update_pld: subgraph conn size 0. Exiting
04-05 18:31:00.799   742  5297 E         : __gcs_get_sg_conn_and_update_pld: subgraph conn size 0. Exiting
04-05 18:31:00.863   742  1148 E         : __gcs_disable_update_pld: sgt_array[i] = 0x1
04-05 18:31:00.863   742  1148 E         : __gcs_disable_update_pld: sgt_array[i] = 0x2
04-05 18:31:01.471   742  1148 E         : __gcs_disable_update_pld: sgt_array[i] = 0x1
04-05 18:31:01.471   742  1148 E         : __gcs_disable_update_pld: sgt_array[i] = 0x2
04-05 18:31:01.533   742  1148 E         : gcs_get_sg_mod_conn_and_update_pld: subgraph mod conn size 0. Exiting
04-05 18:31:01.533   742  1148 E         : __gcs_get_sg_conn_and_update_pld: subgraph conn size 0. Exiting
04-05 18:31:02.033   742  1148 E         : gcs_get_sg_mod_conn_and_update_pld: subgraph mod conn size 0. Exiting
04-05 18:31:02.033   742  1148 E         : __gcs_get_sg_conn_and_update_pld: subgraph conn size 0. Exiting
04-05 18:31:55.083  1798  1798 E QtiImsExtUtils: getConfigForPhoneId phoneId is invalid
04-05 18:31:55.084  1798  1798 E QtiImsExtUtils: isCarrierConfigEnabled bundle is null
04-05 18:32:08.474  1798  1798 E QtiImsExtUtils: getConfigForPhoneId phoneId is invalid
04-05 18:32:08.474  1798  1798 E QtiImsExtUtils: isCarrierConfigEnabled bundle is null
04-05 18:32:08.585   742  1148 E         : __gcs_disable_update_pld: sgt_array[i] = 0x1
04-05 18:32:08.585   742  1148 E         : __gcs_disable_update_pld: sgt_array[i] = 0x2
04-05 18:32:08.758  1176  1405 E WifiStateMachine: getWifiLinkLayerStats called without an interface
04-05 18:32:08.864   757  2539 E NxpTml  : _i2c_write() errno : 5
04-05 18:32:08.864   757  2539 E NxpTml  : PN54X - Error in I2C Write.....
04-05 18:32:08.864   757  2541 E NxpHal  : write error status = 0x1ff
04-05 18:32:08.864   757   757 E NxpHal  : write_unlocked failed - PN54X Maybe in Standby Mode - Retry
04-05 18:32:08.882  2287  2287 E libnfc_nci: [ERROR:NativeNfcTag.cpp(801)] nativeNfcTag_doDisconnect: tag already deactivated
04-05 18:32:55.068  1798  1798 E QtiImsExtUtils: getConfigForPhoneId phoneId is invalid
04-05 18:32:55.068  1798  1798 E QtiImsExtUtils: isCarrierConfigEnabled bundle is null
04-05 18:33:18.539  1798  1798 E QtiImsExtUtils: getConfigForPhoneId phoneId is invalid
04-05 18:33:18.539  1798  1798 E QtiImsExtUtils: isCarrierConfigEnabled bundle is null
04-05 18:33:36.316   937  7181 E adbd    : remote usb: read overflow (data length = 1933407077): Success
04-05 18:33:39.270  1176  1405 E WifiStateMachine: getWifiLinkLayerStats called without an interface
04-05 18:33:39.291  1798  1798 E QtiImsExtUtils: getConfigForPhoneId phoneId is invalid
04-05 18:33:39.291  1798  1798 E QtiImsExtUtils: isCarrierConfigEnabled bundle is null
04-05 18:33:39.340   757  2539 E NxpTml  : _i2c_write() errno : 5
04-05 18:33:39.340   757  2539 E NxpTml  : PN54X - Error in I2C Write.....
04-05 18:33:39.340   757  2541 E NxpHal  : write error status = 0x1ff
04-05 18:33:39.340   757   757 E NxpHal  : write_unlocked failed - PN54X Maybe in Standby Mode - Retry
04-05 18:33:40.370   757  2539 E NxpTml  : _i2c_write() errno : 5
04-05 18:33:40.370   757  2539 E NxpTml  : PN54X - Error in I2C Write.....
04-05 18:33:40.370   757  2541 E NxpHal  : write error status = 0x1ff
04-05 18:33:40.370   757   757 E NxpHal  : write_unlocked failed - PN54X Maybe in Standby Mode - Retry
04-05 18:33:40.405  1176  1405 E WifiScanRequestProxy: Scan failure received. reason: -1,description: not available
04-05 18:33:55.066  1798  1798 E QtiImsExtUtils: getConfigForPhoneId phoneId is invalid
04-05 18:33:55.066  1798  1798 E QtiImsExtUtils: isCarrierConfigEnabled bundle is null
04-05 18:34:22.684  2398  7072 E MtpServer: request read returned -1, errno: 108
04-05 18:34:22.687   937  8850 E adbd    : aio: got error event on read total bufs 1: Cannot send after transport endpoint shutdown
04-05 18:34:22.687   937  8850 E adbd    : remote usb: read terminated (message): Cannot send after transport endpoint shutdown
04-05 18:34:47.993  7325  7372 E PlayCommon: [135] adkp.d(287): Failed to connect to server for server timestamp: java.net.UnknownHostException: Unable to resolve host "play.googleapis.com": No address associated with hostname
04-05 18:34:48.002  7325  7372 E PlayCommon: [135] adkp.d(265): Failed to connect to server: java.net.UnknownHostException: Unable to resolve host "play.googleapis.com": No address associated with hostname
04-05 18:34:50.113  2398  8954 E MtpServer: request read returned -1, errno: 108
04-05 18:34:50.116   937  8953 E adbd    : aio: got error event on read total bufs 1: Cannot send after transport endpoint shutdown
04-05 18:34:50.116   937  8953 E adbd    : remote usb: read terminated (message): Cannot send after transport endpoint shutdown
04-05 18:34:55.065  1798  1798 E QtiImsExtUtils: getConfigForPhoneId phoneId is invalid
04-05 18:34:55.065  1798  1798 E QtiImsExtUtils: isCarrierConfigEnabled bundle is null
04-05 18:35:55.081  1798  1798 E QtiImsExtUtils: getConfigForPhoneId phoneId is invalid
04-05 18:35:55.081  1798  1798 E QtiImsExtUtils: isCarrierConfigEnabled bundle is null
04-05 18:36:55.082  1798  1798 E QtiImsExtUtils: getConfigForPhoneId phoneId is invalid
04-05 18:36:55.082  1798  1798 E QtiImsExtUtils: isCarrierConfigEnabled bundle is null
04-05 18:37:13.814  8996  8996 E .android.chrom: Not starting debugger since process cannot load the jdwp agent.
04-05 18:37:14.149  1176  1214 E BatteryExternalStatsWorker: no controller energy info supplied for wifi
04-05 18:37:14.149  1176  1214 E BatteryExternalStatsWorker: no controller energy info supplied for bluetooth
04-05 18:37:33.539  1798  1798 E QtiImsExtUtils: getConfigForPhoneId phoneId is invalid
04-05 18:37:33.539  1798  1798 E QtiImsExtUtils: isCarrierConfigEnabled bundle is null
04-05 18:37:55.056  1798  1798 E QtiImsExtUtils: getConfigForPhoneId phoneId is invalid
04-05 18:37:55.056  1798  1798 E QtiImsExtUtils: isCarrierConfigEnabled bundle is null
04-05 18:38:51.665   742  5297 E         : gcs_get_sg_mod_conn_and_update_pld: subgraph mod conn size 0. Exiting
04-05 18:38:51.665   742  5297 E         : __gcs_get_sg_conn_and_update_pld: subgraph conn size 0. Exiting
04-05 18:38:51.666   742  5297 E         : __gcs_get_sg_conn_and_update_pld: subgraph conn size 0. Exiting
04-05 18:38:51.666   742  5297 E         : __gcs_get_sg_conn_and_update_pld: subgraph conn size 0. Exiting
04-05 18:38:52.282   742  1148 E         : __gcs_disable_update_pld: sgt_array[i] = 0x1
04-05 18:38:52.282   742  1148 E         : __gcs_disable_update_pld: sgt_array[i] = 0x2
04-05 18:38:53.450   742  1148 E         : gcs_get_sg_mod_conn_and_update_pld: subgraph mod conn size 0. Exiting
04-05 18:38:53.450   742  1148 E         : __gcs_get_sg_conn_and_update_pld: subgraph conn size 0. Exiting
04-05 18:38:55.067  1798  1798 E QtiImsExtUtils: getConfigForPhoneId phoneId is invalid
04-05 18:38:55.067  1798  1798 E QtiImsExtUtils: isCarrierConfigEnabled bundle is null
04-05 18:39:48.120  7325  7372 E PlayCommon: [135] adkp.d(287): Failed to connect to server for server timestamp: java.net.UnknownHostException: Unable to resolve host "play.googleapis.com": No address associated with hostname
04-05 18:39:48.127  7325  7372 E PlayCommon: [135] adkp.d(265): Failed to connect to server: java.net.UnknownHostException: Unable to resolve host "play.googleapis.com": No address associated with hostname
04-05 18:39:55.078  1798  1798 E QtiImsExtUtils: getConfigForPhoneId phoneId is invalid
04-05 18:39:55.078  1798  1798 E QtiImsExtUtils: isCarrierConfigEnabled bundle is null
04-05 18:40:21.816   742  5297 E         : gcs_get_sg_mod_conn_and_update_pld: subgraph mod conn size 0. Exiting
04-05 18:40:21.816   742  5297 E         : __gcs_get_sg_conn_and_update_pld: subgraph conn size 0. Exiting
04-05 18:40:21.816   742  5297 E         : __gcs_get_sg_conn_and_update_pld: subgraph conn size 0. Exiting
