04-05 18:40:21.816   742  5297 E         : __gcs_get_sg_conn_and_update_pld: subgraph conn size 0. Exiting
04-05 18:40:22.351   742  1150 E         : __gcs_disable_update_pld: sgt_array[i] = 0x1
04-05 18:40:22.352   742  1150 E         : __gcs_disable_update_pld: sgt_array[i] = 0x2
04-05 18:40:22.948   742  1150 E         : gcs_get_sg_mod_conn_and_update_pld: subgraph mod conn size 0. Exiting
04-05 18:40:22.948   742  1150 E         : __gcs_get_sg_conn_and_update_pld: subgraph conn size 0. Exiting
04-05 18:40:55.071  1798  1798 E QtiImsExtUtils: getConfigForPhoneId phoneId is invalid
04-05 18:40:55.071  1798  1798 E QtiImsExtUtils: isCarrierConfigEnabled bundle is null
04-05 18:41:07.503  1798  1798 E QtiImsExtUtils: getConfigForPhoneId phoneId is invalid
04-05 18:41:07.503  1798  1798 E QtiImsExtUtils: isCarrierConfigEnabled bundle is null
04-05 18:41:55.076  1798  1798 E QtiImsExtUtils: getConfigForPhoneId phoneId is invalid
04-05 18:41:55.077  1798  1798 E QtiImsExtUtils: isCarrierConfigEnabled bundle is null
04-05 18:42:45.779  1176  1214 E BatteryExternalStatsWorker: no controller energy info supplied for wifi
04-05 18:42:45.779  1176  1214 E BatteryExternalStatsWorker: no controller energy info supplied for bluetooth
04-05 18:42:55.086  1798  1798 E QtiImsExtUtils: getConfigForPhoneId phoneId is invalid
04-05 18:42:55.086  1798  1798 E QtiImsExtUtils: isCarrierConfigEnabled bundle is null
04-05 18:43:40.713  1798  1798 E QtiImsExtUtils: getConfigForPhoneId phoneId is invalid
04-05 18:43:40.714  1798  1798 E QtiImsExtUtils: isCarrierConfigEnabled bundle is null
04-05 18:43:41.016  1176  1405 E WifiStateMachine: getWifiLinkLayerStats called without an interface
04-05 18:43:41.169   757  2539 E NxpTml  : _i2c_write() errno : 5
04-05 18:43:41.169   757  2539 E NxpTml  : PN54X - Error in I2C Write.....
04-05 18:43:41.170   757  2541 E NxpHal  : write error status = 0x1ff
04-05 18:43:41.170   757   757 E NxpHal  : write_unlocked failed - PN54X Maybe in Standby Mode - Retry
04-05 18:43:41.188  2287  2287 E libnfc_nci: [ERROR:NativeNfcTag.cpp(801)] nativeNfcTag_doDisconnect: tag already deactivated
04-05 18:43:50.898  9099  9099 E id.partnersetu: Not starting debugger since process cannot load the jdwp agent.
04-05 18:43:55.067  1798  1798 E QtiImsExtUtils: getConfigForPhoneId phoneId is invalid
04-05 18:43:55.068  1798  1798 E QtiImsExtUtils: isCarrierConfigEnabled bundle is null
04-05 18:44:00.237  2358  9120 E WorkSourceUtil: Could not find package: com.google.android.gms.westworld
04-05 18:44:40.268  2062  8937 E ctxmgr  : [BaseServerTask]Failed network request due to no network connectivity:  [CONTEXT service_id=47 ]
04-05 18:44:40.274  2062  9068 E ctxmgr  : [SyncServerInterestRecordsOperation]Failed WriteInterestRecord: network status=1 [CONTEXT service_id=47 ]
04-05 18:44:47.386  1798  1798 E QtiImsExtUtils: getConfigForPhoneId phoneId is invalid
04-05 18:44:47.386  1798  1798 E QtiImsExtUtils: isCarrierConfigEnabled bundle is null
04-05 18:44:48.245  7325  7372 E PlayCommon: [135] adkp.d(287): Failed to connect to server for server timestamp: java.net.UnknownHostException: Unable to resolve host "play.googleapis.com": No address associated with hostname
04-05 18:44:48.255  7325  7372 E PlayCommon: [135] adkp.d(265): Failed to connect to server: java.net.UnknownHostException: Unable to resolve host "play.googleapis.com": No address associated with hostname
04-05 18:44:55.085  1798  1798 E QtiImsExtUtils: getConfigForPhoneId phoneId is invalid
04-05 18:44:55.086  1798  1798 E QtiImsExtUtils: isCarrierConfigEnabled bundle is null
04-05 18:45:06.899  7325  7372 E PlayCommon: [135] adkp.d(287): Failed to connect to server for server timestamp: java.net.UnknownHostException: Unable to resolve host "play.googleapis.com": No address associated with hostname
04-05 18:45:06.901  7325  7372 E PlayCommon: [135] adkp.d(265): Failed to connect to server: java.net.UnknownHostException: Unable to resolve host "play.googleapis.com": No address associated with hostname
04-05 18:45:20.758  9149  9149 E .apps.turbo:aa: Not starting debugger since process cannot load the jdwp agent.
04-05 18:45:55.085  1798  1798 E QtiImsExtUtils: getConfigForPhoneId phoneId is invalid
04-05 18:45:55.085  1798  1798 E QtiImsExtUtils: isCarrierConfigEnabled bundle is null
04-05 18:46:55.082  1798  1798 E QtiImsExtUtils: getConfigForPhoneId phoneId is invalid
04-05 18:46:55.082  1798  1798 E QtiImsExtUtils: isCarrierConfigEnabled bundle is null
04-05 18:47:55.076  1798  1798 E QtiImsExtUtils: getConfigForPhoneId phoneId is invalid
04-05 18:47:55.076  1798  1798 E QtiImsExtUtils: isCarrierConfigEnabled bundle is null
04-05 18:48:09.653  1798  1798 E QtiImsExtUtils: getConfigForPhoneId phoneId is invalid
04-05 18:48:09.653  1798  1798 E QtiImsExtUtils: isCarrierConfigEnabled bundle is null
04-05 18:48:26.721  1176  1405 E WifiStateMachine: getWifiLinkLayerStats called without an interface
04-05 18:48:26.776  1798  1798 E QtiImsExtUtils: getConfigForPhoneId phoneId is invalid
04-05 18:48:26.776  1798  1798 E QtiImsExtUtils: isCarrierConfigEnabled bundle is null
04-05 18:48:26.784   757  2539 E NxpTml  : _i2c_write() errno : 5
04-05 18:48:26.784   757  2539 E NxpTml  : PN54X - Error in I2C Write.....
04-05 18:48:26.784   757  2541 E NxpHal  : write error status = 0x1ff
04-05 18:48:26.784   757   757 E NxpHal  : write_unlocked failed - PN54X Maybe in Standby Mode - Retry
04-05 18:48:26.812   806   879 E ASH     : @ 3943.896: sns_dd_s3708_handle_irq: failed to switch to reg page 0
04-05 18:48:27.779  1176  1405 E WifiScanRequestProxy: Scan failure received. reason: -1,description: not available
04-05 18:48:27.935  1798  1949 E PhoneInterfaceManager: [PhoneIntfMgr] getIccId: No UICC
04-05 18:48:27.950  9249  9249 E d.process.acor: Not starting debugger since process cannot load the jdwp agent.
04-05 18:48:29.667  2432  2432 E SchedPolicy: set_timerslack_ns write failed: Operation not permitted
04-05 18:48:29.759   742  1150 E         : gcs_get_sg_mod_conn_and_update_pld: subgraph mod conn size 0. Exiting
04-05 18:48:29.759   742  1150 E         : __gcs_get_sg_conn_and_update_pld: subgraph conn size 0. Exiting
04-05 18:48:29.674  2432  2432 E SchedPolicy: set_timerslack_ns write failed: Operation not permitted
04-05 18:48:29.865  2062  2062 E BeaconBle: Scan couldn't start for Places
04-05 18:48:55.068  1798  1798 E QtiImsExtUtils: getConfigForPhoneId phoneId is invalid
04-05 18:48:55.068  1798  1798 E QtiImsExtUtils: isCarrierConfigEnabled bundle is null
04-05 18:49:19.869   742  5297 E         : gcs_get_sg_mod_conn_and_update_pld: subgraph mod conn size 0. Exiting
04-05 18:49:19.869   742  5297 E         : __gcs_get_sg_conn_and_update_pld: subgraph conn size 0. Exiting
04-05 18:49:19.869   742  5297 E         : __gcs_get_sg_conn_and_update_pld: subgraph conn size 0. Exiting
04-05 18:49:19.869   742  5297 E         : __gcs_get_sg_conn_and_update_pld: subgraph conn size 0. Exiting
04-05 18:49:19.954   742  1150 E         : __gcs_disable_update_pld: sgt_array[i] = 0x1
04-05 18:49:19.954   742  1150 E         : __gcs_disable_update_pld: sgt_array[i] = 0x2
04-05 18:49:20.705   742  1150 E         : __gcs_disable_update_pld: sgt_array[i] = 0x1
04-05 18:49:20.705   742  1150 E         : __gcs_disable_update_pld: sgt_array[i] = 0x2
04-05 18:49:20.777   742  1150 E         : gcs_get_sg_mod_conn_and_update_pld: subgraph mod conn size 0. Exiting
04-05 18:49:20.778   742  1150 E         : __gcs_get_sg_conn_and_update_pld: subgraph conn size 0. Exiting
04-05 18:49:21.270   742  1150 E         : gcs_get_sg_mod_conn_and_update_pld: subgraph mod conn size 0. Exiting
04-05 18:49:21.270   742  1150 E         : __gcs_get_sg_conn_and_update_pld: subgraph conn size 0. Exiting
04-05 18:49:39.822  7325  7372 E PlayCommon: [135] adkp.d(287): Failed to connect to server for server timestamp: java.net.UnknownHostException: Unable to resolve host "play.googleapis.com": No address associated with hostname
04-05 18:49:39.826  7325  7372 E PlayCommon: [135] adkp.d(265): Failed to connect to server: java.net.UnknownHostException: Unable to resolve host "play.googleapis.com": No address associated with hostname
04-05 18:49:48.315  7325  7372 E PlayCommon: [135] adkp.d(287): Failed to connect to server for server timestamp: java.net.UnknownHostException: Unable to resolve host "play.googleapis.com": No address associated with hostname
04-05 18:49:48.322  7325  7372 E PlayCommon: [135] adkp.d(265): Failed to connect to server: java.net.UnknownHostException: Unable to resolve host "play.googleapis.com": No address associated with hostname
04-05 18:49:55.057  1798  1798 E QtiImsExtUtils: getConfigForPhoneId phoneId is invalid
04-05 18:49:55.057  1798  1798 E QtiImsExtUtils: isCarrierConfigEnabled bundle is null
04-05 18:50:55.081  1798  1798 E QtiImsExtUtils: getConfigForPhoneId phoneId is invalid
04-05 18:50:55.082  1798  1798 E QtiImsExtUtils: isCarrierConfigEnabled bundle is null
04-05 18:51:22.564  2358  2770 E bxly    : *~*~*~ Channel {0} was not shutdown properly!!! ~*~*~*
04-05 18:51:22.564  2358  2770 E bxly    :     Make sure to call shutdown()/shutdownNow() and wait until awaitTermination() returns true.
04-05 18:51:22.564  2358  2770 E bxly    : java.lang.RuntimeException: ManagedChannel allocation site
04-05 18:51:22.564  2358  2770 E bxly    : 	at bxlz.<init>(:com.google.android.gms@16089037@16.0.89 (100400-239467275):1)
04-05 18:51:22.564  2358  2770 E bxly    : 	at bxly.<init>(:com.google.android.gms@16089037@16.0.89 (100400-239467275):2)
04-05 18:51:22.564  2358  2770 E bxly    : 	at bxly.<init>(:com.google.android.gms@16089037@16.0.89 (100400-239467275):1)
04-05 18:51:22.564  2358  2770 E bxly    : 	at bxep.b(:com.google.android.gms@16089037@16.0.89 (100400-239467275):13)
04-05 18:51:22.564  2358  2770 E bxly    : 	at req.a(:com.google.android.gms@16089037@16.0.89 (100400-239467275):39)
04-05 18:51:22.564  2358  2770 E bxly    : 	at req.a(:com.google.android.gms@16089037@16.0.89 (100400-239467275):67)
04-05 18:51:22.564  2358  2770 E bxly    : 	at atmb.a(:com.google.android.gms@16089037@16.0.89 (100400-239467275):32)
04-05 18:51:22.564  2358  2770 E bxly    : 	at com.google.android.gms.udc.service.UdcContextInitChimeraService.a(:com.google.android.gms@16089037@16.0.89 (100400-239467275):109)
04-05 18:51:22.564  2358  2770 E bxly    : 	at zmk.run(:com.google.android.gms@16089037@16.0.89 (100400-239467275):5)
04-05 18:51:22.564  2358  2770 E bxly    : 	at rmf.b(:com.google.android.gms@16089037@16.0.89 (100400-239467275):32)
04-05 18:51:22.564  2358  2770 E bxly    : 	at rmf.run(:com.google.android.gms@16089037@16.0.89 (100400-239467275):21)
04-05 18:51:22.564  2358  2770 E bxly    : 	at java.util.concurrent.ThreadPoolExecutor.runWorker(ThreadPoolExecutor.java:1167)
04-05 18:51:22.564  2358  2770 E bxly    : 	at java.util.concurrent.ThreadPoolExecutor$Worker.run(ThreadPoolExecutor.java:641)
04-05 18:51:22.564  2358  2770 E bxly    : 	at rsc.run(Unknown Source:7)
04-05 18:51:22.564  2358  2770 E bxly    : 	at java.lang.Thread.run(Thread.java:764)
04-05 18:51:22.641  2062  9145 E NetworkScheduler.ATC: Called cancelTask for already completed task com.google.android.gms/.learning.training.background.TrainingGcmTaskService{u=0 tag="com.google.android.gms.learning.BACKGROUND_TRAINING_TASK" trigger=window{period=900s,flex=600s,earliest=-75s,latest=524s} requirements=[NET_ANY,CHARGING] attributes=[PERSISTED,RECURRING] scheduled=-375s last_run=0s jid=N/A status=ACTIVE retries=0 client_lib=MANCHEGO_GCM-16089000} :RESCHEDULED
04-05 18:51:55.067  1798  1798 E QtiImsExtUtils: getConfigForPhoneId phoneId is invalid
04-05 18:51:55.067  1798  1798 E QtiImsExtUtils: isCarrierConfigEnabled bundle is null
04-05 18:52:09.973  1798  1798 E QtiImsExtUtils: getConfigForPhoneId phoneId is invalid
04-05 18:52:09.973  1798  1798 E QtiImsExtUtils: isCarrierConfigEnabled bundle is null
04-05 18:52:55.065  1798  1798 E QtiImsExtUtils: getConfigForPhoneId phoneId is invalid
04-05 18:52:55.065  1798  1798 E QtiImsExtUtils: isCarrierConfigEnabled bundle is null
04-05 18:53:55.082  1798  1798 E QtiImsExtUtils: getConfigForPhoneId phoneId is invalid
04-05 18:53:55.083  1798  1798 E QtiImsExtUtils: isCarrierConfigEnabled bundle is null
04-05 18:54:48.442  7325  7372 E PlayCommon: [135] adkp.d(287): Failed to connect to server for server timestamp: java.net.UnknownHostException: Unable to resolve host "play.googleapis.com": No address associated with hostname
04-05 18:54:48.450  7325  7372 E PlayCommon: [135] adkp.d(265): Failed to connect to server: java.net.UnknownHostException: Unable to resolve host "play.googleapis.com": No address associated with hostname
04-05 18:54:55.077  1798  1798 E QtiImsExtUtils: getConfigForPhoneId phoneId is invalid
04-05 18:54:55.078  1798  1798 E QtiImsExtUtils: isCarrierConfigEnabled bundle is null
04-05 18:55:55.074  1798  1798 E QtiImsExtUtils: getConfigForPhoneId phoneId is invalid
04-05 18:55:55.074  1798  1798 E QtiImsExtUtils: isCarrierConfigEnabled bundle is null
04-05 18:55:57.183  1798  1798 E QtiImsExtUtils: getConfigForPhoneId phoneId is invalid
04-05 18:55:57.183  1798  1798 E QtiImsExtUtils: isCarrierConfigEnabled bundle is null
04-05 18:56:55.076  1798  1798 E QtiImsExtUtils: getConfigForPhoneId phoneId is invalid
04-05 18:56:55.076  1798  1798 E QtiImsExtUtils: isCarrierConfigEnabled bundle is null
04-05 18:57:55.079  1798  1798 E QtiImsExtUtils: getConfigForPhoneId phoneId is invalid
04-05 18:57:55.079  1798  1798 E QtiImsExtUtils: isCarrierConfigEnabled bundle is null
04-05 18:58:30.162  1798  1798 E QtiImsExtUtils: getConfigForPhoneId phoneId is invalid
04-05 18:58:30.162  1798  1798 E QtiImsExtUtils: isCarrierConfigEnabled bundle is null
04-05 18:58:30.252   742  1150 E         : __gcs_disable_update_pld: sgt_array[i] = 0x1
04-05 18:58:30.252   742  1150 E         : __gcs_disable_update_pld: sgt_array[i] = 0x2
04-05 18:58:30.441  1176  1405 E WifiStateMachine: getWifiLinkLayerStats called without an interface
04-05 18:58:30.739   757  2539 E NxpTml  : _i2c_write() errno : 5
04-05 18:58:30.739   757  2539 E NxpTml  : PN54X - Error in I2C Write.....
04-05 18:58:30.739   757  2541 E NxpHal  : write error status = 0x1ff
04-05 18:58:30.739   757   757 E NxpHal  : write_unlocked failed - PN54X Maybe in Standby Mode - Retry
04-05 18:58:30.757  2287  2287 E libnfc_nci: [ERROR:NativeNfcTag.cpp(801)] nativeNfcTag_doDisconnect: tag already deactivated
04-05 18:58:55.081  1798  1798 E QtiImsExtUtils: getConfigForPhoneId phoneId is invalid
04-05 18:58:55.081  1798  1798 E QtiImsExtUtils: isCarrierConfigEnabled bundle is null
04-05 18:59:38.446  1798  1798 E QtiImsExtUtils: getConfigForPhoneId phoneId is invalid
04-05 18:59:38.446  1798  1798 E QtiImsExtUtils: isCarrierConfigEnabled bundle is null
04-05 18:59:48.568  7325  7372 E PlayCommon: [135] adkp.d(287): Failed to connect to server for server timestamp: java.net.UnknownHostException: Unable to resolve host "play.googleapis.com": No address associated with hostname
04-05 18:59:48.577  7325  7372 E PlayCommon: [135] adkp.d(265): Failed to connect to server: java.net.UnknownHostException: Unable to resolve host "play.googleapis.com": No address associated with hostname
04-05 18:59:55.083  1798  1798 E QtiImsExtUtils: getConfigForPhoneId phoneId is invalid
04-05 18:59:55.083  1798  1798 E QtiImsExtUtils: isCarrierConfigEnabled bundle is null
04-05 19:00:55.085  1798  1798 E QtiImsExtUtils: getConfigForPhoneId phoneId is invalid
04-05 19:00:55.085  1798  1798 E QtiImsExtUtils: isCarrierConfigEnabled bundle is null
04-05 19:01:55.081  1798  1798 E QtiImsExtUtils: getConfigForPhoneId phoneId is invalid
04-05 19:01:55.081  1798  1798 E QtiImsExtUtils: isCarrierConfigEnabled bundle is null
04-05 19:02:54.788  1798  1798 E QtiImsExtUtils: getConfigForPhoneId phoneId is invalid
04-05 19:02:54.788  1798  1798 E QtiImsExtUtils: isCarrierConfigEnabled bundle is null
04-05 19:03:55.076  1798  1798 E QtiImsExtUtils: getConfigForPhoneId phoneId is invalid
04-05 19:03:55.076  1798  1798 E QtiImsExtUtils: isCarrierConfigEnabled bundle is null
04-05 19:04:48.696  7325  7372 E PlayCommon: [135] adkp.d(287): Failed to connect to server for server timestamp: java.net.UnknownHostException: Unable to resolve host "play.googleapis.com": No address associated with hostname
04-05 19:04:48.704  7325  7372 E PlayCommon: [135] adkp.d(265): Failed to connect to server: java.net.UnknownHostException: Unable to resolve host "play.googleapis.com": No address associated with hostname
04-05 19:04:55.082  1798  1798 E QtiImsExtUtils: getConfigForPhoneId phoneId is invalid
04-05 19:04:55.082  1798  1798 E QtiImsExtUtils: isCarrierConfigEnabled bundle is null
04-05 19:05:55.081  1798  1798 E QtiImsExtUtils: getConfigForPhoneId phoneId is invalid
04-05 19:05:55.081  1798  1798 E QtiImsExtUtils: isCarrierConfigEnabled bundle is null
04-05 19:06:15.558  1798  1798 E QtiImsExtUtils: getConfigForPhoneId phoneId is invalid
04-05 19:06:15.558  1798  1798 E QtiImsExtUtils: isCarrierConfigEnabled bundle is null
04-05 19:06:30.735  1176  1405 E WifiStateMachine: getWifiLinkLayerStats called without an interface
04-05 19:06:30.756  1798  1798 E QtiImsExtUtils: getConfigForPhoneId phoneId is invalid
04-05 19:06:30.756  1798  1798 E QtiImsExtUtils: isCarrierConfigEnabled bundle is null
04-05 19:06:30.790   757  2539 E NxpTml  : _i2c_write() errno : 5
04-05 19:06:30.790   757  2539 E NxpTml  : PN54X - Error in I2C Write.....
04-05 19:06:30.790   757  2541 E NxpHal  : write error status = 0x1ff
04-05 19:06:30.790   757   757 E NxpHal  : write_unlocked failed - PN54X Maybe in Standby Mode - Retry
04-05 19:06:31.618  2432  2432 E SchedPolicy: set_timerslack_ns write failed: Operation not permitted
04-05 19:06:31.625  2432  2432 E SchedPolicy: set_timerslack_ns write failed: Operation not permitted
04-05 19:06:31.679  1176  1405 E WifiScanRequestProxy: Scan failure received. reason: -1,description: not available
04-05 19:06:31.721   742  1150 E         : gcs_get_sg_mod_conn_and_update_pld: subgraph mod conn size 0. Exiting
04-05 19:06:31.721   742  1150 E         : __gcs_get_sg_conn_and_update_pld: subgraph conn size 0. Exiting
04-05 19:06:31.853  2062  2062 E BeaconBle: Scan couldn't start for Places
04-05 19:06:31.951  1798  1818 E PhoneInterfaceManager: [PhoneIntfMgr] getIccId: No UICC
04-05 19:06:55.084  1798  1798 E QtiImsExtUtils: getConfigForPhoneId phoneId is invalid
04-05 19:06:55.084  1798  1798 E QtiImsExtUtils: isCarrierConfigEnabled bundle is null
04-05 19:07:55.067  1798  1798 E QtiImsExtUtils: getConfigForPhoneId phoneId is invalid
04-05 19:07:55.067  1798  1798 E QtiImsExtUtils: isCarrierConfigEnabled bundle is null
04-05 19:08:55.063  1798  1798 E QtiImsExtUtils: getConfigForPhoneId phoneId is invalid
04-05 19:08:55.063  1798  1798 E QtiImsExtUtils: isCarrierConfigEnabled bundle is null
04-05 19:09:48.850  7325  7372 E PlayCommon: [135] adkp.d(287): Failed to connect to server for server timestamp: java.net.UnknownHostException: Unable to resolve host "play.googleapis.com": No address associated with hostname
04-05 19:09:48.880  7325  7372 E PlayCommon: [135] adkp.d(265): Failed to connect to server: java.net.UnknownHostException: Unable to resolve host "play.googleapis.com": No address associated with hostname
04-05 19:09:52.402  1798  1798 E QtiImsExtUtils: getConfigForPhoneId phoneId is invalid
04-05 19:09:52.402  1798  1798 E QtiImsExtUtils: isCarrierConfigEnabled bundle is null
04-05 19:09:55.057  1798  1798 E QtiImsExtUtils: getConfigForPhoneId phoneId is invalid
04-05 19:09:55.057  1798  1798 E QtiImsExtUtils: isCarrierConfigEnabled bundle is null
04-05 19:10:55.081  1798  1798 E QtiImsExtUtils: getConfigForPhoneId phoneId is invalid
04-05 19:10:55.082  1798  1798 E QtiImsExtUtils: isCarrierConfigEnabled bundle is null
04-05 19:11:55.058  1798  1798 E QtiImsExtUtils: getConfigForPhoneId phoneId is invalid
04-05 19:11:55.058  1798  1798 E QtiImsExtUtils: isCarrierConfigEnabled bundle is null
04-05 19:12:45.786  1176  1214 E BatteryExternalStatsWorker: no controller energy info supplied for wifi
04-05 19:12:45.786  1176  1214 E BatteryExternalStatsWorker: no controller energy info supplied for bluetooth
04-05 19:12:55.081  1798  1798 E QtiImsExtUtils: getConfigForPhoneId phoneId is invalid
04-05 19:12:55.081  1798  1798 E QtiImsExtUtils: isCarrierConfigEnabled bundle is null
04-05 19:13:36.604  1798  1798 E QtiImsExtUtils: getConfigForPhoneId phoneId is invalid
04-05 19:13:36.604  1798  1798 E QtiImsExtUtils: isCarrierConfigEnabled bundle is null
04-05 19:13:55.061  1798  1798 E QtiImsExtUtils: getConfigForPhoneId phoneId is invalid
04-05 19:13:55.061  1798  1798 E QtiImsExtUtils: isCarrierConfigEnabled bundle is null
04-05 19:14:48.995  7325  7372 E PlayCommon: [135] adkp.d(287): Failed to connect to server for server timestamp: java.net.UnknownHostException: Unable to resolve host "play.googleapis.com": No address associated with hostname
04-05 19:14:49.004  7325  7372 E PlayCommon: [135] adkp.d(265): Failed to connect to server: java.net.UnknownHostException: Unable to resolve host "play.googleapis.com": No address associated with hostname
04-05 19:14:55.064  1798  1798 E QtiImsExtUtils: getConfigForPhoneId phoneId is invalid
04-05 19:14:55.064  1798  1798 E QtiImsExtUtils: isCarrierConfigEnabled bundle is null
04-05 19:15:55.072  1798  1798 E QtiImsExtUtils: getConfigForPhoneId phoneId is invalid
04-05 19:15:55.072  1798  1798 E QtiImsExtUtils: isCarrierConfigEnabled bundle is null
04-05 19:16:31.899  1798  1798 E QtiImsExtUtils: getConfigForPhoneId phoneId is invalid
04-05 19:16:31.899  1798  1798 E QtiImsExtUtils: isCarrierConfigEnabled bundle is null
04-05 19:16:31.979   742  1150 E         : __gcs_disable_update_pld: sgt_array[i] = 0x1
04-05 19:16:31.979   742  1150 E         : __gcs_disable_update_pld: sgt_array[i] = 0x2
04-05 19:16:32.195  1176  1405 E WifiStateMachine: getWifiLinkLayerStats called without an interface
04-05 19:16:32.485   757  2539 E NxpTml  : _i2c_write() errno : 5
04-05 19:16:32.486   757  2539 E NxpTml  : PN54X - Error in I2C Write.....
04-05 19:16:32.486   757  2541 E NxpHal  : write error status = 0x1ff
04-05 19:16:32.486   757   757 E NxpHal  : write_unlocked failed - PN54X Maybe in Standby Mode - Retry
04-05 19:16:32.504  2287  2287 E libnfc_nci: [ERROR:NativeNfcTag.cpp(801)] nativeNfcTag_doDisconnect: tag already deactivated
04-05 19:16:55.067  1798  1798 E QtiImsExtUtils: getConfigForPhoneId phoneId is invalid
04-05 19:16:55.067  1798  1798 E QtiImsExtUtils: isCarrierConfigEnabled bundle is null
04-05 19:17:19.335  1798  1798 E QtiImsExtUtils: getConfigForPhoneId phoneId is invalid
04-05 19:17:19.335  1798  1798 E QtiImsExtUtils: isCarrierConfigEnabled bundle is null
04-05 19:17:20.163  9728  9728 E .apps.wellbein: Not starting debugger since process cannot load the jdwp agent.
04-05 19:17:55.082  1798  1798 E QtiImsExtUtils: getConfigForPhoneId phoneId is invalid
04-05 19:17:55.082  1798  1798 E QtiImsExtUtils: isCarrierConfigEnabled bundle is null
04-05 19:18:55.086  1798  1798 E QtiImsExtUtils: getConfigForPhoneId phoneId is invalid
04-05 19:18:55.087  1798  1798 E QtiImsExtUtils: isCarrierConfigEnabled bundle is null
04-05 19:19:49.125  7325  7372 E PlayCommon: [135] adkp.d(287): Failed to connect to server for server timestamp: java.net.UnknownHostException: Unable to resolve host "play.googleapis.com": No address associated with hostname
04-05 19:19:49.131  7325  7372 E PlayCommon: [135] adkp.d(265): Failed to connect to server: java.net.UnknownHostException: Unable to resolve host "play.googleapis.com": No address associated with hostname
04-05 19:19:55.084  1798  1798 E QtiImsExtUtils: getConfigForPhoneId phoneId is invalid
04-05 19:19:55.084  1798  1798 E QtiImsExtUtils: isCarrierConfigEnabled bundle is null
04-05 19:20:43.025  1798  1798 E QtiImsExtUtils: getConfigForPhoneId phoneId is invalid
04-05 19:20:43.025  1798  1798 E QtiImsExtUtils: isCarrierConfigEnabled bundle is null
