04-05 18:22:05.253  1176  1220 I DreamManagerService: Gently waking up from dream.
04-05 18:22:05.253  1176  1216 I DreamManagerService: Performing gentle wake from dream.
04-05 18:22:05.262   757  2539 D NxpTml  : PN54X - Write requested.....
04-05 18:22:05.262   757  2539 D NxpTml  : PN54X - Invoking I2C Write.....
04-05 18:22:05.263   757  2538 D NxpTml  : PN54X - I2C Read successful.....
04-05 18:22:05.263   757  2538 D NxpTml  : Delay Read if write thread is busy
04-05 18:22:05.263   757  2539 D NxpNciX : len =   4 > 20090102
04-05 18:22:05.263   757  2539 D NxpTml  : PN54X - I2C Write successful.....
04-05 18:22:05.263   757  2539 D NxpTml  : PN54X - Posting Fresh Write message.....
04-05 18:22:05.263   757  2539 D NxpTml  : PN54X - Tml Writer Thread Running................
04-05 18:22:05.263   757  2541 D NxpHal  : write successful status = 0x0
04-05 18:22:05.265   757  2538 D NxpNciR : len =   4 > 40090100
04-05 18:22:05.265   757  2538 D NxpTml  : PN54X - Posting read message.....
04-05 18:22:05.265   757  2541 D NxpHal  : read successful status = 0x0
04-05 18:22:05.265   757  2538 D NxpTml  : PN54X - Read requested.....
04-05 18:22:05.265   757  2538 D NxpTml  : PN54X - Invoking I2C Read.....
04-05 18:22:05.266   757   757 D NxpExtns: find found MIFARE_READER_ENABLE=(0x1)
04-05 18:22:05.266   757  2539 D NxpTml  : PN54X - Write requested.....
04-05 18:22:05.266   757  2539 D NxpTml  : PN54X - Invoking I2C Write.....
04-05 18:22:05.267   757  2538 D NxpTml  : PN54X - I2C Read successful.....
04-05 18:22:05.267   757  2538 D NxpTml  : Delay Read if write thread is busy
04-05 18:22:05.267   757  2539 D NxpNciX : len =   7 > 20020401020100
04-05 18:22:05.267   757  2539 D NxpTml  : PN54X - I2C Write successful.....
04-05 18:22:05.267   757  2539 D NxpTml  : PN54X - Posting Fresh Write message.....
04-05 18:22:05.267   757  2539 D NxpTml  : PN54X - Tml Writer Thread Running................
04-05 18:22:05.267   757  2541 D NxpHal  : write successful status = 0x0
04-05 18:22:05.269   757  2538 D NxpNciR : len =   5 > 4002020000
04-05 18:22:05.269   757  2538 D NxpTml  : PN54X - Posting read message.....
04-05 18:22:05.269   757  2541 D NxpHal  : read successful status = 0x0
04-05 18:22:05.269   757  2541 D NxpHal  : phNxpNciHal_print_res_status: response status =STATUS_OK
04-05 18:22:05.269   757  2538 D NxpTml  : PN54X - Read requested.....
04-05 18:22:05.269   757  2538 D NxpTml  : PN54X - Invoking I2C Read.....
04-05 18:22:05.278  1176  2404 I DreamManagerService: Leaving dreamland.
04-05 18:22:05.279  1176  1216 I DreamManagerService: Performing gentle wake from dream.
04-05 18:22:05.279  1176  1216 I DreamController: Stopping dream: name=ComponentInfo{com.android.systemui/com.android.systemui.doze.DozeService}, isTest=false, canDoze=true, userId=0
04-05 18:22:05.280  1176  1176 W AlarmManager: Unrecognized alarm listener com.android.server.job.controllers.-$$Lambda$IdleController$IdlenessTracker$nTdS-lGBXcES5VWKcJFmQFgU7IU@60d77fa
04-05 18:22:05.304  1176  1212 I ActivityManager: Start proc 8552:com.google.android.as:nonpersistent/u0a132 for broadcast com.google.android.as/com.google.android.apps.miphone.aiai.allapps.broadcastreceiver.SuggestGenerateFenceBroadcastReceiver
04-05 18:22:05.306  8552  8552 E s:nonpersisten: Not starting debugger since process cannot load the jdwp agent.
04-05 18:22:05.329  1608  1608 I Elmyra/ElmyraService: Gated by SystemKeyPress
04-05 18:22:05.331  8552  8552 I s:nonpersisten: The ClassLoaderContext is a special shared library.
04-05 18:22:05.361  8552  8552 W GCM     : GCM SDK is deprecated, com.google.android.as should update to use FCM
04-05 18:22:05.368  1176  2404 D ConnectivityService: requestNetwork for uid/pid:10132/8552 NetworkRequest [ TRACK_DEFAULT id=39, [ Capabilities: INTERNET&NOT_RESTRICTED&TRUSTED Unwanted:  Uid: 10132] ]
04-05 18:22:05.368  1176  1522 D Ethernet: got request NetworkRequest [ TRACK_DEFAULT id=39, [ Capabilities: INTERNET&NOT_RESTRICTED&TRUSTED Unwanted:  Uid: 10132] ] with score 0
04-05 18:22:05.368  1176  1405 D WIFI_UT : got request NetworkRequest [ TRACK_DEFAULT id=39, [ Capabilities: INTERNET&NOT_RESTRICTED&TRUSTED Unwanted:  Uid: 10132] ] with score 0
04-05 18:22:05.368  1176  1405 D WIFI    : got request NetworkRequest [ TRACK_DEFAULT id=39, [ Capabilities: INTERNET&NOT_RESTRICTED&TRUSTED Unwanted:  Uid: 10132] ] with score 0
04-05 18:22:05.368  1176  1521 D WIFI_AWARE_FACTORY: got request NetworkRequest [ TRACK_DEFAULT id=39, [ Capabilities: INTERNET&NOT_RESTRICTED&TRUSTED Unwanted:  Uid: 10132] ] with score 0
04-05 18:22:05.368  1798  1798 D PhoneSwitcherNetworkRequstListener: got request NetworkRequest [ TRACK_DEFAULT id=39, [ Capabilities: INTERNET&NOT_RESTRICTED&TRUSTED Unwanted:  Uid: 10132] ] with score 0
04-05 18:22:05.377  8552  8552 I cr_CronetLibraryLoader: Cronet version: 72.0.3626.14, arch: aarch64
04-05 18:22:05.414  8552  8552 I AiAi    : AiAi onCreate, isDebug: false
04-05 18:22:05.415  8552  8552 I AiAiMatchmaker: Install SilentFeedback handler.
04-05 18:22:05.489  2062  2635 W GCoreFlp: No location to return for getLastLocation()
04-05 18:22:05.501  2062  2635 I chatty  : uid=10015(com.google.android.gms) FlpThread identical 2 lines
04-05 18:22:05.511  2062  2635 W GCoreFlp: No location to return for getLastLocation()
04-05 18:22:05.641  1608  1608 I Elmyra/ElmyraService: Unblocked; current action: LaunchOpa [mIsGestureEnabled -> true; mIsOpaEnabled -> true]
04-05 18:22:05.642   746   746 V ContextHubHal: sendMessageToHub
04-05 18:22:05.643   746   746 I chatty  : uid=1000(system) contexthub@1.0- identical 2 lines
04-05 18:22:05.643   746   746 V ContextHubHal: sendMessageToHub
04-05 18:22:05.709  1176  1510 V ContextHubClientManager: Received NanoAppMessage[type = 1, length = 5 bytes, broadcast, nanoapp = 0x476f6f676c00100e](data = 0x2D000000 00)
04-05 18:22:05.709  1176  1510 D ContextHubService: Sending message 1 version 0 from hubHandle 0, appInstance 1, callBackCount 2
04-05 18:22:06.089  1608  1608 D StatusBar: disable<e i a s b H R c s > disable2<q i n >
04-05 18:22:06.092  1176  1342 I InputReader: Reconfiguring input devices.  changes=0x00000004
04-05 18:22:06.092  7325  7325 I AppLifecycleTracker: onActivityDestroyed: 
04-05 18:22:06.118  7325  7325 I AppLifecycleTracker: onActivityCreated: 
04-05 18:22:06.131  1608  1608 D StatusBar: disable<e i a s b H R c s > disable2<q i n >
04-05 18:22:06.132  1608  1608 D StatusBar: disable<e i a s b h!r!c s > disable2<q i n >
04-05 18:22:06.143  1176  6804 W UsageStatsService: Event reported without a package name
04-05 18:22:06.149  1176  1210 W BroadcastQueue: Background execution not allowed: receiving Intent { act=android.intent.action.USER_PRESENT flg=0x24200010 } to com.facebook.katana/com.facebook.rti.orca.FbnsLiteBroadcastReceiver
04-05 18:22:06.150  2271  2271 I GsaVoiceInteractionSrv: O received Intent { act=android.intent.action.USER_PRESENT flg=0x24200010 }
04-05 18:22:06.151  1755  1837 I QCNEJ/CndHalConnector: -> SND notifyScreenStateChanged(true)
04-05 18:22:06.153  2287  2287 D NfcService: Discovery configuration equal, not updating.
04-05 18:22:06.153   757   757 D NxpExtns: find found MIFARE_READER_ENABLE=(0x1)
04-05 18:22:06.153  1176  1210 W BroadcastQueue: Background execution not allowed: receiving Intent { act=android.intent.action.USER_PRESENT flg=0x24200010 } to com.google.android.gms/.auth.setup.devicesignals.LockScreenReceiver
04-05 18:22:06.153   757  2539 D NxpTml  : PN54X - Write requested.....
04-05 18:22:06.153   757  2539 D NxpTml  : PN54X - Invoking I2C Write.....
04-05 18:22:06.153  1176  1210 W BroadcastQueue: Background execution not allowed: receiving Intent { act=android.intent.action.USER_PRESENT flg=0x24200010 } to com.google.android.gms/.trustagent.UserPresentBroadcastReceiver
04-05 18:22:06.153  1176  1210 W BroadcastQueue: Background execution not allowed: receiving Intent { act=android.intent.action.USER_PRESENT flg=0x24200010 } to com.google.android.gms/.chimera.GmsIntentOperationService$PersistentTrustedReceiver
04-05 18:22:06.154   757  2538 D NxpTml  : PN54X - I2C Read successful.....
04-05 18:22:06.154   757  2538 D NxpTml  : Delay Read if write thread is busy
04-05 18:22:06.154   757  2539 D NxpNciX : len =   4 > 20090100
04-05 18:22:06.154   757  2539 D NxpTml  : PN54X - I2C Write successful.....
04-05 18:22:06.154   757  2539 D NxpTml  : PN54X - Posting Fresh Write message.....
04-05 18:22:06.154   757  2539 D NxpTml  : PN54X - Tml Writer Thread Running................
04-05 18:22:06.154   757  2541 D NxpHal  : write successful status = 0x0
04-05 18:22:06.156   757  2538 D NxpNciR : len =   4 > 40090100
04-05 18:22:06.156   757  2538 D NxpTml  : PN54X - Posting read message.....
04-05 18:22:06.156   757  2541 D NxpHal  : read successful status = 0x0
04-05 18:22:06.157   757  2538 D NxpTml  : PN54X - Read requested.....
04-05 18:22:06.157   757  2538 D NxpTml  : PN54X - Invoking I2C Read.....
04-05 18:22:06.157   757   757 D NxpExtns: find found MIFARE_READER_ENABLE=(0x1)
04-05 18:22:06.157   757  2539 D NxpTml  : PN54X - Write requested.....
04-05 18:22:06.157   757  2539 D NxpTml  : PN54X - Invoking I2C Write.....
04-05 18:22:06.159   757  2539 D NxpNciX : len =   7 > 20020401020101
04-05 18:22:06.159   757  2539 D NxpTml  : PN54X - I2C Write successful.....
04-05 18:22:06.159   757  2539 D NxpTml  : PN54X - Posting Fresh Write message.....
04-05 18:22:06.159   757  2539 D NxpTml  : PN54X - Tml Writer Thread Running................
04-05 18:22:06.159   757  2541 D NxpHal  : write successful status = 0x0
04-05 18:22:06.161   757  2538 D NxpTml  : PN54X - I2C Read successful.....
04-05 18:22:06.161   757  2538 D NxpNciR : len =   5 > 4002020000
04-05 18:22:06.161   757  2538 D NxpTml  : PN54X - Posting read message.....
04-05 18:22:06.161   757  2541 D NxpHal  : read successful status = 0x0
04-05 18:22:06.161   757  2541 D NxpHal  : phNxpNciHal_print_res_status: response status =STATUS_OK
04-05 18:22:06.161   757  2538 D NxpTml  : PN54X - Read requested.....
04-05 18:22:06.161   757  2538 D NxpTml  : PN54X - Invoking I2C Read.....
04-05 18:22:06.190  1176  1212 I ActivityManager: Start proc 8589:air.com.ubisoft.csi.HiddenCrimes/u0a327 for broadcast air.com.ubisoft.csi.HiddenCrimes/com.electron.mobilesdk.functions.DeviceLockStateListner
04-05 18:22:06.197  1608  1608 I Elmyra/ElmyraService: Unblocked; current action: LaunchOpa [mIsGestureEnabled -> true; mIsOpaEnabled -> true]
04-05 18:22:06.202  2358  5385 I CastDatabase: Opening the database
04-05 18:22:06.204  1608  1608 I Elmyra/ElmyraService: Unblocked; current action: LaunchOpa [mIsGestureEnabled -> true; mIsOpaEnabled -> true]
04-05 18:22:06.206  1176  4253 I WifiService: startScan uid=10015
04-05 18:22:06.208  2358  2358 I DiscoveryManager: WifiGuestModeDeviceScanner enabled.
04-05 18:22:06.208  1176  1405 E WifiScanRequestProxy: Scan failure received. reason: -1,description: not available
04-05 18:22:06.212  8589  8589 E si.HiddenCrime: Not starting debugger since process cannot load the jdwp agent.
04-05 18:22:06.238  7325  7325 I AppLifecycleTracker: onActivityStarted: 
04-05 18:22:06.239  7325  7325 I AppLifecycleTracker: App transition to foreground
04-05 18:22:06.242  8589  8589 I si.HiddenCrime: The ClassLoaderContext is a special shared library.
04-05 18:22:06.243  2358  5385 I SQLiteCastStore: 17 CastNetworkInfo instances loaded, 15 CastDeviceInfo instances loaded, 0 paired guest mode devices loaded.
04-05 18:22:06.266  8589  8589 W si.HiddenCrime: resources.arsc in APK '/data/app/air.com.ubisoft.csi.HiddenCrimes-Ojsq2Oo1_QbQcGbJD1Qeog==/base.apk' is compressed.
04-05 18:22:06.296  7325  7325 I Finsky  : [2] iri.a(23): FamilyOptions=30011=>[3]
04-05 18:22:06.303  7325  7325 I AppLifecycleTracker: onActivityResumed: 
04-05 18:22:06.303  1176  4018 W BroadcastQueue: Background execution not allowed: receiving Intent { act=android.intent.action.USER_PRESENT flg=0x24200010 } to com.estrongs.android.pop/.app.StartServiceReceiver
04-05 18:22:06.304  1176  1210 W BroadcastQueue: Background execution not allowed: receiving Intent { act=android.intent.action.USER_PRESENT flg=0x24200010 } to com.lenovo.anyshare.gps/com.lenovo.anyshare.app.DefaultReceiver
04-05 18:22:06.397  7325  7325 I Finsky  : [2] pxu.a(43): Skipping DFE self-update. Local Version [81426300] >= Server Version [-1]
04-05 18:22:06.483  8552  8578 W AiAi-AllApps: UserContextProviderImpl#Timeout when fetching the place info
04-05 18:22:06.607   602  1066 W SurfaceFlinger: Attempting to set client state on removed layer: Splash Screen com.android.vending#0
04-05 18:22:06.607   602  1066 W SurfaceFlinger: Attempting to destroy on removed layer: Splash Screen com.android.vending#0
04-05 18:22:06.634  8552  8578 D OpenGLRenderer: Skia GL Pipeline
04-05 18:22:06.661  8552  8578 W AiAi-AllApps: CandidateGeneratorHelper#Failed to generate candidate for # fev@a7bfe3a3
04-05 18:22:06.662  8552  8578 W AiAi-AllApps: CandidateGeneratorHelper#Failed to generate candidate for # fev@73c3a666
04-05 18:22:06.663  8552  8578 W AiAi-AllApps: CandidateGeneratorHelper#Failed to generate candidate for # fev@3b260223
04-05 18:22:06.664  8552  8578 W AiAi-AllApps: CandidateGeneratorHelper#Failed to generate candidate for # fev@c4bc27e1
04-05 18:22:06.667  1798  1949 E PhoneInterfaceManager: [PhoneIntfMgr] getIccId: No UICC
04-05 18:22:06.920  7325  7325 I PlayCommon: [2] adov.b(3): Not delivering error response for request=[[ ] https://android.clients.google.com/fdfe/api/userProfile 0xe8d195d1 NORMAL 28], error=[com.android.volley.NoConnectionError: org.chromium.net.impl.NetworkExceptionImpl: Exception in CronetUrlRequest: net::ERR_INTERNET_DISCONNECTED, ErrorCode=2, InternalErrorCode=-106, Retryable=false] because response already delivered.
04-05 18:22:07.621  1176  1341 I ActivityManager: START u0 {act=android.intent.action.MAIN cat=[android.intent.category.HOME] flg=0x10200000 cmp=com.google.android.apps.nexuslauncher/.NexusLauncherActivity (has extras)} from uid 1000
04-05 18:22:07.625  1608  1608 V StatusBar: mStatusBarWindow: com.android.systemui.statusbar.phone.StatusBarWindowView{9238d6e V.ED..... ........ 0,0-1080,63} canPanelBeCollapsed(): false
04-05 18:22:07.625   760   760 D android.hardware.power@1.2-service.wahoo-libperfmgr: LAUNCH ON
04-05 18:22:07.625  1608  1608 I vol.Events: writeEvent dismiss_dialog volume_controller
04-05 18:22:07.632  7325  7325 I AppLifecycleTracker: onActivityPaused: 
04-05 18:22:07.649  7325  7325 I AppLifecycleTracker: onActivitySaveInstanceState: 
04-05 18:22:07.653  2062  2635 W GCoreFlp: No location to return for getLastLocation()
04-05 18:22:07.654  7325  7325 I AppLifecycleTracker: onActivityStopped: 
04-05 18:22:07.655  7325  7325 I AppLifecycleTracker: App transition to background
04-05 18:22:07.660  7325  7325 V MediaPlayer: resetDrmState:  mDrmInfo=null mDrmProvisioningThread=null mPrepareDrmInProgress=false mActiveDrmScheme=false
04-05 18:22:07.660  7325  7325 V MediaPlayer: cleanDrmObj: mDrmObj=null mDrmSessionId=null
04-05 18:22:07.661   602  6760 D SurfaceFlinger: duplicate layer name: changing com.google.android.apps.nexuslauncher/com.google.android.apps.nexuslauncher.NexusLauncherActivity to com.google.android.apps.nexuslauncher/com.google.android.apps.nexuslauncher.NexusLauncherActivity#1
04-05 18:22:07.682  2583  2727 W ThreadPoolDumper: Queue length for executor EventBus is now 11. Perhaps some tasks are too long, or the pool is too small.
04-05 18:22:07.731   760   760 D android.hardware.power@1.2-service.wahoo-libperfmgr: LAUNCH OFF
04-05 18:22:07.750  2583  8598 W LocationOracle: No location history returned by ContextManager
04-05 18:22:07.753  2432  2450 W System  : A resource failed to call release. 
04-05 18:22:07.753  2432  2450 I chatty  : uid=10016(com.google.android.apps.nexuslauncher) FinalizerDaemon identical 2 lines
04-05 18:22:07.753  2432  2450 W System  : A resource failed to call release. 
04-05 18:22:07.757   742  1148 D sound_trigger_hw: stdev_start_recognition:[2] Enter
04-05 18:22:07.757   742  1148 D sound_trigger_hw: get_confidence_levels_payload: No smlib for uuid, sending opaque data
04-05 18:22:07.757   742  1148 D sound_trigger_hw: loaded_state_fn:[2] handle event id 2
04-05 18:22:07.757   742  1148 D sound_trigger_platform: platform_stdev_get_capture_device: available devices 0x80000004, device 0x80000004
04-05 18:22:07.757   742  1148 D sound_trigger_hw: start:[2] gcs start VA engine, enable 1 token 11
04-05 18:22:07.757   742  1148 D sound_trigger_hw: start:[2] calling gcs_enable with handle 2, non-persist cal 0xef9c2c20, sz 24
04-05 18:22:07.757   742  1148 D ACDB-LOADER: ACDB -> ACDB_WDSP_CMD_GET_SUBGRAPH_MODULE_CALIBRATION_SIZE
04-05 18:22:07.757   742  1148 D ACDB-LOADER: ACDB -> ACDB_WDSP_CMD_GET_SUBGRAPH_MODULE_CALIBRATION
04-05 18:22:07.757   742  1148 D ACDB-LOADER: ACDB -> ACDB_WDSP_CMD_GET_SUBGRAPH_MODULE_CALIBRATION_SIZE
04-05 18:22:07.757   742  1148 D ACDB-LOADER: ACDB -> ACDB_WDSP_CMD_GET_SUBGRAPH_MODULE_CALIBRATION
04-05 18:22:07.758   742  1148 D ACDB-LOADER: ACDB -> ACDB_WDSP_CMD_GET_SUBGRAPH_MODULE_CONNECTION_SIZE
04-05 18:22:07.758   742  1148 E         : gcs_get_sg_mod_conn_and_update_pld: subgraph mod conn size 0. Exiting
04-05 18:22:07.758   742  1148 D ACDB-LOADER: ACDB -> ACDB_WDSP_CMD_GET_SUBGRAPH_MODULE_CONNECTION_SIZE
04-05 18:22:07.758   742  1148 D ACDB-LOADER: ACDB -> ACDB_WDSP_CMD_GET_SUBGRAPH_MODULE_CONNECTION
04-05 18:22:07.758   742  1148 D ACDB-LOADER: ACDB -> ACDB_WDSP_CMD_GET_SUBGRAPH_CONNECTIONS_SIZE
04-05 18:22:07.758   742  1148 D ACDB-LOADER: ACDB -> ACDB_WDSP_CMD_GET_SUBGRAPHS_CONNECTION
04-05 18:22:07.758   742  1148 D ACDB-LOADER: ACDB -> ACDB_WDSP_CMD_GET_SUBGRAPH_CONNECTIONS_SIZE
04-05 18:22:07.758   742  1148 E         : __gcs_get_sg_conn_and_update_pld: subgraph conn size 0. Exiting
04-05 18:22:07.767   742  1148 D sound_trigger_hw: reg_hal_event_session: ST_EVENT_SESSION_REGISTER capture_handle 70 p_ses 0xef80a300
04-05 18:22:07.767   742  1148 D sound_trigger_hw: session[2]: loaded_state_fn ---> active_state_fn 
04-05 18:22:07.767   742  1148 D sound_trigger_hw: stdev_start_recognition:[2] Exit
04-05 18:22:07.768  1176  4253 I SoundTriggerHelper: startRecognition successful.
04-05 18:22:07.768  2271  2271 I GsaVoiceInteractionSrv: Start Hotword Recognition Status: true
04-05 18:22:07.770  2062  2635 W GCoreFlp: No location to return for getLastLocation()
04-05 18:22:07.787  2062  8147 W ctxmgr  : [AclManager]No 3 for (accnt=account#-564769447#, com.google.android.gms(10015):UserVelocityProducer, vrsn=16089037, 0, 3pPkg = null ,  3pMdlId = null ,  pid = 2062). Was: 2 for 1, account#-564769447# [CONTEXT service_id=47 ]
04-05 18:22:07.799  2062  2840 I PlaceInferenceEngine: [anon] Changed inference mode: 1
04-05 18:22:07.799  2062  2840 I PlaceInferenceEngine: [account#-29786098] Changed inference mode: 1
04-05 18:22:07.801  2062  2635 W GCoreFlp: No location to return for getLastLocation()
04-05 18:22:07.801  2062  2840 I PlaceInferenceEngine: [account#-564769447] Changed inference mode: 1
04-05 18:22:07.823  2062  2635 W GCoreFlp: No location to return for getLastLocation()
04-05 18:22:07.849  2062  2840 I Places  : ?: PlacesBleScanner start() with priority 2
04-05 18:22:07.849  2062  2840 I PlaceInferenceEngine: [anon] Changed inference mode: 1
04-05 18:22:07.849  2062  2840 I PlaceInferenceEngine: [account#-29786098] Changed inference mode: 1
04-05 18:22:07.849  2062  2840 I PlaceInferenceEngine: [account#-564769447] Changed inference mode: 1
04-05 18:22:07.852  2062  2635 W GCoreFlp: No location to return for getLastLocation()
04-05 18:22:07.854  2062  2062 I BeaconBle: Using BLE 'L' hardware layer
04-05 18:22:07.872  2062  2062 I BeaconBle: Client requested scan, settings=BleSettings [scanMode=ZERO_POWER, callbackType=ALL_MATCHES, reportDelayMillis=0, 1 filters, 0 clients, callingClientName=Places]
04-05 18:22:07.872  2062  2062 E BeaconBle: Scan couldn't start for Places
04-05 18:22:07.873  2062  2062 W Places  : BLE failure while scanning - code 5
04-05 18:22:07.937  1176  1341 I ActivityManager: START u0 {act=android.intent.action.MAIN cat=[android.intent.category.HOME] flg=0x10200000 cmp=com.google.android.apps.nexuslauncher/.NexusLauncherActivity (has extras)} from uid 1000
04-05 18:22:07.950  1608  1608 V StatusBar: mStatusBarWindow: com.android.systemui.statusbar.phone.StatusBarWindowView{9238d6e V.ED..... ........ 0,0-1080,63} canPanelBeCollapsed(): false
04-05 18:22:07.951  1608  1608 I vol.Events: writeEvent dismiss_dialog volume_controller
04-05 18:22:07.953  2062  2635 W GCoreFlp: No location to return for getLastLocation()
04-05 18:22:08.145   602  6760 W SurfaceFlinger: Attempting to set client state on removed layer: com.android.vending/com.android.vending.AssetBrowserActivity#0
04-05 18:22:08.145   602  6760 W SurfaceFlinger: Attempting to destroy on removed layer: com.android.vending/com.android.vending.AssetBrowserActivity#0
04-05 18:22:08.146   602  6760 W SurfaceFlinger: Attempting to set client state on removed layer: com.android.vending/com.android.vending.AssetBrowserActivity#0
04-05 18:22:08.146   602  6760 W SurfaceFlinger: Attempting to destroy on removed layer: com.android.vending/com.android.vending.AssetBrowserActivity#0
04-05 18:22:08.156  1176  2717 I OpenGLRenderer: Initialized EGL, version 1.4
04-05 18:22:08.156  1176  2717 D OpenGLRenderer: Swap behavior 1
04-05 18:22:10.054  2358  8488 W bxkx    : [{0}] Failed to resolve name. status={1}
04-05 18:22:15.399   937   937 I adbd    : Calling send_auth_request...
04-05 18:22:15.422   937   937 I adbd    : Loading keys from /data/misc/adb/adb_keys
04-05 18:22:15.430   937   937 I adbd    : adb client authorized
04-05 18:22:17.677  7325  8582 I Finsky  : [202] nun.b(1): Triggered update for experiment package com.google.android.finsky.stable.
04-05 18:22:17.700  7325  8582 W ProxyAndroidLoggerBackend: Too many Flogger logs received before configuration. Dropping old logs.
04-05 18:22:17.701  7325  8582 W ProxyAndroidLoggerBackend: Too many Flogger logs received before configuration. Dropping old logs.
04-05 18:22:17.701  7325  8582 I Finsky  : [202] nun.b(131): Already at the latest configurations for experiment package com.google.android.finsky.stable.
04-05 18:22:17.702  7325  8583 I Finsky  : [203] nun.b(1): Triggered update for experiment package com.google.android.finsky.regular.
04-05 18:22:17.708  7325  8583 W ProxyAndroidLoggerBackend: Too many Flogger logs received before configuration. Dropping old logs.
04-05 18:22:17.720  7325  7325 I Finsky  : [2] prq.b(7): Jobs in database: 1-1337 16-16161616 26-1414141414 
04-05 18:22:17.721  7325  7325 I Finsky  : [2] ppj.a(66): ConstraintMapping: 1-1337,  -> L: 12831435ms, D: 56031435ms, C: false, I: false, N: 1
04-05 18:22:17.722  7325  7325 I Finsky  : [2] ppj.a(66): ConstraintMapping: 16-16161616, 26-1414141414,  -> L: 59948ms, D: 59948ms, C: false, I: false, N: 0
04-05 18:22:17.727  7325  7325 I Finsky  : [2] com.google.android.finsky.scheduler.JobSchedulerEngine.a(40): Cancelling existing job with id: 9002
04-05 18:22:17.730  7325  7325 I Finsky  : [2] com.google.android.finsky.scheduler.JobSchedulerEngine.a(40): Cancelling existing job with id: 9003
04-05 18:22:17.734  7325  7325 I Finsky  : [2] com.google.android.finsky.scheduler.JobSchedulerEngine.a(4): Scheduling job Id: 9000, L: 12831435, D: 56031435, C: false, I: false, N: 1
04-05 18:22:17.736  7325  7325 I Finsky  : [2] com.google.android.finsky.scheduler.JobSchedulerEngine.a(4): Scheduling job Id: 9001, L: 59948, D: 59948, C: false, I: false, N: 0
04-05 18:22:17.737  7325  8583 W ProxyAndroidLoggerBackend: Too many Flogger logs received before configuration. Dropping old logs.
04-05 18:22:17.737  7325  8583 W ProxyAndroidLoggerBackend: Too many Flogger logs received before configuration. Dropping old logs.
04-05 18:22:17.738  7325  8583 I Finsky  : [203] nun.b(131): Already at the latest configurations for experiment package com.google.android.finsky.regular.
04-05 18:22:17.739  7325  8642 I Finsky  : [205] nun.b(1): Triggered update for experiment package com.google.android.finsky.regular.
04-05 18:22:17.749  7325  8642 W ProxyAndroidLoggerBackend: Too many Flogger logs received before configuration. Dropping old logs.
04-05 18:22:17.763  7325  8642 I chatty  : uid=10064(com.android.vending) identical 1 line
04-05 18:22:17.763  7325  8642 W ProxyAndroidLoggerBackend: Too many Flogger logs received before configuration. Dropping old logs.
04-05 18:22:17.764  7325  8642 I Finsky  : [205] nun.b(131): Already at the latest configurations for experiment package com.google.android.finsky.regular.
04-05 18:22:20.325  7768  7768 I chatty  : uid=10501(com.glgjing.stark) expire 10 lines
04-05 18:22:24.271   806   879 I chatty  : uid=1000(system) /vendor/bin/sensors.qcom expire 13 lines
04-05 18:22:35.515  2062  2635 W GCoreFlp: No location to return for getLastLocation()
04-05 18:22:37.687  2583  8666 I EventLogSendingHelper: Sending log events.
04-05 18:22:40.448  7768  7768 I chatty  : uid=10501(com.glgjing.stark) expire 10 lines
04-05 18:22:43.996   753   753 I /vendor/bin/hw/android.hardware.health@2.0-service.wahoo: SRAM data: 2790000
04-05 18:22:44.012  1798  1798 E QtiImsExtUtils: getConfigForPhoneId phoneId is invalid
04-05 18:22:44.012  1798  1798 E QtiImsExtUtils: isCarrierConfigEnabled bundle is null
04-05 18:22:55.050   753   753 I /vendor/bin/hw/android.hardware.health@2.0-service.wahoo: SRAM data: 2790000
04-05 18:22:55.083  1798  1798 E QtiImsExtUtils: getConfigForPhoneId phoneId is invalid
04-05 18:22:55.084  1798  1798 E QtiImsExtUtils: isCarrierConfigEnabled bundle is null
04-05 18:23:00.571  7768  7768 I chatty  : uid=10501(com.glgjing.stark) expire 15 lines
04-05 18:23:07.687  2583  8598 I EventLogSendingHelper: Sending log events.
04-05 18:23:22.861  2358  5385 I CastDatabase: Saving the database
04-05 18:23:22.942  2358  5385 I SQLiteCastStore: [CastNetworkInfo] saved: 17, skipped: 0, [CastDeviceInfo]: saved 15, skipped 0, [Paired Guest Mode DeviceInfo] saved: 0, skipped: 0. [ProbedNetworks]: saved 0, skipped: 0, [ProbedSocketAddress]: saved 15, skipped: 0, [Network-Device pairs]: saved: 77
04-05 18:23:30.751  7768  7768 I chatty  : uid=10501(com.glgjing.stark) expire 10 lines
04-05 18:23:40.982  7325  7325 I Finsky  : [2] com.google.android.finsky.scheduler.JobSchedulerEngine$PhoneskyJobSchedulerJobService.onStartJob(3): onJobSchedulerWakeup with jobId 9001
04-05 18:23:40.986  7325  7325 I Finsky  : [2] pqc.a(21): Scheduling fallback job with id: 9034, and delay: 43200000 ms
04-05 18:23:40.991  7325  7325 I Finsky  : [2] pqc.a(5): Scheduling fallback in 64799997 (absolute: 67255285)
04-05 18:23:41.003  7325  7325 I Finsky  : [2] pqk.handleMessage(10): DeviceState: DeviceState{currentTime=1554468820999, isCharging=true, isIdle=false, netAny=false, netNotRoaming=false, netUnmetered=false}
04-05 18:23:41.015  7325  8719 I Finsky  : [209] prq.b(7): Jobs in database: 1-1337 16-16161616 26-1414141414 
04-05 18:23:41.022  7325  7325 I Finsky  : [2] pqf.a(45): Running job: 16-16161616
04-05 18:23:41.024  7325  7325 I Finsky  : [2] pqk.handleMessage(81): RunningQueue size: 1, PendingQueue size: 0
04-05 18:23:41.024  7325  7325 I Finsky  : [2] pqk.handleMessage(90): Running queue: 16-16161616 
04-05 18:23:41.028  7325  8720 I Finsky  : [210] iyg.a(3): Flushing event logs for [vXfey1JRmRcx39y3B8m2HPfteb8]
04-05 18:23:41.029  7325  7372 I PlayCommon: [135] adkp.d(23): Preparing logs for uploading
04-05 18:23:41.030  7325  7372 I PlayCommon: [135] adkp.d(206): Connecting to server for timestamp: https://play.googleapis.com/play/log/timestamp
04-05 18:23:41.033  7325  7372 E PlayCommon: [135] adkp.d(287): Failed to connect to server for server timestamp: java.net.UnknownHostException: Unable to resolve host "play.googleapis.com": No address associated with hostname
04-05 18:23:41.035  7325  7372 I PlayCommon: [135] adkp.d(114): Connecting to server: https://play.googleapis.com/play/log?format=raw&proto_v2=true
04-05 18:23:41.036  7325  7372 E PlayCommon: [135] adkp.d(265): Failed to connect to server: java.net.UnknownHostException: Unable to resolve host "play.googleapis.com": No address associated with hostname
04-05 18:23:41.039  7325  8720 I Finsky  : [210] prl.b(15): jobFinished: 16-16161616. TimeElapsed: 16ms
04-05 18:23:41.041  7325  7325 I Finsky  : [2] pqf.a(10): Job 16-16161616 finished
04-05 18:23:41.042  7325  7325 I Finsky  : [2] pqk.handleMessage(81): RunningQueue size: 0, PendingQueue size: 0
04-05 18:23:41.042  7325  7325 I Finsky  : [2] pqk.handleMessage(27): Executor finished
04-05 18:23:41.056  7325  7325 I Finsky  : [2] prq.b(7): Jobs in database: 1-1337 26-1414141414 
04-05 18:23:41.057  7325  7325 I Finsky  : [2] ppj.a(66): ConstraintMapping: 1-1337,  -> L: 12748100ms, D: 55948100ms, C: false, I: false, N: 1
04-05 18:23:41.058  7325  7325 I Finsky  : [2] ppj.a(66): ConstraintMapping: 26-1414141414,  -> L: 22173718ms, D: 23073718ms, C: false, I: false, N: 0
04-05 18:23:41.060  7325  7325 I Finsky  : [2] com.google.android.finsky.scheduler.JobSchedulerEngine.a(40): Cancelling existing job with id: 9000
04-05 18:23:41.061  7325  7325 I Finsky  : [2] com.google.android.finsky.scheduler.JobSchedulerEngine.a(4): Scheduling job Id: 9002, L: 12748100, D: 55948100, C: false, I: false, N: 1
04-05 18:23:41.063  7325  7325 I Finsky  : [2] com.google.android.finsky.scheduler.JobSchedulerEngine.a(4): Scheduling job Id: 9003, L: 22173718, D: 23073718, C: false, I: false, N: 0
04-05 18:23:43.578   742  1130 I         : gcs_event_cb_handler: Event received, MID = 402653185, IID = 1, PID = 76841
04-05 18:23:43.579   742  1130 I         : gcs_event_cb_handler: Event payload = 0xf0d9000c, payload_size = 12
04-05 18:23:43.579   742  1130 I         : gcs_dispatch_event: Event found in graph_handle = 1
04-05 18:23:43.579   742  1130 D sound_trigger_hw: gcs_event_cb: Enter...
04-05 18:23:43.579   742  1130 I         : gcs_dispatch_event: Event found in graph_handle = 2
04-05 18:23:43.579   742  1130 D sound_trigger_hw: gcs_event_cb: Enter...
04-05 18:23:43.579   742  1130 I         : gcs_event_cb_handler: Found 2 match for event = 76841
04-05 18:23:43.581   742  5297 D sound_trigger_hw: active_state_fn:[1] handle event id 5
04-05 18:23:43.582   742  5297 I sound_trigger_hw: process_detection_event_generic:[1]
04-05 18:23:43.582   742  5297 D sound_trigger_hw: session[1]: active_state_fn ---> buffering_state_fn 
04-05 18:23:43.582   742  5297 D sound_trigger_hw: active_state_fn:[1] invoking the client callback
04-05 18:23:43.586   742  5297 D sound_trigger_hw: process_lab_capture: issuing gcs_start_buff_xfer
04-05 18:23:43.586   742  5297 D ACDB-LOADER: ACDB -> ACDB_WDSP_CMD_GET_SUBGRAPH_MODULE_CALIBRATION_SIZE
04-05 18:23:43.586   742  5297 D ACDB-LOADER: ACDB -> ACDB_WDSP_CMD_GET_SUBGRAPH_MODULE_CALIBRATION
04-05 18:23:43.587   742  5297 D ACDB-LOADER: ACDB -> ACDB_WDSP_CMD_GET_SUBGRAPH_MODULE_CONNECTION_SIZE
04-05 18:23:43.587   742  5297 E         : gcs_get_sg_mod_conn_and_update_pld: subgraph mod conn size 0. Exiting
04-05 18:23:43.587   742  5297 D ACDB-LOADER: ACDB -> ACDB_WDSP_CMD_GET_SUBGRAPH_CONNECTIONS_SIZE
04-05 18:23:43.587   742  5297 E         : __gcs_get_sg_conn_and_update_pld: subgraph conn size 0. Exiting
04-05 18:23:43.587   742  5297 D ACDB-LOADER: ACDB -> ACDB_WDSP_CMD_GET_SUBGRAPH_CONNECTIONS_SIZE
04-05 18:23:43.587   742  5297 E         : __gcs_get_sg_conn_and_update_pld: subgraph conn size 0. Exiting
04-05 18:23:43.587   742  5297 D ACDB-LOADER: ACDB -> ACDB_WDSP_CMD_GET_SUBGRAPH_CONNECTIONS_SIZE
04-05 18:23:43.587   742  5297 E         : __gcs_get_sg_conn_and_update_pld: subgraph conn size 0. Exiting
04-05 18:23:43.587   742  5297 D ACDB-LOADER: ACDB -> ACDB_WDSP_CMD_GET_SUBGRAPH_CONNECTIONS_SIZE
04-05 18:23:43.587   742  5297 D ACDB-LOADER: ACDB -> ACDB_WDSP_CMD_GET_SUBGRAPHS_CONNECTION
04-05 18:23:43.591  1176  1176 V SoundTriggerService: 9f6ad62a-1f0b-11e7-87c5-40a8f03d3f15: Generic sound trigger event: GenericRecognitionEvent ::RecognitionEvent [status=0, soundModelHandle=1, captureAvailable=true, captureSession=9, captureDelayMs=0, capturePreambleMs=0, triggerInData=false, sampleRate=16000, encoding=2, channelMask=16, data=0]
04-05 18:23:43.603  1176  1176 V SoundTriggerService: 9f6ad62a-1f0b-11e7-87c5-40a8f03d3f15: onServiceConnected(android.os.BinderProxy@6244b69)
04-05 18:23:43.604  1176  1176 V SoundTriggerService: 9f6ad62a-1f0b-11e7-87c5-40a8f03d3f15: runOp 0
04-05 18:23:43.631   742  1148 W DeviceHAL: Error from HAL Device in function open_input_stream: Invalid argument
04-05 18:23:43.636   843  8724 I AudioFlinger: AudioFlinger's thread 0xeca8a9c0 tid=8724 ready to run
04-05 18:23:43.654   742  1148 D sound_trigger_hw: stdev_stop_recognition:[2] Enter
04-05 18:23:43.654   742  1148 D sound_trigger_hw: active_state_fn:[2] handle event id 7
04-05 18:23:43.654   742  1148 D sound_trigger_hw: active_state_fn:[2] unhandled event
04-05 18:23:43.654   742  1148 D sound_trigger_hw: active_state_fn:[2] handle event id 4
04-05 18:23:43.654   742  1148 D sound_trigger_hw: dereg_hal_event_session: ST_EVENT_SESSION_DEREGISTER capture_handle 70 p_ses 0xef80a300
04-05 18:23:43.654   742  1148 D sound_trigger_hw: stop:[2] gcs stop VA engine, size=24
04-05 18:23:43.674   742  1148 D sound_trigger_hw: stop:[2] calling gcs_disable with handle 2
04-05 18:23:43.674   742  1148 E         : __gcs_disable_update_pld: sgt_array[i] = 0x1
04-05 18:23:43.674   742  1148 E         : __gcs_disable_update_pld: sgt_array[i] = 0x2
04-05 18:23:43.721   742  1148 D sound_trigger_hw: session[2]: active_state_fn ---> loaded_state_fn 
04-05 18:23:43.721   742  1148 D sound_trigger_hw: stdev_stop_recognition:[2] Exit status 0
04-05 18:23:43.727  1176  1176 W SoundTriggerHelper: Recognition aborted
04-05 18:23:43.726  2454  2454 I AmbientMusicDetector: Received music trigger: 'RecognitionEvent{data=null, captureSession=9, captureFormat=AudioFormat: props=7 enc=2 chan=0x10 chan_index=0x0 rate=16000}'
04-05 18:23:43.728  2271  2301 I AlwaysOnHotwordDetector: onRecognitionPaused
04-05 18:23:44.278  2454  2623 I AmbientMusicDetector: Received music trigger with last matched track ID: 0
04-05 18:23:44.293   742  1148 D sound_trigger_hw: buffering_state_fn:[1] handle event id 7
04-05 18:23:44.293   742  5297 D sound_trigger_hw: process_lab_capture:[1] calling gcs_stop_buff_xfer 
04-05 18:23:44.326   742  1148 D sound_trigger_hw: dereg_hal_event_session: ST_EVENT_SESSION_DEREGISTER capture_handle 62 p_ses 0xef80a280
04-05 18:23:44.327   742  1148 D sound_trigger_hw: stop:[1] gcs stop VA engine, size=24
04-05 18:23:44.349   742  1148 D sound_trigger_hw: stop:[1] calling gcs_disable with handle 1
04-05 18:23:44.349   742  1148 E         : __gcs_disable_update_pld: sgt_array[i] = 0x1
04-05 18:23:44.349   742  1148 E         : __gcs_disable_update_pld: sgt_array[i] = 0x2
04-05 18:23:44.375   742  1148 D sound_trigger_hw: set_device: disable device (1) = listen-cpe-handset-mic
04-05 18:23:44.380   742  1148 D sound_trigger_hw: session[1]: buffering_state_fn ---> loaded_state_fn 
04-05 18:23:44.380   742  1148 D sound_trigger_platform: platform_stdev_get_capture_device: available devices 0x80000004, device 0x80000004
04-05 18:23:44.393   742  1148 D sound_trigger_hw: stdev_start_recognition:[2] Enter
04-05 18:23:44.393   742  1148 D sound_trigger_hw: get_confidence_levels_payload: No smlib for uuid, sending opaque data
04-05 18:23:44.393   742  1148 D sound_trigger_hw: loaded_state_fn:[2] handle event id 2
04-05 18:23:44.393   742  1148 D sound_trigger_platform: platform_stdev_get_capture_device: available devices 0x80000004, device 0x80000004
04-05 18:23:44.393   742  1148 D sound_trigger_platform: platform_stdev_get_device_sample_rate: sample rate 48000
04-05 18:23:44.393   742  1148 D sound_trigger_platform: platform_stdev_send_hwmad_cal: previous acdb_id 128 matches new acdb_id 128 return
04-05 18:23:44.393   742  1148 D sound_trigger_platform: platform_stdev_send_calibration: sending device calibration for device(1) acdb_id(128)
04-05 18:23:44.394   742  1148 D ACDB-LOADER: ACDB -> GET_AFE_TOPOLOGY_ID for adcd_id 128, Topology Id 12e19
04-05 18:23:44.394   742  1148 D sound_trigger_hw: set_device: enable device (1) = listen-cpe-handset-mic
04-05 18:23:44.394   742  1148 D audio_route: Apply path: listen-cpe-handset-mic
04-05 18:23:44.420   742  1148 D sound_trigger_hw: start:[2] gcs start VA engine, enable 1 token 12
04-05 18:23:44.420   742  1148 D sound_trigger_hw: start:[2] calling gcs_enable with handle 2, non-persist cal 0xef9c2c20, sz 24
04-05 18:23:44.420   742  1148 D ACDB-LOADER: ACDB -> ACDB_WDSP_CMD_GET_SUBGRAPH_MODULE_CALIBRATION_SIZE
04-05 18:23:44.420   742  1148 D ACDB-LOADER: ACDB -> ACDB_WDSP_CMD_GET_SUBGRAPH_MODULE_CALIBRATION
04-05 18:23:44.420   742  1148 D ACDB-LOADER: ACDB -> ACDB_WDSP_CMD_GET_SUBGRAPH_MODULE_CALIBRATION_SIZE
04-05 18:23:44.420   742  1148 D ACDB-LOADER: ACDB -> ACDB_WDSP_CMD_GET_SUBGRAPH_MODULE_CALIBRATION
04-05 18:23:44.420   742  1148 D ACDB-LOADER: ACDB -> ACDB_WDSP_CMD_GET_SUBGRAPH_MODULE_CONNECTION_SIZE
04-05 18:23:44.420   742  1148 E         : gcs_get_sg_mod_conn_and_update_pld: subgraph mod conn size 0. Exiting
04-05 18:23:44.420   742  1148 D ACDB-LOADER: ACDB -> ACDB_WDSP_CMD_GET_SUBGRAPH_MODULE_CONNECTION_SIZE
04-05 18:23:44.420   742  1148 D ACDB-LOADER: ACDB -> ACDB_WDSP_CMD_GET_SUBGRAPH_MODULE_CONNECTION
04-05 18:23:44.420   742  1148 D ACDB-LOADER: ACDB -> ACDB_WDSP_CMD_GET_SUBGRAPH_CONNECTIONS_SIZE
04-05 18:23:44.420   742  1148 D ACDB-LOADER: ACDB -> ACDB_WDSP_CMD_GET_SUBGRAPHS_CONNECTION
04-05 18:23:44.420   742  1148 D ACDB-LOADER: ACDB -> ACDB_WDSP_CMD_GET_SUBGRAPH_CONNECTIONS_SIZE
04-05 18:23:44.420   742  1148 E         : __gcs_get_sg_conn_and_update_pld: subgraph conn size 0. Exiting
04-05 18:23:44.436   742  1148 D sound_trigger_hw: reg_hal_event_session: ST_EVENT_SESSION_REGISTER capture_handle 70 p_ses 0xef80a300
04-05 18:23:44.436   742  1148 D sound_trigger_hw: session[2]: loaded_state_fn ---> active_state_fn 
04-05 18:23:44.436   742  1148 D sound_trigger_hw: stdev_start_recognition:[2] Exit
04-05 18:23:44.436  1176  1176 I SoundTriggerHelper: startRecognition successful.
04-05 18:23:44.437  2271  2301 I AlwaysOnHotwordDetector: onRecognitionResumed
04-05 18:23:44.881  2454  2623 W native  : tree_candidate_lookup.cc:73 Tree leaf 23 missing from database.
04-05 18:23:44.882  2454  2623 W native  : tree_candidate_lookup.cc:73 Tree leaf 805 missing from database.
04-05 18:23:44.932  1608  1608 W AlarmManager: Unrecognized alarm listener com.google.android.systemui.ambientmusic.-$$Lambda$233VTYdTPnXeK9qfyRcfaOtUEbE@958ba48
04-05 18:23:44.933  2454  2623 I MusicRecognitionHandler: Music not recognized. Nearest match (-8.328658103942871): Twfoli75hxizw7wwqiofmi5u5je
04-05 18:23:44.944  1176  1200 V SoundTriggerService: 9f6ad62a-1f0b-11e7-87c5-40a8f03d3f15: destroy
04-05 18:23:44.944  2454  2630 I SoundTriggerManagerComp: Starting model 9f6ad62a-1f0b-11e7-87c5-40a8f03d3f15
04-05 18:23:44.945  1176  4253 I SoundTriggerService: startRecognition(): id = 9f6ad62a-1f0b-11e7-87c5-40a8f03d3f15
04-05 18:23:44.945  1176  4253 W SoundTriggerHelper: Canceling previous recognition for model id: 9f6ad62a-1f0b-11e7-87c5-40a8f03d3f15
04-05 18:23:44.945  1176  4253 V SoundTriggerService: 9f6ad62a-1f0b-11e7-87c5-40a8f03d3f15: onError: -2147483648
04-05 18:23:44.946  1176  4253 W SoundTriggerService: 9f6ad62a-1f0b-11e7-87c5-40a8f03d3f15: Dropped operation as already destroyed or marked for destruction
04-05 18:23:44.948   742  1148 D sound_trigger_hw: stdev_start_recognition:[1] Enter
04-05 18:23:44.948   742  1148 D sound_trigger_hw: loaded_state_fn:[1] handle event id 2
04-05 18:23:44.948   742  1148 D sound_trigger_platform: platform_stdev_get_capture_device: available devices 0x80000004, device 0x80000004
04-05 18:23:44.948   742  1148 D sound_trigger_hw: start:[1] gcs start VA engine, enable 1 token 13
04-05 18:23:44.948   742  1148 D sound_trigger_hw: start:[1] calling gcs_enable with handle 1, non-persist cal 0xef9c2cb0, sz 24
04-05 18:23:44.948   742  1148 D ACDB-LOADER: ACDB -> ACDB_WDSP_CMD_GET_SUBGRAPH_MODULE_CALIBRATION_SIZE
04-05 18:23:44.948   742  1148 D ACDB-LOADER: ACDB -> ACDB_WDSP_CMD_GET_SUBGRAPH_MODULE_CALIBRATION
04-05 18:23:44.948   742  1148 D ACDB-LOADER: ACDB -> ACDB_WDSP_CMD_GET_SUBGRAPH_MODULE_CALIBRATION_SIZE
04-05 18:23:44.948   742  1148 D ACDB-LOADER: ACDB -> ACDB_WDSP_CMD_GET_SUBGRAPH_MODULE_CALIBRATION
04-05 18:23:44.948   742  1148 D ACDB-LOADER: ACDB -> ACDB_WDSP_CMD_GET_SUBGRAPH_MODULE_CONNECTION_SIZE
04-05 18:23:44.948   742  1148 E         : gcs_get_sg_mod_conn_and_update_pld: subgraph mod conn size 0. Exiting
04-05 18:23:44.948   742  1148 D ACDB-LOADER: ACDB -> ACDB_WDSP_CMD_GET_SUBGRAPH_MODULE_CONNECTION_SIZE
04-05 18:23:44.948   742  1148 D ACDB-LOADER: ACDB -> ACDB_WDSP_CMD_GET_SUBGRAPH_MODULE_CONNECTION
04-05 18:23:44.948   742  1148 D ACDB-LOADER: ACDB -> ACDB_WDSP_CMD_GET_SUBGRAPH_CONNECTIONS_SIZE
04-05 18:23:44.948   742  1148 D ACDB-LOADER: ACDB -> ACDB_WDSP_CMD_GET_SUBGRAPHS_CONNECTION
04-05 18:23:44.948   742  1148 D ACDB-LOADER: ACDB -> ACDB_WDSP_CMD_GET_SUBGRAPH_CONNECTIONS_SIZE
04-05 18:23:44.948   742  1148 E         : __gcs_get_sg_conn_and_update_pld: subgraph conn size 0. Exiting
04-05 18:23:44.954   742  1148 D sound_trigger_hw: reg_hal_event_session: ST_EVENT_SESSION_REGISTER capture_handle 62 p_ses 0xef80a280
04-05 18:23:44.954   742  1148 D sound_trigger_hw: session[1]: loaded_state_fn ---> active_state_fn 
04-05 18:23:44.954   742  1148 D sound_trigger_hw: stdev_start_recognition:[1] Exit
04-05 18:23:44.954  1176  4253 I SoundTriggerHelper: startRecognition successful.
04-05 18:23:45.166  1176  1209 I UsageStatsService: User[0] Flushing usage stats to disk
04-05 18:23:47.308  7325  7344 I Finsky  : [115] ifl.run(3): Stats for Executor: BlockingExecutor igw@f929820[Running, pool size = 1, active threads = 0, queued tasks = 0, completed tasks = 10]
04-05 18:23:47.308  7325  7344 I Finsky  : [115] ifl.run(3): Stats for Executor: LightweightExecutor igw@484b5d9[Running, pool size = 4, active threads = 0, queued tasks = 0, completed tasks = 61]
04-05 18:23:47.427  7325  7344 I Finsky  : [115] ifl.run(3): Stats for Executor: bgExecutor igw@abfbb9e[Running, pool size = 4, active threads = 0, queued tasks = 0, completed tasks = 35]
04-05 18:23:50.875  7768  7768 I chatty  : uid=10501(com.glgjing.stark) expire 10 lines
04-05 18:23:55.049   753   753 I /vendor/bin/hw/android.hardware.health@2.0-service.wahoo: SRAM data: 2790000
04-05 18:23:55.088  1798  1798 E QtiImsExtUtils: getConfigForPhoneId phoneId is invalid
04-05 18:23:55.088  1798  1798 E QtiImsExtUtils: isCarrierConfigEnabled bundle is null
04-05 18:23:55.088  1176  1210 I ActivityManager: Killing 4047:com.google.android.apps.photos/u0a88 (adj 904): empty for 1803s
04-05 18:23:55.095  1176  1213 W libprocessgroup: kill(-4047, 9) failed: No such process
04-05 18:23:55.108   763  2185 I android.hardware.usb.gadget@1.0-service.wahoo: event=1 on fd=16
04-05 18:23:55.121   711   711 I Zygote  : Process 4047 exited due to signal (9)
04-05 18:23:55.139  1176  1213 W libprocessgroup: kill(-4047, 9) failed: No such process
04-05 18:23:55.139  1176  1213 I libprocessgroup: Successfully killed process cgroup uid 10088 pid 4047 in 45ms
04-05 18:24:00.385  2358  8730 W bxkx    : [{0}] Failed to resolve name. status={1}
04-05 18:24:04.381  2358  8730 W bxkx    : [{0}] Failed to resolve name. status={1}
04-05 18:24:05.305   806   879 I chatty  : uid=1000(system) /vendor/bin/sensors.qcom expire 12 lines
04-05 18:24:11.001  7768  7768 I chatty  : uid=10501(com.glgjing.stark) expire 20 lines
04-05 18:24:47.725  7325  7372 I PlayCommon: [135] adkp.d(23): Preparing logs for uploading
04-05 18:24:47.730  7325  7372 I PlayCommon: [135] adkp.d(206): Connecting to server for timestamp: https://play.googleapis.com/play/log/timestamp
04-05 18:24:47.738  7325  7372 E PlayCommon: [135] adkp.d(287): Failed to connect to server for server timestamp: java.net.UnknownHostException: Unable to resolve host "play.googleapis.com": No address associated with hostname
04-05 18:24:47.746  7325  7372 I PlayCommon: [135] adkp.d(114): Connecting to server: https://play.googleapis.com/play/log?format=raw&proto_v2=true
04-05 18:24:47.747  7325  7372 E PlayCommon: [135] adkp.d(265): Failed to connect to server: java.net.UnknownHostException: Unable to resolve host "play.googleapis.com": No address associated with hostname
04-05 18:24:51.191  7768  7768 I chatty  : uid=10501(com.glgjing.stark) expire 35 lines
04-05 18:24:55.048   753   753 I /vendor/bin/hw/android.hardware.health@2.0-service.wahoo: SRAM data: 2790000
04-05 18:24:55.081  1798  1798 E QtiImsExtUtils: getConfigForPhoneId phoneId is invalid
04-05 18:24:55.082  1798  1798 E QtiImsExtUtils: isCarrierConfigEnabled bundle is null
04-05 18:25:13.891   742  1130 I         : gcs_event_cb_handler: Event received, MID = 402653185, IID = 1, PID = 76841
04-05 18:25:13.891   742  1130 I         : gcs_event_cb_handler: Event payload = 0xf0d9000c, payload_size = 12
04-05 18:25:13.891   742  1130 I         : gcs_dispatch_event: Event found in graph_handle = 1
04-05 18:25:13.891   742  1130 D sound_trigger_hw: gcs_event_cb: Enter...
04-05 18:25:13.891   742  1130 I         : gcs_dispatch_event: Event found in graph_handle = 2
04-05 18:25:13.891   742  1130 D sound_trigger_hw: gcs_event_cb: Enter...
04-05 18:25:13.891   742  5297 D sound_trigger_hw: active_state_fn:[1] handle event id 5
04-05 18:25:13.891   742  1130 I         : gcs_event_cb_handler: Found 2 match for event = 76841
04-05 18:25:13.892   742  5297 I sound_trigger_hw: process_detection_event_generic:[1]
04-05 18:25:13.892   742  5297 D sound_trigger_hw: session[1]: active_state_fn ---> buffering_state_fn 
04-05 18:25:13.892   742  5297 D sound_trigger_hw: active_state_fn:[1] invoking the client callback
04-05 18:25:13.893   742  5297 D sound_trigger_hw: process_lab_capture: issuing gcs_start_buff_xfer
04-05 18:25:13.893   742  5297 D ACDB-LOADER: ACDB -> ACDB_WDSP_CMD_GET_SUBGRAPH_MODULE_CALIBRATION_SIZE
04-05 18:25:13.893   742  5297 D ACDB-LOADER: ACDB -> ACDB_WDSP_CMD_GET_SUBGRAPH_MODULE_CALIBRATION
04-05 18:25:13.893   742  5297 D ACDB-LOADER: ACDB -> ACDB_WDSP_CMD_GET_SUBGRAPH_MODULE_CONNECTION_SIZE
04-05 18:25:13.893   742  5297 E         : gcs_get_sg_mod_conn_and_update_pld: subgraph mod conn size 0. Exiting
04-05 18:25:13.893   742  5297 D ACDB-LOADER: ACDB -> ACDB_WDSP_CMD_GET_SUBGRAPH_CONNECTIONS_SIZE
04-05 18:25:13.893   742  5297 E         : __gcs_get_sg_conn_and_update_pld: subgraph conn size 0. Exiting
04-05 18:25:13.893   742  5297 D ACDB-LOADER: ACDB -> ACDB_WDSP_CMD_GET_SUBGRAPH_CONNECTIONS_SIZE
04-05 18:25:13.893   742  5297 E         : __gcs_get_sg_conn_and_update_pld: subgraph conn size 0. Exiting
04-05 18:25:13.893   742  5297 D ACDB-LOADER: ACDB -> ACDB_WDSP_CMD_GET_SUBGRAPH_CONNECTIONS_SIZE
04-05 18:25:13.893   742  5297 E         : __gcs_get_sg_conn_and_update_pld: subgraph conn size 0. Exiting
04-05 18:25:13.893   742  5297 D ACDB-LOADER: ACDB -> ACDB_WDSP_CMD_GET_SUBGRAPH_CONNECTIONS_SIZE
04-05 18:25:13.893   742  5297 D ACDB-LOADER: ACDB -> ACDB_WDSP_CMD_GET_SUBGRAPHS_CONNECTION
04-05 18:25:13.900  1176  1176 V SoundTriggerService: 9f6ad62a-1f0b-11e7-87c5-40a8f03d3f15: Generic sound trigger event: GenericRecognitionEvent ::RecognitionEvent [status=0, soundModelHandle=1, captureAvailable=true, captureSession=9, captureDelayMs=0, capturePreambleMs=0, triggerInData=false, sampleRate=16000, encoding=2, channelMask=16, data=0]
04-05 18:25:13.914  1176  1176 V SoundTriggerService: 9f6ad62a-1f0b-11e7-87c5-40a8f03d3f15: onServiceConnected(android.os.BinderProxy@af83613)
04-05 18:25:13.915  1176  1176 V SoundTriggerService: 9f6ad62a-1f0b-11e7-87c5-40a8f03d3f15: runOp 0
04-05 18:25:13.925   742  1148 W DeviceHAL: Error from HAL Device in function open_input_stream: Invalid argument
04-05 18:25:13.932   843  8747 I AudioFlinger: AudioFlinger's thread 0xeb490740 tid=8747 ready to run
04-05 18:25:13.943   742  1148 D sound_trigger_hw: stdev_stop_recognition:[2] Enter
04-05 18:25:13.943   742  1148 D sound_trigger_hw: active_state_fn:[2] handle event id 7
04-05 18:25:13.943   742  1148 D sound_trigger_hw: active_state_fn:[2] unhandled event
04-05 18:25:13.943   742  1148 D sound_trigger_hw: active_state_fn:[2] handle event id 4
04-05 18:25:13.943   742  1148 D sound_trigger_hw: dereg_hal_event_session: ST_EVENT_SESSION_DEREGISTER capture_handle 70 p_ses 0xef80a300
04-05 18:25:13.943   742  1148 D sound_trigger_hw: stop:[2] gcs stop VA engine, size=24
04-05 18:25:13.971   742  1148 D sound_trigger_hw: stop:[2] calling gcs_disable with handle 2
04-05 18:25:13.971   742  1148 E         : __gcs_disable_update_pld: sgt_array[i] = 0x1
04-05 18:25:13.971   742  1148 E         : __gcs_disable_update_pld: sgt_array[i] = 0x2
04-05 18:25:14.009   742  1148 D sound_trigger_hw: session[2]: active_state_fn ---> loaded_state_fn 
04-05 18:25:14.009   742  1148 D sound_trigger_hw: stdev_stop_recognition:[2] Exit status 0
04-05 18:25:14.011  2454  2454 I AmbientMusicDetector: Received music trigger: 'RecognitionEvent{data=null, captureSession=9, captureFormat=AudioFormat: props=7 enc=2 chan=0x10 chan_index=0x0 rate=16000}'
04-05 18:25:14.013  1176  1176 W SoundTriggerHelper: Recognition aborted
04-05 18:25:14.015  2271  2301 I AlwaysOnHotwordDetector: onRecognitionPaused
04-05 18:25:14.644  2454  2630 I AmbientMusicDetector: Received music trigger with last matched track ID: 0
04-05 18:25:14.657   742  1148 D sound_trigger_hw: buffering_state_fn:[1] handle event id 7
04-05 18:25:14.657   742  5297 D sound_trigger_hw: process_lab_capture:[1] calling gcs_stop_buff_xfer 
