04-05 18:14:00.330  3261  7921 E AS.AppCacheManager: 18:14:00.329[119] null
04-05 18:14:00.330  3261  7921 E AS.AppCacheManager: 18:14:00.330[119] null
04-05 18:14:00.330  3261  7921 E AS.AppCacheManager: 18:14:00.330[119] null
04-05 18:14:00.331  3261  7921 E AS.AppCacheManager: 18:14:00.331[119] null
04-05 18:14:00.332  3261  7921 E AS.AppCacheManager: 18:14:00.331[119] null
04-05 18:14:00.332  3261  7921 E AS.AppCacheManager: 18:14:00.332[119] null
04-05 18:14:00.332  3261  7921 E AS.AppCacheManager: 18:14:00.332[119] null
04-05 18:14:00.338  3261  7921 E AS.AppCacheManager: 18:14:00.338[119] null
04-05 18:14:00.339  3261  7921 E AS.AppCacheManager: 18:14:00.338[119] null
04-05 18:14:00.339  3261  7921 E AS.AppCacheManager: 18:14:00.339[119] null
04-05 18:14:00.340  3261  7921 E AS.AppCacheManager: 18:14:00.339[119] null
04-05 18:14:00.340  3261  7921 E AS.AppCacheManager: 18:14:00.340[119] null
04-05 18:14:00.340  3261  7921 E AS.AppCacheManager: 18:14:00.340[119] null
04-05 18:14:00.341  3261  7921 E AS.AppCacheManager: 18:14:00.341[119] null
04-05 18:14:00.341  3261  7921 E AS.AppCacheManager: 18:14:00.341[119] null
04-05 18:14:00.342  3261  7921 E AS.AppCacheManager: 18:14:00.342[119] null
04-05 18:14:00.342  3261  7921 E AS.AppCacheManager: 18:14:00.342[119] null
04-05 18:14:00.346  3261  7921 E AS.AppCacheManager: 18:14:00.345[119] null
04-05 18:14:00.346  3261  7921 E AS.AppCacheManager: 18:14:00.346[119] null
04-05 18:14:00.347  3261  7921 E AS.AppCacheManager: 18:14:00.346[119] null
04-05 18:14:00.347  3261  7921 E AS.AppCacheManager: 18:14:00.347[119] null
04-05 18:14:00.348  3261  7921 E AS.AppCacheManager: 18:14:00.347[119] null
04-05 18:14:00.348  3261  7921 E AS.AppCacheManager: 18:14:00.348[119] null
04-05 18:14:00.349  3261  7921 E AS.AppCacheManager: 18:14:00.348[119] null
04-05 18:14:00.349  3261  7921 E AS.AppCacheManager: 18:14:00.349[119] null
04-05 18:14:00.349  3261  7921 E AS.AppCacheManager: 18:14:00.349[119] null
04-05 18:14:00.350  3261  7921 E AS.AppCacheManager: 18:14:00.350[119] null
04-05 18:14:00.351  3261  7921 E AS.AppCacheManager: 18:14:00.350[119] null
04-05 18:14:00.351  3261  7921 E AS.AppCacheManager: 18:14:00.351[119] null
04-05 18:14:00.351  3261  7921 E AS.AppCacheManager: 18:14:00.351[119] null
04-05 18:14:00.361  3261  7921 E AS.AppCacheManager: 18:14:00.361[119] null
04-05 18:14:00.362  3261  7921 E AS.AppCacheManager: 18:14:00.361[119] null
04-05 18:14:00.534  2062  2072 I .gms.persisten: Background concurrent copying GC freed 169417(8MB) AllocSpace objects, 19(916KB) LOS objects, 49% free, 9MB/18MB, paused 243us total 110.296ms
04-05 18:14:15.414  1176  1210 W BroadcastQueue: Background execution not allowed: receiving Intent { act=com.d.cannon.action.PLAY flg=0x30 } to com.estrongs.android.pop/com.d.canon.CanonReceiver
04-05 18:14:30.736   742  5297 I chatty  : uid=1041(audioserver) HwBinder:742_1 expire 18 lines
04-05 18:14:30.742  1176  1176 V SoundTriggerService: 9f6ad62a-1f0b-11e7-87c5-40a8f03d3f15: Generic sound trigger event: GenericRecognitionEvent ::RecognitionEvent [status=0, soundModelHandle=1, captureAvailable=true, captureSession=9, captureDelayMs=0, capturePreambleMs=0, triggerInData=false, sampleRate=16000, encoding=2, channelMask=16, data=0]
04-05 18:14:30.751  1176  1176 V SoundTriggerService: 9f6ad62a-1f0b-11e7-87c5-40a8f03d3f15: onServiceConnected(android.os.BinderProxy@5efe433)
04-05 18:14:30.751  1176  1176 V SoundTriggerService: 9f6ad62a-1f0b-11e7-87c5-40a8f03d3f15: runOp 0
04-05 18:14:30.767   742  1148 I chatty  : uid=1041(audioserver) HwBinder:742_2 expire 36 lines
04-05 18:14:30.773   843  8320 I chatty  : uid=1041(audioserver) /system/bin/audioserver expire 1 line
04-05 18:14:30.798  2454  2454 I AmbientMusicDetector: Received music trigger: 'RecognitionEvent{data=null, captureSession=9, captureFormat=AudioFormat: props=7 enc=2 chan=0x10 chan_index=0x0 rate=16000}'
04-05 18:14:31.467  2454  2630 I AmbientMusicDetector: Received music trigger with last matched track ID: 0
04-05 18:14:32.707  2454  2630 W native  : tree_candidate_lookup.cc:73 Tree leaf 2 missing from database.
04-05 18:14:32.707  2454  2630 W native  : tree_candidate_lookup.cc:73 Tree leaf 9 missing from database.
04-05 18:14:32.707  2454  2630 W native  : tree_candidate_lookup.cc:73 Tree leaf 84 missing from database.
04-05 18:14:32.708  2454  2630 W native  : tree_candidate_lookup.cc:73 Tree leaf 703 missing from database.
04-05 18:14:32.708  2454  2630 W native  : tree_candidate_lookup.cc:73 Tree leaf 892 missing from database.
04-05 18:14:32.832  1608  1608 W AlarmManager: Unrecognized alarm listener com.google.android.systemui.ambientmusic.-$$Lambda$233VTYdTPnXeK9qfyRcfaOtUEbE@958ba48
04-05 18:14:32.834  2454  2630 I MusicRecognitionHandler: Music not recognized. Nearest match (-4.05485725402832): Txx5qhskntmpumqtd7gg6fq7gfy
04-05 18:14:32.846  2454  2623 I SoundTriggerManagerComp: Starting model 9f6ad62a-1f0b-11e7-87c5-40a8f03d3f15
04-05 18:14:32.846  1176  7018 V SoundTriggerService: 9f6ad62a-1f0b-11e7-87c5-40a8f03d3f15: destroy
04-05 18:14:32.847  1176  4061 I SoundTriggerService: startRecognition(): id = 9f6ad62a-1f0b-11e7-87c5-40a8f03d3f15
04-05 18:14:32.847  1176  4061 W SoundTriggerHelper: Canceling previous recognition for model id: 9f6ad62a-1f0b-11e7-87c5-40a8f03d3f15
04-05 18:14:32.848  1176  4061 V SoundTriggerService: 9f6ad62a-1f0b-11e7-87c5-40a8f03d3f15: onError: -2147483648
04-05 18:14:32.850  1176  4061 W SoundTriggerService: 9f6ad62a-1f0b-11e7-87c5-40a8f03d3f15: Dropped operation as already destroyed or marked for destruction
04-05 18:14:32.891  1176  4061 I SoundTriggerHelper: startRecognition successful.
04-05 18:14:37.961  7768  7768 I chatty  : uid=10501(com.glgjing.stark) expire 10 lines
04-05 18:14:47.181  7325  7344 I Finsky  : [115] ifl.run(3): Stats for Executor: BlockingExecutor igw@f929820[Running, pool size = 0, active threads = 0, queued tasks = 0, completed tasks = 8]
04-05 18:14:47.182  7325  7344 I Finsky  : [115] ifl.run(3): Stats for Executor: LightweightExecutor igw@484b5d9[Running, pool size = 4, active threads = 0, queued tasks = 0, completed tasks = 61]
04-05 18:14:47.304  7325  7344 I Finsky  : [115] ifl.run(3): Stats for Executor: bgExecutor igw@abfbb9e[Running, pool size = 4, active threads = 0, queued tasks = 0, completed tasks = 29]
04-05 18:14:47.568  7325  7372 I PlayCommon: [135] adkp.d(23): Preparing logs for uploading
04-05 18:14:47.572  7325  7372 I PlayCommon: [135] adkp.d(206): Connecting to server for timestamp: https://play.googleapis.com/play/log/timestamp
04-05 18:14:47.581  7325  7372 E PlayCommon: [135] adkp.d(287): Failed to connect to server for server timestamp: java.net.UnknownHostException: Unable to resolve host "play.googleapis.com": No address associated with hostname
04-05 18:14:47.587  7325  7372 I PlayCommon: [135] adkp.d(114): Connecting to server: https://play.googleapis.com/play/log?format=raw&proto_v2=true
04-05 18:14:47.591  7325  7372 E PlayCommon: [135] adkp.d(265): Failed to connect to server: java.net.UnknownHostException: Unable to resolve host "play.googleapis.com": No address associated with hostname
04-05 18:14:49.419  2358  8084 W bxkx    : [{0}] Failed to resolve name. status={1}
04-05 18:14:55.049   753   753 I /vendor/bin/hw/android.hardware.health@2.0-service.wahoo: SRAM data: 2790000
04-05 18:14:55.070  1798  1798 E QtiImsExtUtils: getConfigForPhoneId phoneId is invalid
04-05 18:14:55.070  1798  1798 E QtiImsExtUtils: isCarrierConfigEnabled bundle is null
04-05 18:14:58.061  7768  7768 I chatty  : uid=10501(com.glgjing.stark) expire 10 lines
04-05 18:15:00.224  1176  1212 I ActivityManager: Start proc 8328:com.kwalee.rocketdodge/u0a368 for broadcast com.kwalee.rocketdodge/com.hippogames.simpleandroidnotifications.Controller
04-05 18:15:00.248  8328  8328 E lee.rocketdodg: Not starting debugger since process cannot load the jdwp agent.
04-05 18:15:00.337  8328  8328 I lee.rocketdodg: The ClassLoaderContext is a special shared library.
04-05 18:15:00.483  8328  8328 I CrashlyticsCore: Initializing Crashlytics 2.3.17.dev
04-05 18:15:00.511  8328  8346 D NetworkSecurityConfig: No Network Security Config specified, using platform default
04-05 18:15:00.523  8328  8346 E Fabric  : Settings request failed.
04-05 18:15:00.788  1176  1220 I DisplayPowerController: Blocking screen off
04-05 18:15:00.788  1176  1220 I DisplayPowerController: Unblocked screen off after 0 ms
04-05 18:15:00.816  1176  1218 I DisplayManagerService: Display device changed state: "Built-in Screen", OFF
04-05 18:15:00.821  1176  1342 I InputReader: Reconfiguring input devices.  changes=0x00000004
04-05 18:15:00.822   602   602 E HWComposer: presentAndGetReleaseFences: present failed for display 0: NotValidated (7)
04-05 18:15:00.826  1176  1220 I DisplayPowerController: Blocking screen on until initial contents have been drawn.
04-05 18:15:00.826   806   879 I VSC     : @ 1937.910: [VSC] Stopping sensor events for sensor 131078
04-05 18:15:00.826   806   879 I VSC     : @ 1937.910: [VSC] Stopping sensor events for sensor 65544
04-05 18:15:00.826   806   879 I VSC     : @ 1937.910: [double-tap-prox-gated] sensor disabled
04-05 18:15:00.828   806   879 I ASH     : @ 1937.912: s3708_disable_sensor: disabling sensor [double-tap]
04-05 18:15:00.828   753   753 I /vendor/bin/hw/android.hardware.health@2.0-service.wahoo: SRAM data: 2790000
04-05 18:15:00.833   602   602 D SurfaceFlinger: Set power mode=0, type=0 flinger=0x700f455000
04-05 18:15:00.834   753   753 I /vendor/bin/hw/android.hardware.health@2.0-service.wahoo: SRAM data: 2790000
04-05 18:15:00.835   604   671 I SDM     : DisplayBase::SetDisplayState: Set state = 0, display 0
04-05 18:15:00.835  1798  1798 E QtiImsExtUtils: getConfigForPhoneId phoneId is invalid
04-05 18:15:00.835  1798  1798 E QtiImsExtUtils: isCarrierConfigEnabled bundle is null
04-05 18:15:00.875  1176  1220 I DisplayPowerController: Unblocked screen on after 50 ms
04-05 18:15:01.043   602   602 D SurfaceFlinger: Finished set power mode=0, type=0
04-05 18:15:01.045  1176  1526 D SurfaceControl: Excessive delay in setPowerMode()
04-05 18:15:01.047  1176  1218 I DisplayManagerService: Display device changed state: "Built-in Screen", ON
04-05 18:15:01.047   602   602 D SurfaceFlinger: Set power mode=2, type=0 flinger=0x700f455000
04-05 18:15:01.047   604   671 I SDM     : DisplayBase::SetDisplayState: Set state = 1, display 0
04-05 18:15:01.058  1176  1342 I InputReader: Reconfiguring input devices.  changes=0x00000004
04-05 18:15:01.243   602   602 D SurfaceFlinger: Finished set power mode=2, type=0
04-05 18:15:01.244  1176  1526 D SurfaceControl: Excessive delay in setPowerMode()
04-05 18:15:01.275  1176  6804 I ActivityManager: Killing 6541:com.google.android.GoogleCamera/u0a117 (adj 906): empty #17
04-05 18:15:01.277  1176  1213 W libprocessgroup: kill(-6541, 9) failed: No such process
04-05 18:15:01.305   711   711 I Zygote  : Process 6541 exited due to signal (9)
04-05 18:15:01.322  1176  1213 W libprocessgroup: kill(-6541, 9) failed: No such process
04-05 18:15:01.323  1176  1213 I libprocessgroup: Successfully killed process cgroup uid 10117 pid 6541 in 45ms
04-05 18:15:07.346   806   879 I VSC     : @ 1944.430: [VSC] Stopping sensor events for sensor 131074
04-05 18:15:07.355   806   879 I VSC     : @ 1944.439: [VSC SLPI] handling enable request for 65561 sensor
04-05 18:15:07.355   806   879 I VSC     : @ 1944.439: [VSC] Request sensor 65537, sample_duration 14 ms, report_duration 64 ms
04-05 18:15:07.358   806   879 D CHRE    : @ 1944.442: +: id 0, otherClientPresent 1, mode 3
04-05 18:15:07.360   806   879 I VSC     : @ 1944.444: [VSC SLPI] handling enable request for 131079 sensor
04-05 18:15:07.360   806   879 I VSC     : @ 1944.444: [double-tap-prox-gated] configuring sensor with interval: 0, latency: 0
04-05 18:15:07.360   806   879 I VSC     : @ 1944.444: [VSC] Request sensor 65544, sample_duration 3e8 ms, report_duration 0 ms
04-05 18:15:07.360   806   879 I VSC     : @ 1944.445: [VSC] Request sensor 131078, sample_duration 0 ms, report_duration 0 ms
04-05 18:15:07.363  1176  1218 I DisplayManagerService: Display device changed state: "Built-in Screen", DOZE
04-05 18:15:07.363   602   602 D SurfaceFlinger: Set power mode=1, type=0 flinger=0x700f455000
04-05 18:15:07.363   604   671 I SDM     : DisplayBase::SetDisplayState: Set state = 2, display 0
04-05 18:15:07.367   753   753 I /vendor/bin/hw/android.hardware.health@2.0-service.wahoo: SRAM data: 2790000
04-05 18:15:07.371  1176  1342 I InputReader: Reconfiguring input devices.  changes=0x00000004
04-05 18:15:07.373   806   879 I ASH     : @ 1944.457: s3708_enable_sensor: enabling sensor [double-tap]
04-05 18:15:07.375   753   753 I /vendor/bin/hw/android.hardware.health@2.0-service.wahoo: SRAM data: 2790000
04-05 18:15:07.377  1798  1798 E QtiImsExtUtils: getConfigForPhoneId phoneId is invalid
04-05 18:15:07.377  1798  1798 E QtiImsExtUtils: isCarrierConfigEnabled bundle is null
04-05 18:15:07.454   602   602 D SurfaceFlinger: Finished set power mode=1, type=0
04-05 18:15:11.656  2358  8084 W bxkx    : [{0}] Failed to resolve name. status={1}
04-05 18:15:12.471   806   879 I VSC     : @ 1949.552: [VSC] Stopping sensor events for sensor 65537
04-05 18:15:12.471   806   879 I VSC     : @ 1949.553: [VSC] Request sensor 131074, sample_duration 0 ms, report_duration 0 ms
04-05 18:15:12.475   806   879 D CHRE    : @ 1949.556: -: id 0, otherClientPresent 0, mode 3
04-05 18:15:18.155  7768  7768 I chatty  : uid=10501(com.glgjing.stark) expire 20 lines
04-05 18:15:50.964  2358  8084 W bxkx    : [{0}] Failed to resolve name. status={1}
04-05 18:15:51.131  2358  8084 W bxkx    : [{0}] Failed to resolve name. status={1}
04-05 18:15:55.050   753   753 I /vendor/bin/hw/android.hardware.health@2.0-service.wahoo: SRAM data: 2790000
04-05 18:15:55.085  1798  1798 E QtiImsExtUtils: getConfigForPhoneId phoneId is invalid
04-05 18:15:55.085  1798  1798 E QtiImsExtUtils: isCarrierConfigEnabled bundle is null
04-05 18:15:58.368  7768  7768 I chatty  : uid=10501(com.glgjing.stark) expire 10 lines
04-05 18:16:00.009  1176  1176 I ActivityManager: Killing 6528:com.estrongs.android.pop/u0a435 (adj 906): empty for 1819s
04-05 18:16:00.011  1176  1213 W libprocessgroup: kill(-6528, 9) failed: No such process
04-05 18:16:00.036  1176  1213 I chatty  : uid=1000(system) ActivityManager identical 2 lines
04-05 18:16:00.082  1176  1213 W libprocessgroup: kill(-6528, 9) failed: No such process
04-05 18:16:00.084   711   711 I Zygote  : Process 6528 exited due to signal (9)
04-05 18:16:00.127  1176  1213 W libprocessgroup: kill(-6528, 9) failed: No such process
04-05 18:16:00.128  1176  1213 I libprocessgroup: Successfully killed process cgroup uid 10435 pid 6528 in 117ms
04-05 18:16:17.072   753   753 I /vendor/bin/hw/android.hardware.health@2.0-service.wahoo: SRAM data: 2790000
04-05 18:16:17.108  1798  1798 E QtiImsExtUtils: getConfigForPhoneId phoneId is invalid
04-05 18:16:17.108  1798  1798 E QtiImsExtUtils: isCarrierConfigEnabled bundle is null
04-05 18:16:18.485  7768  7768 I chatty  : uid=10501(com.glgjing.stark) expire 20 lines
04-05 18:16:55.050   753   753 I /vendor/bin/hw/android.hardware.health@2.0-service.wahoo: SRAM data: 2790000
04-05 18:16:55.085  1798  1798 E QtiImsExtUtils: getConfigForPhoneId phoneId is invalid
04-05 18:16:55.086  1798  1798 E QtiImsExtUtils: isCarrierConfigEnabled bundle is null
04-05 18:16:55.093   763  2185 I android.hardware.usb.gadget@1.0-service.wahoo: event=1 on fd=16
04-05 18:16:58.701  7768  7768 I chatty  : uid=10501(com.glgjing.stark) expire 15 lines
04-05 18:17:26.037  2358  8397 W bxkx    : [{0}] Failed to resolve name. status={1}
04-05 18:17:28.885  7768  7768 I chatty  : uid=10501(com.glgjing.stark) expire 10 lines
04-05 18:17:31.242  2358  8397 W bxkx    : [{0}] Failed to resolve name. status={1}
04-05 18:17:47.224  7325  7344 I Finsky  : [115] ifl.run(3): Stats for Executor: BlockingExecutor igw@f929820[Running, pool size = 0, active threads = 0, queued tasks = 0, completed tasks = 8]
04-05 18:17:47.224  7325  7344 I Finsky  : [115] ifl.run(3): Stats for Executor: LightweightExecutor igw@484b5d9[Running, pool size = 4, active threads = 0, queued tasks = 0, completed tasks = 61]
04-05 18:17:47.345  7325  7344 I Finsky  : [115] ifl.run(3): Stats for Executor: bgExecutor igw@abfbb9e[Running, pool size = 4, active threads = 0, queued tasks = 0, completed tasks = 29]
04-05 18:17:48.968  7768  7768 I chatty  : uid=10501(com.glgjing.stark) expire 10 lines
04-05 18:17:55.049   753   753 I /vendor/bin/hw/android.hardware.health@2.0-service.wahoo: SRAM data: 2790000
04-05 18:17:55.083  1798  1798 E QtiImsExtUtils: getConfigForPhoneId phoneId is invalid
04-05 18:17:55.084  1798  1798 E QtiImsExtUtils: isCarrierConfigEnabled bundle is null
04-05 18:18:00.177  2358  8397 W bxkx    : [{0}] Failed to resolve name. status={1}
04-05 18:18:09.061  7768  7768 I chatty  : uid=10501(com.glgjing.stark) expire 30 lines
04-05 18:18:10.511   742  1130 I chatty  : uid=1041(audioserver) audio@2.0-servi expire 14 lines
04-05 18:18:10.512   742  5297 I chatty  : uid=1041(audioserver) HwBinder:742_1 expire 18 lines
04-05 18:18:10.519  1176  1176 V SoundTriggerService: 9f6ad62a-1f0b-11e7-87c5-40a8f03d3f15: Generic sound trigger event: GenericRecognitionEvent ::RecognitionEvent [status=0, soundModelHandle=1, captureAvailable=true, captureSession=9, captureDelayMs=0, capturePreambleMs=0, triggerInData=false, sampleRate=16000, encoding=2, channelMask=16, data=0]
04-05 18:18:10.527  1176  1176 V SoundTriggerService: 9f6ad62a-1f0b-11e7-87c5-40a8f03d3f15: onServiceConnected(android.os.BinderProxy@eedf698)
04-05 18:18:10.528  1176  1176 V SoundTriggerService: 9f6ad62a-1f0b-11e7-87c5-40a8f03d3f15: runOp 0
04-05 18:18:10.549   742  1148 I chatty  : uid=1041(audioserver) HwBinder:742_2 expire 36 lines
04-05 18:18:10.560   843  8407 I chatty  : uid=1041(audioserver) /system/bin/audioserver expire 1 line
04-05 18:18:10.577  2454  2454 I AmbientMusicDetector: Received music trigger: 'RecognitionEvent{data=null, captureSession=9, captureFormat=AudioFormat: props=7 enc=2 chan=0x10 chan_index=0x0 rate=16000}'
04-05 18:18:11.262  2454  2623 I AmbientMusicDetector: Received music trigger with last matched track ID: 0
04-05 18:18:12.441  2454  2623 W native  : tree_candidate_lookup.cc:73 Tree leaf 9 missing from database.
04-05 18:18:12.441  2454  2623 W native  : tree_candidate_lookup.cc:73 Tree leaf 449 missing from database.
04-05 18:18:12.441  2454  2623 W native  : tree_candidate_lookup.cc:73 Tree leaf 568 missing from database.
04-05 18:18:12.526  2454  2623 I MusicRecognitionHandler: Music not recognized. Nearest match (-7.077138900756836): T76yg6uss6i6pzmanu77wggddni
04-05 18:18:12.527  1608  1608 W AlarmManager: Unrecognized alarm listener com.google.android.systemui.ambientmusic.-$$Lambda$233VTYdTPnXeK9qfyRcfaOtUEbE@958ba48
04-05 18:18:12.539  2454  2630 I SoundTriggerManagerComp: Starting model 9f6ad62a-1f0b-11e7-87c5-40a8f03d3f15
04-05 18:18:12.539  1176  1331 V SoundTriggerService: 9f6ad62a-1f0b-11e7-87c5-40a8f03d3f15: destroy
04-05 18:18:12.540  1176  6804 I SoundTriggerService: startRecognition(): id = 9f6ad62a-1f0b-11e7-87c5-40a8f03d3f15
04-05 18:18:12.540  1176  6804 W SoundTriggerHelper: Canceling previous recognition for model id: 9f6ad62a-1f0b-11e7-87c5-40a8f03d3f15
04-05 18:18:12.541  1176  6804 V SoundTriggerService: 9f6ad62a-1f0b-11e7-87c5-40a8f03d3f15: onError: -2147483648
04-05 18:18:12.543  1176  6804 W SoundTriggerService: 9f6ad62a-1f0b-11e7-87c5-40a8f03d3f15: Dropped operation as already destroyed or marked for destruction
04-05 18:18:12.578  1176  6804 I SoundTriggerHelper: startRecognition successful.
04-05 18:18:50.842  7768  8415 I chatty  : uid=10501(com.glgjing.stark) expire 3 lines
04-05 18:18:50.898  1176  1212 I ActivityManager: Start proc 8418:com.google.android.apps.gcs/u0a20 for service com.google.android.apps.gcs/com.google.android.flib.phenotype.services.PhenotypeExperimentCommitService
04-05 18:18:50.914  8418  8418 E ndroid.apps.gc: Not starting debugger since process cannot load the jdwp agent.
04-05 18:18:50.916  1176  1212 I ActivityManager: Start proc 8425:com.google.android.apps.wellbeing/u0a130 for service com.google.android.apps.wellbeing/com.firebase.jobdispatcher.GooglePlayReceiver
04-05 18:18:50.923  8425  8425 E .apps.wellbein: Not starting debugger since process cannot load the jdwp agent.
04-05 18:18:50.944  8418  8418 I ndroid.apps.gc: The ClassLoaderContext is a special shared library.
04-05 18:18:50.957  8425  8425 I .apps.wellbein: The ClassLoaderContext is a special shared library.
04-05 18:18:50.983  8425  8425 I MultiDex: VM with version 2.1.0 has multidex support
04-05 18:18:50.983  8425  8425 I MultiDex: install
04-05 18:18:50.983  8425  8425 I MultiDex: VM has multidex support, MultiDex support library is disabled.
04-05 18:18:51.008  8425  8425 I fgg     : SslGuard completed installation.
04-05 18:18:51.020  8425  8425 W PrimesInit: Primes instant initialization
04-05 18:18:51.023  8425  8458 W Primes  : background initialization
04-05 18:18:51.155  8418  8418 W PrimesInit: Primes instant initialization
04-05 18:18:51.156  8418  8471 W Primes  : background initialization
04-05 18:18:51.162  7736  7736 I brella.TrainingTaskService: onCreate()
04-05 18:18:51.172  8418  8471 I PrimesTesting: GserviceFlagsSupplier.get()
04-05 18:18:51.248  8425  8458 I PrimesTesting: GserviceFlagsSupplier.get()
04-05 18:18:51.256  7736  7736 I brella.TrainingTaskService: Interrupting already running training run. Cause: BACKGROUND_TRAINING_INTERRUPT_SERVICE_DESTROYED
04-05 18:18:55.049   753   753 I /vendor/bin/hw/android.hardware.health@2.0-service.wahoo: SRAM data: 2790000
04-05 18:18:55.081  1798  1798 E QtiImsExtUtils: getConfigForPhoneId phoneId is invalid
04-05 18:18:55.081  1798  1798 E QtiImsExtUtils: isCarrierConfigEnabled bundle is null
04-05 18:18:56.016  8425  8447 I .apps.wellbein: Waiting for a blocking GC ProfileSaver
04-05 18:18:56.023  8425  8447 I .apps.wellbein: WaitForGcToComplete blocked ProfileSaver on AddRemoveAppImageSpace for 7.296ms
04-05 18:18:59.355  7768  7768 I chatty  : uid=10501(com.glgjing.stark) expire 30 lines
04-05 18:19:00.008  1176  1176 I ActivityManager: Killing 7129:com.google.android.settings.intelligence/u0a140 (adj 906): empty for 1805s
04-05 18:19:00.010  1176  1213 W libprocessgroup: kill(-7129, 9) failed: No such process
04-05 18:19:00.044   711   711 I Zygote  : Process 7129 exited due to signal (9)
04-05 18:19:00.052  1176  1213 W libprocessgroup: kill(-7129, 9) failed: No such process
04-05 18:19:00.052  1176  1213 I libprocessgroup: Successfully killed process cgroup uid 10140 pid 7129 in 42ms
04-05 18:19:21.273  2062  2062 W ChimeraUtils: Non Chimera context
04-05 18:19:21.273  2062  2062 W ChimeraUtils: Non Chimera context
04-05 18:19:21.317  2358  5385 E bxly    : *~*~*~ Channel {0} was not shutdown properly!!! ~*~*~*
04-05 18:19:21.317  2358  5385 E bxly    :     Make sure to call shutdown()/shutdownNow() and wait until awaitTermination() returns true.
04-05 18:19:21.317  2358  5385 E bxly    : java.lang.RuntimeException: ManagedChannel allocation site
04-05 18:19:21.317  2358  5385 E bxly    : 	at bxlz.<init>(:com.google.android.gms@16089037@16.0.89 (100400-239467275):1)
04-05 18:19:21.317  2358  5385 E bxly    : 	at bxly.<init>(:com.google.android.gms@16089037@16.0.89 (100400-239467275):2)
04-05 18:19:21.317  2358  5385 E bxly    : 	at bxly.<init>(:com.google.android.gms@16089037@16.0.89 (100400-239467275):1)
04-05 18:19:21.317  2358  5385 E bxly    : 	at bxep.b(:com.google.android.gms@16089037@16.0.89 (100400-239467275):13)
04-05 18:19:21.317  2358  5385 E bxly    : 	at req.a(:com.google.android.gms@16089037@16.0.89 (100400-239467275):39)
04-05 18:19:21.317  2358  5385 E bxly    : 	at req.a(:com.google.android.gms@16089037@16.0.89 (100400-239467275):67)
04-05 18:19:21.317  2358  5385 E bxly    : 	at atmb.a(:com.google.android.gms@16089037@16.0.89 (100400-239467275):32)
04-05 18:19:21.317  2358  5385 E bxly    : 	at com.google.android.gms.udc.service.UdcContextInitChimeraService.a(:com.google.android.gms@16089037@16.0.89 (100400-239467275):109)
04-05 18:19:21.317  2358  5385 E bxly    : 	at zmk.run(:com.google.android.gms@16089037@16.0.89 (100400-239467275):5)
04-05 18:19:21.317  2358  5385 E bxly    : 	at rmf.b(:com.google.android.gms@16089037@16.0.89 (100400-239467275):32)
04-05 18:19:21.317  2358  5385 E bxly    : 	at rmf.run(:com.google.android.gms@16089037@16.0.89 (100400-239467275):21)
04-05 18:19:21.317  2358  5385 E bxly    : 	at java.util.concurrent.ThreadPoolExecutor.runWorker(ThreadPoolExecutor.java:1167)
04-05 18:19:21.317  2358  5385 E bxly    : 	at java.util.concurrent.ThreadPoolExecutor$Worker.run(ThreadPoolExecutor.java:641)
04-05 18:19:21.317  2358  5385 E bxly    : 	at rsc.run(Unknown Source:7)
04-05 18:19:21.317  2358  5385 E bxly    : 	at java.lang.Thread.run(Thread.java:764)
04-05 18:19:21.317  2358  5385 E bxly    : *~*~*~ Channel {0} was not shutdown properly!!! ~*~*~*
04-05 18:19:21.317  2358  5385 E bxly    :     Make sure to call shutdown()/shutdownNow() and wait until awaitTermination() returns true.
04-05 18:19:21.317  2358  5385 E bxly    : java.lang.RuntimeException: ManagedChannel allocation site
04-05 18:19:21.317  2358  5385 E bxly    : 	at bxlz.<init>(:com.google.android.gms@16089037@16.0.89 (100400-239467275):1)
04-05 18:19:21.317  2358  5385 E bxly    : 	at bxly.<init>(:com.google.android.gms@16089037@16.0.89 (100400-239467275):2)
04-05 18:19:21.317  2358  5385 E bxly    : 	at bxly.<init>(:com.google.android.gms@16089037@16.0.89 (100400-239467275):1)
04-05 18:19:21.317  2358  5385 E bxly    : 	at bxep.b(:com.google.android.gms@16089037@16.0.89 (100400-239467275):13)
04-05 18:19:21.317  2358  5385 E bxly    : 	at req.a(:com.google.android.gms@16089037@16.0.89 (100400-239467275):39)
04-05 18:19:21.317  2358  5385 E bxly    : 	at req.a(:com.google.android.gms@16089037@16.0.89 (100400-239467275):67)
04-05 18:19:21.317  2358  5385 E bxly    : 	at atmb.a(:com.google.android.gms@16089037@16.0.89 (100400-239467275):32)
04-05 18:19:21.317  2358  5385 E bxly    : 	at com.google.android.gms.udc.service.UdcContextInitChimeraService.a(:com.google.android.gms@16089037@16.0.89 (100400-239467275):109)
04-05 18:19:21.317  2358  5385 E bxly    : 	at zmk.run(:com.google.android.gms@16089037@16.0.89 (100400-239467275):5)
04-05 18:19:21.317  2358  5385 E bxly    : 	at rmf.b(:com.google.android.gms@16089037@16.0.89 (100400-239467275):32)
04-05 18:19:21.317  2358  5385 E bxly    : 	at rmf.run(:com.google.android.gms@16089037@16.0.89 (100400-239467275):21)
04-05 18:19:21.317  2358  5385 E bxly    : 	at java.util.concurrent.ThreadPoolExecutor.runWorker(ThreadPoolExecutor.java:1167)
04-05 18:19:21.317  2358  5385 E bxly    : 	at java.util.concurrent.ThreadPoolExecutor$Worker.run(ThreadPoolExecutor.java:641)
04-05 18:19:21.317  2358  5385 E bxly    : 	at rsc.run(Unknown Source:7)
04-05 18:19:21.317  2358  5385 E bxly    : 	at java.lang.Thread.run(Thread.java:764)
04-05 18:19:21.366  2358  8486 W bxkx    : [{0}] Failed to resolve name. status={1}
04-05 18:19:21.447  2358  5385 I EventLogChimeraService: Aggregate from 1554466714962 (log), 1554466714962 (data)
04-05 18:19:21.689  1176  1210 W BroadcastQueue: Background execution not allowed: receiving Intent { act=android.intent.action.DROPBOX_ENTRY_ADDED flg=0x10 (has extras) } to com.google.android.gms/.stats.service.DropBoxEntryAddedReceiver
04-05 18:19:21.690  1176  1210 W BroadcastQueue: Background execution not allowed: receiving Intent { act=android.intent.action.DROPBOX_ENTRY_ADDED flg=0x10 (has extras) } to com.google.android.gms/.chimera.GmsIntentOperationService$PersistentTrustedReceiver
04-05 18:19:21.708  2358  5385 I ServiceDumpSys: dumping service [account]
04-05 18:19:21.734  1176  1210 W BroadcastQueue: Background execution not allowed: receiving Intent { act=android.intent.action.DROPBOX_ENTRY_ADDED flg=0x10 (has extras) } to com.google.android.gms/.stats.service.DropBoxEntryAddedReceiver
04-05 18:19:21.734  1176  1210 W BroadcastQueue: Background execution not allowed: receiving Intent { act=android.intent.action.DROPBOX_ENTRY_ADDED flg=0x10 (has extras) } to com.google.android.gms/.chimera.GmsIntentOperationService$PersistentTrustedReceiver
04-05 18:19:21.961  1176  1210 W BroadcastQueue: Background execution not allowed: receiving Intent { act=android.intent.action.DROPBOX_ENTRY_ADDED flg=0x10 (has extras) } to com.google.android.gms/.stats.service.DropBoxEntryAddedReceiver
04-05 18:19:21.961  1176  1210 W BroadcastQueue: Background execution not allowed: receiving Intent { act=android.intent.action.DROPBOX_ENTRY_ADDED flg=0x10 (has extras) } to com.google.android.gms/.chimera.GmsIntentOperationService$PersistentTrustedReceiver
04-05 18:19:22.192  2062  2072 I .gms.persisten: Background concurrent copying GC freed 100533(4MB) AllocSpace objects, 30(3MB) LOS objects, 49% free, 11MB/23MB, paused 440us total 101.311ms
04-05 18:19:22.345  2358  8488 W bxkx    : [{0}] Failed to resolve name. status={1}
04-05 18:19:24.055  2358  8488 W bxkx    : [{0}] Failed to resolve name. status={1}
04-05 18:19:24.699   753   753 I /vendor/bin/hw/android.hardware.health@2.0-service.wahoo: SRAM data: 2790000
04-05 18:19:24.722  1798  1798 E QtiImsExtUtils: getConfigForPhoneId phoneId is invalid
04-05 18:19:24.723  1798  1798 E QtiImsExtUtils: isCarrierConfigEnabled bundle is null
04-05 18:19:24.725   763  2185 I android.hardware.usb.gadget@1.0-service.wahoo: event=1 on fd=16
04-05 18:19:26.192  2358  8488 W bxkx    : [{0}] Failed to resolve name. status={1}
04-05 18:19:29.545  7768  7768 I chatty  : uid=10501(com.glgjing.stark) expire 15 lines
04-05 18:19:30.970  2358  8488 W bxkx    : [{0}] Failed to resolve name. status={1}
04-05 18:19:36.943  2358  8488 W bxkx    : [{0}] Failed to resolve name. status={1}
04-05 18:19:41.267  7768  8417 I chatty  : uid=10501(com.glgjing.stark) expire 1 line
04-05 18:19:43.525  2358  8488 W bxkx    : [{0}] Failed to resolve name. status={1}
04-05 18:19:47.601  7325  7372 I PlayCommon: [135] adkp.d(23): Preparing logs for uploading
04-05 18:19:47.606  7325  7372 I PlayCommon: [135] adkp.d(206): Connecting to server for timestamp: https://play.googleapis.com/play/log/timestamp
04-05 18:19:47.615  7325  7372 E PlayCommon: [135] adkp.d(287): Failed to connect to server for server timestamp: java.net.UnknownHostException: Unable to resolve host "play.googleapis.com": No address associated with hostname
04-05 18:19:47.622  7325  7372 I PlayCommon: [135] adkp.d(114): Connecting to server: https://play.googleapis.com/play/log?format=raw&proto_v2=true
04-05 18:19:47.624  7325  7372 E PlayCommon: [135] adkp.d(265): Failed to connect to server: java.net.UnknownHostException: Unable to resolve host "play.googleapis.com": No address associated with hostname
04-05 18:19:49.040  2358  8488 W bxkx    : [{0}] Failed to resolve name. status={1}
04-05 18:19:49.661  7768  7768 I chatty  : uid=10501(com.glgjing.stark) expire 10 lines
04-05 18:19:55.049   753   753 I /vendor/bin/hw/android.hardware.health@2.0-service.wahoo: SRAM data: 2790000
04-05 18:19:55.069  1798  1798 E QtiImsExtUtils: getConfigForPhoneId phoneId is invalid
04-05 18:19:55.069  1798  1798 E QtiImsExtUtils: isCarrierConfigEnabled bundle is null
04-05 18:19:55.500  1608  1904 V WifiManager: registerSoftApCallback: callback=com.android.systemui.statusbar.policy.HotspotControllerImpl@7db4592, handler=Handler (android.os.Handler) {87b4b63}
04-05 18:19:55.504  1608  1627 V WifiManager: SoftApCallbackProxy: onStateChanged: state=11, failureReason=0
04-05 18:19:55.504  1608  1627 V WifiManager: SoftApCallbackProxy: onNumClientsChanged: numClients=0
04-05 18:19:55.517  1608  1904 V WifiManager: registerSoftApCallback: callback=com.android.systemui.statusbar.policy.HotspotControllerImpl@7db4592, handler=Handler (android.os.Handler) {87b4b63}
04-05 18:19:55.518  1608  8312 V WifiManager: SoftApCallbackProxy: onStateChanged: state=11, failureReason=0
04-05 18:19:55.518  1608  8312 V WifiManager: SoftApCallbackProxy: onNumClientsChanged: numClients=0
04-05 18:19:58.475  2358  8488 W bxkx    : [{0}] Failed to resolve name. status={1}
04-05 18:20:00.009  1176  1210 I ActivityManager: Killing 7580:com.google.android.inputmethod.latin:train/u0a80 (adj 906): empty for 1806s
04-05 18:20:00.010  1176  1210 I ActivityManager: Killing 7502:com.android.chrome/u0a121 (adj 906): empty for 1809s
04-05 18:20:00.011  1176  1210 I ActivityManager: Killing 7380:com.google.process.gapps/u0a15 (adj 906): empty for 1812s
04-05 18:20:00.012  1176  1213 W libprocessgroup: kill(-7580, 9) failed: No such process
04-05 18:20:00.063  1176  1213 W libprocessgroup: kill(-7580, 9) failed: No such process
04-05 18:20:00.084   711   711 I Zygote  : Process 7380 exited due to signal (9)
04-05 18:20:00.095   711   711 I Zygote  : Process 7580 exited due to signal (9)
04-05 18:20:00.096  1176  7205 D ConnectivityService: ConnectivityService NetworkRequestInfo binderDied(NetworkRequest [ TRACK_DEFAULT id=37, [ Capabilities: INTERNET&NOT_RESTRICTED&TRUSTED Unwanted:  Uid: 10121] ], android.os.BinderProxy@1acb4c1)
04-05 18:20:00.096  1176  7205 D ConnectivityService: ConnectivityService NetworkRequestInfo binderDied(NetworkRequest [ LISTEN id=36, [ Capabilities: INTERNET&NOT_RESTRICTED&TRUSTED Unwanted:  Uid: 10121] ], android.os.BinderProxy@3e1f466)
04-05 18:20:00.096  1176  1741 D ConnectivityService: ConnectivityService NetworkRequestInfo binderDied(NetworkRequest [ TRACK_DEFAULT id=35, [ Capabilities: INTERNET&NOT_RESTRICTED&TRUSTED Unwanted:  Uid: 10121] ], android.os.BinderProxy@c9053a7)
04-05 18:20:00.096  1176  1419 D ConnectivityService: releasing NetworkRequest [ TRACK_DEFAULT id=37, [ Capabilities: INTERNET&NOT_RESTRICTED&TRUSTED Unwanted:  Uid: 10121] ] (release request)
04-05 18:20:00.097   712   712 I Zygote  : Process 7502 exited due to signal (9)
04-05 18:20:00.097  1176  1419 D ConnectivityService: releasing NetworkRequest [ TRACK_DEFAULT id=35, [ Capabilities: INTERNET&NOT_RESTRICTED&TRUSTED Unwanted:  Uid: 10121] ] (release request)
04-05 18:20:00.098  1176  7205 D ConnectivityService: ConnectivityService NetworkRequestInfo binderDied(NetworkRequest [ LISTEN id=38, [ Capabilities: INTERNET&NOT_RESTRICTED&TRUSTED Unwanted:  Uid: 10121] ], android.os.BinderProxy@d1ab054)
04-05 18:20:00.106  1176  1213 W libprocessgroup: kill(-7580, 9) failed: No such process
04-05 18:20:00.106  1176  1213 I libprocessgroup: Successfully killed process cgroup uid 10080 pid 7580 in 94ms
04-05 18:20:00.106  1176  1213 W libprocessgroup: kill(-7502, 9) failed: No such process
04-05 18:20:00.106  1176  1213 I libprocessgroup: Successfully killed process cgroup uid 10121 pid 7502 in 0ms
04-05 18:20:00.106  1176  1213 W libprocessgroup: kill(-7380, 9) failed: No such process
04-05 18:20:00.106  1176  1213 I libprocessgroup: Successfully killed process cgroup uid 10015 pid 7380 in 0ms
04-05 18:20:07.164  2358  8488 W bxkx    : [{0}] Failed to resolve name. status={1}
04-05 18:20:09.731  7768  7768 I chatty  : uid=10501(com.glgjing.stark) expire 15 lines
04-05 18:20:35.121  2358  8488 W bxkx    : [{0}] Failed to resolve name. status={1}
04-05 18:20:39.176   742  5297 I chatty  : uid=1041(audioserver) HwBinder:742_1 expire 18 lines
04-05 18:20:39.183  1176  1176 V SoundTriggerService: 9f6ad62a-1f0b-11e7-87c5-40a8f03d3f15: Generic sound trigger event: GenericRecognitionEvent ::RecognitionEvent [status=0, soundModelHandle=1, captureAvailable=true, captureSession=9, captureDelayMs=0, capturePreambleMs=0, triggerInData=false, sampleRate=16000, encoding=2, channelMask=16, data=0]
04-05 18:20:39.192  1176  1176 V SoundTriggerService: 9f6ad62a-1f0b-11e7-87c5-40a8f03d3f15: onServiceConnected(android.os.BinderProxy@7312a3e)
04-05 18:20:39.193  1176  1176 V SoundTriggerService: 9f6ad62a-1f0b-11e7-87c5-40a8f03d3f15: runOp 0
04-05 18:20:39.209   742  1148 I chatty  : uid=1041(audioserver) HwBinder:742_2 expire 20 lines
04-05 18:20:39.218   843  8530 I chatty  : uid=1041(audioserver) /system/bin/audioserver expire 1 line
04-05 18:20:39.246  2454  2454 I AmbientMusicDetector: Received music trigger: 'RecognitionEvent{data=null, captureSession=9, captureFormat=AudioFormat: props=7 enc=2 chan=0x10 chan_index=0x0 rate=16000}'
04-05 18:20:39.845  7768  7768 I chatty  : uid=10501(com.glgjing.stark) expire 10 lines
04-05 18:20:39.936  2454  2630 I AmbientMusicDetector: Received music trigger with last matched track ID: 0
04-05 18:20:40.150  1608  1608 W AlarmManager: Unrecognized alarm listener com.google.android.systemui.ambientmusic.-$$Lambda$233VTYdTPnXeK9qfyRcfaOtUEbE@958ba48
04-05 18:20:40.151  2454  2630 I MusicRecognitionHandler: Music recognition was skipped, because secondary music detector score below threshold (= 0.2)
04-05 18:20:40.166  2454  2623 I SoundTriggerManagerComp: Starting model 9f6ad62a-1f0b-11e7-87c5-40a8f03d3f15
04-05 18:20:40.167  1176  4018 V SoundTriggerService: 9f6ad62a-1f0b-11e7-87c5-40a8f03d3f15: destroy
04-05 18:20:40.167  1176  1331 I SoundTriggerService: startRecognition(): id = 9f6ad62a-1f0b-11e7-87c5-40a8f03d3f15
04-05 18:20:40.167  1176  1331 W SoundTriggerHelper: Canceling previous recognition for model id: 9f6ad62a-1f0b-11e7-87c5-40a8f03d3f15
04-05 18:20:40.167  1176  1331 V SoundTriggerService: 9f6ad62a-1f0b-11e7-87c5-40a8f03d3f15: onError: -2147483648
04-05 18:20:40.169  1176  1331 W SoundTriggerService: 9f6ad62a-1f0b-11e7-87c5-40a8f03d3f15: Dropped operation as already destroyed or marked for destruction
04-05 18:20:40.202   742  1148 I chatty  : uid=1041(audioserver) HwBinder:742_2 expire 16 lines
04-05 18:20:40.213  1176  1331 I SoundTriggerHelper: startRecognition successful.
04-05 18:20:47.266  7325  7344 I Finsky  : [115] ifl.run(3): Stats for Executor: BlockingExecutor igw@f929820[Running, pool size = 0, active threads = 0, queued tasks = 0, completed tasks = 8]
04-05 18:20:47.267  7325  7344 I Finsky  : [115] ifl.run(3): Stats for Executor: LightweightExecutor igw@484b5d9[Running, pool size = 4, active threads = 0, queued tasks = 0, completed tasks = 61]
04-05 18:20:47.386  7325  7344 I Finsky  : [115] ifl.run(3): Stats for Executor: bgExecutor igw@abfbb9e[Running, pool size = 4, active threads = 0, queued tasks = 0, completed tasks = 30]
04-05 18:20:55.049   753   753 I /vendor/bin/hw/android.hardware.health@2.0-service.wahoo: SRAM data: 2790000
04-05 18:20:55.086  1798  1798 E QtiImsExtUtils: getConfigForPhoneId phoneId is invalid
04-05 18:20:55.086  1798  1798 E QtiImsExtUtils: isCarrierConfigEnabled bundle is null
04-05 18:20:59.928  7768  7768 I chatty  : uid=10501(com.glgjing.stark) expire 10 lines
04-05 18:21:13.893  2358  8488 W bxkx    : [{0}] Failed to resolve name. status={1}
04-05 18:21:19.998  7768  7768 I chatty  : uid=10501(com.glgjing.stark) expire 10 lines
04-05 18:21:37.337  2358  8488 W bxkx    : [{0}] Failed to resolve name. status={1}
04-05 18:21:40.108  7768  7768 I chatty  : uid=10501(com.glgjing.stark) expire 10 lines
04-05 18:21:42.987   742  1130 I chatty  : uid=1041(audioserver) audio@2.0-servi expire 7 lines
04-05 18:21:42.989   742  5297 I chatty  : uid=1041(audioserver) HwBinder:742_1 expire 1 line
04-05 18:21:42.989   742  6805 I chatty  : uid=1041(audioserver) HwBinder:742_1 expire 2 lines
04-05 18:21:42.989   742  5297 I chatty  : uid=1041(audioserver) HwBinder:742_1 expire 16 lines
04-05 18:21:42.998  1176  1176 V SoundTriggerService: 9f6ad62a-1f0b-11e7-87c5-40a8f03d3f15: Generic sound trigger event: GenericRecognitionEvent ::RecognitionEvent [status=0, soundModelHandle=1, captureAvailable=true, captureSession=9, captureDelayMs=0, capturePreambleMs=0, triggerInData=false, sampleRate=16000, encoding=2, channelMask=16, data=0]
04-05 18:21:43.005  1176  1176 V SoundTriggerService: 9f6ad62a-1f0b-11e7-87c5-40a8f03d3f15: onServiceConnected(android.os.BinderProxy@d9cc333)
04-05 18:21:43.006  1176  1176 V SoundTriggerService: 9f6ad62a-1f0b-11e7-87c5-40a8f03d3f15: runOp 0
04-05 18:21:43.026   742  1148 I chatty  : uid=1041(audioserver) HwBinder:742_2 expire 2 lines
04-05 18:21:43.035   843  8545 I chatty  : uid=1041(audioserver) /system/bin/audioserver expire 1 line
04-05 18:21:43.053  2454  2454 I AmbientMusicDetector: Received music trigger: 'RecognitionEvent{data=null, captureSession=9, captureFormat=AudioFormat: props=7 enc=2 chan=0x10 chan_index=0x0 rate=16000}'
04-05 18:21:43.759  2454  2623 I AmbientMusicDetector: Received music trigger with last matched track ID: 0
04-05 18:21:43.773   742  5297 I chatty  : uid=1041(audioserver) HwBinder:742_1 expire 1 line
04-05 18:21:43.793   742  1148 I chatty  : uid=1041(audioserver) HwBinder:742_2 expire 1 line
04-05 18:21:43.793   742  1148 D sound_trigger_hw: stop:[1] gcs stop VA engine, size=24
04-05 18:21:43.823   742  1148 D sound_trigger_hw: stop:[1] calling gcs_disable with handle 1
04-05 18:21:43.823   742  1148 E         : __gcs_disable_update_pld: sgt_array[i] = 0x1
04-05 18:21:43.823   742  1148 E         : __gcs_disable_update_pld: sgt_array[i] = 0x2
04-05 18:21:43.849   742  1148 D sound_trigger_hw: set_device: disable device (1) = listen-cpe-handset-mic
04-05 18:21:43.856   742  1148 D sound_trigger_hw: session[1]: buffering_state_fn ---> loaded_state_fn 
04-05 18:21:43.856   742  1148 D sound_trigger_platform: platform_stdev_get_capture_device: available devices 0x80000004, device 0x80000004
04-05 18:21:44.974  2454  2623 W native  : tree_candidate_lookup.cc:73 Tree leaf 23 missing from database.
04-05 18:21:44.975  2454  2623 W native  : tree_candidate_lookup.cc:73 Tree leaf 449 missing from database.
04-05 18:21:44.975  2454  2623 W native  : tree_candidate_lookup.cc:73 Tree leaf 703 missing from database.
04-05 18:21:44.975  2454  2623 W native  : tree_candidate_lookup.cc:73 Tree leaf 805 missing from database.
04-05 18:21:45.078  1608  1608 W AlarmManager: Unrecognized alarm listener com.google.android.systemui.ambientmusic.-$$Lambda$233VTYdTPnXeK9qfyRcfaOtUEbE@958ba48
04-05 18:21:45.078  2454  2623 I MusicRecognitionHandler: Music not recognized. Nearest match (-8.584569931030273): Tds5x7r32v4xv7qcwqnzjgsgzqa
04-05 18:21:45.089  2454  2623 I SoundTriggerManagerComp: Starting model 9f6ad62a-1f0b-11e7-87c5-40a8f03d3f15
04-05 18:21:45.089  1176  1200 V SoundTriggerService: 9f6ad62a-1f0b-11e7-87c5-40a8f03d3f15: destroy
04-05 18:21:45.089  1176  1331 I SoundTriggerService: startRecognition(): id = 9f6ad62a-1f0b-11e7-87c5-40a8f03d3f15
04-05 18:21:45.090  1176  1331 W SoundTriggerHelper: Canceling previous recognition for model id: 9f6ad62a-1f0b-11e7-87c5-40a8f03d3f15
04-05 18:21:45.090  1176  1331 V SoundTriggerService: 9f6ad62a-1f0b-11e7-87c5-40a8f03d3f15: onError: -2147483648
04-05 18:21:45.092  1176  1331 W SoundTriggerService: 9f6ad62a-1f0b-11e7-87c5-40a8f03d3f15: Dropped operation as already destroyed or marked for destruction
04-05 18:21:45.096   742  1148 D sound_trigger_hw: stdev_start_recognition:[1] Enter
04-05 18:21:45.096   742  1148 D sound_trigger_hw: loaded_state_fn:[1] handle event id 3
04-05 18:21:45.096   742  1148 D sound_trigger_platform: platform_stdev_get_capture_device: available devices 0x80000004, device 0x80000004
04-05 18:21:45.096   742  1148 D sound_trigger_platform: platform_stdev_get_device_sample_rate: sample rate 48000
04-05 18:21:45.096   742  1148 D sound_trigger_platform: platform_stdev_send_hwmad_cal: previous acdb_id 128 matches new acdb_id 128 return
04-05 18:21:45.096   742  1148 D sound_trigger_platform: platform_stdev_send_calibration: sending device calibration for device(1) acdb_id(128)
04-05 18:21:45.096   742  1148 D ACDB-LOADER: ACDB -> GET_AFE_TOPOLOGY_ID for adcd_id 128, Topology Id 12e19
04-05 18:21:45.096   742  1148 D sound_trigger_hw: set_device: enable device (1) = listen-cpe-handset-mic
04-05 18:21:45.096   742  1148 D audio_route: Apply path: listen-cpe-handset-mic
04-05 18:21:45.129   742  1148 D sound_trigger_hw: start:[1] gcs start VA engine, enable 1 token 10
04-05 18:21:45.129   742  1148 D sound_trigger_hw: start:[1] calling gcs_enable with handle 1, non-persist cal 0xef9c2ba8, sz 24
04-05 18:21:45.129   742  1148 D ACDB-LOADER: ACDB -> ACDB_WDSP_CMD_GET_SUBGRAPH_MODULE_CALIBRATION_SIZE
04-05 18:21:45.130   742  1148 D ACDB-LOADER: ACDB -> ACDB_WDSP_CMD_GET_SUBGRAPH_MODULE_CALIBRATION
04-05 18:21:45.130   742  1148 D ACDB-LOADER: ACDB -> ACDB_WDSP_CMD_GET_SUBGRAPH_MODULE_CALIBRATION_SIZE
04-05 18:21:45.130   742  1148 D ACDB-LOADER: ACDB -> ACDB_WDSP_CMD_GET_SUBGRAPH_MODULE_CALIBRATION
04-05 18:21:45.130   742  1148 D ACDB-LOADER: ACDB -> ACDB_WDSP_CMD_GET_SUBGRAPH_MODULE_CONNECTION_SIZE
04-05 18:21:45.130   742  1148 E         : gcs_get_sg_mod_conn_and_update_pld: subgraph mod conn size 0. Exiting
04-05 18:21:45.130   742  1148 D ACDB-LOADER: ACDB -> ACDB_WDSP_CMD_GET_SUBGRAPH_MODULE_CONNECTION_SIZE
04-05 18:21:45.130   742  1148 D ACDB-LOADER: ACDB -> ACDB_WDSP_CMD_GET_SUBGRAPH_MODULE_CONNECTION
04-05 18:21:45.130   742  1148 D ACDB-LOADER: ACDB -> ACDB_WDSP_CMD_GET_SUBGRAPH_CONNECTIONS_SIZE
04-05 18:21:45.130   742  1148 D ACDB-LOADER: ACDB -> ACDB_WDSP_CMD_GET_SUBGRAPHS_CONNECTION
04-05 18:21:45.130   742  1148 D ACDB-LOADER: ACDB -> ACDB_WDSP_CMD_GET_SUBGRAPH_CONNECTIONS_SIZE
04-05 18:21:45.130   742  1148 E         : __gcs_get_sg_conn_and_update_pld: subgraph conn size 0. Exiting
04-05 18:21:45.141   742  1148 D sound_trigger_hw: reg_hal_event_session: ST_EVENT_SESSION_REGISTER capture_handle 62 p_ses 0xef80a280
04-05 18:21:45.141   742  1148 D sound_trigger_hw: session[1]: loaded_state_fn ---> active_state_fn 
04-05 18:21:45.141   742  1148 D sound_trigger_hw: stdev_start_recognition:[1] Exit
04-05 18:21:45.141  1176  1331 I SoundTriggerHelper: startRecognition successful.
04-05 18:21:55.049   753   753 I /vendor/bin/hw/android.hardware.health@2.0-service.wahoo: SRAM data: 2790000
04-05 18:21:55.088  1798  1798 E QtiImsExtUtils: getConfigForPhoneId phoneId is invalid
04-05 18:21:55.089  1798  1798 E QtiImsExtUtils: isCarrierConfigEnabled bundle is null
04-05 18:22:00.208  7768  7768 I chatty  : uid=10501(com.glgjing.stark) expire 10 lines
04-05 18:22:02.451  2358  8488 W bxkx    : [{0}] Failed to resolve name. status={1}
04-05 18:22:02.978   937   937 I adbd    : Calling send_auth_request...
04-05 18:22:03.003   937   937 I adbd    : Loading keys from /data/misc/adb/adb_keys
04-05 18:22:03.011   937   937 I adbd    : adb client authorized
04-05 18:22:05.140  1176  1342 I PowerManagerService: Waking up from dozing (uid=1000 reason=android.policy:POWER)...
04-05 18:22:05.141  1176  1176 W UsageStatsService: Event reported without a package name
04-05 18:22:05.141  1608  1608 I Elmyra/ElmyraService: Gated by SystemKeyPress
04-05 18:22:05.142   746   746 V ContextHubHal: sendMessageToHub
04-05 18:22:05.144   806   879 I chatty  : uid=1000(system) /vendor/bin/sensors.qcom expire 36 lines
04-05 18:22:05.155  1176  1405 E WifiStateMachine: getWifiLinkLayerStats called without an interface
04-05 18:22:05.156  1176  1176 V AudioService.RotationHelper: publishing device rotation =0 (x90deg)
04-05 18:22:05.157   746   746 V ContextHubHal: sendMessageToHub
04-05 18:22:05.158   746   746 V ContextHubHal: sendMessageToHub
04-05 18:22:05.162  1588  1588 I DeviceStatusMonitor: onReceive() : Action = android.intent.action.SCREEN_ON
04-05 18:22:05.175  1608  1608 D StatusBar: disable<e i a s b H R c s > disable2<q i n >
04-05 18:22:05.175  1608  1608 D StatusBar: disable<e i a s b H R c s > disable2<q i n >
04-05 18:22:05.191  1176  1220 I DisplayPowerController: Blocking screen off
04-05 18:22:05.191  1176  1220 I DisplayPowerController: Unblocked screen off after 0 ms
04-05 18:22:05.192  1755  1837 I QCNEJ/CndHalConnector: -> SND notifyScreenStateChanged(true)
04-05 18:22:05.193  1176  1220 I DisplayPowerController: Blocking screen on until initial contents have been drawn.
04-05 18:22:05.196   753   753 I /vendor/bin/hw/android.hardware.health@2.0-service.wahoo: SRAM data: 2790000
04-05 18:22:05.198  1755  1837 I QCNEJ/CndHalConnector: -> SND notifyScreenStateChanged(false)
04-05 18:22:05.200  1176  1218 I DisplayManagerService: Display device changed state: "Built-in Screen", ON
04-05 18:22:05.200   753   753 I /vendor/bin/hw/android.hardware.health@2.0-service.wahoo: SRAM data: 2790000
04-05 18:22:05.203  1176  1342 I InputReader: Reconfiguring input devices.  changes=0x00000004
04-05 18:22:05.203  1798  1798 E QtiImsExtUtils: getConfigForPhoneId phoneId is invalid
04-05 18:22:05.203  1798  1798 E QtiImsExtUtils: isCarrierConfigEnabled bundle is null
04-05 18:22:05.215  1608  1608 D StatusBar: disable<e i a s b H R c s > disable2<q i n >
04-05 18:22:05.215  1608  1608 D StatusBar: disable<e i a s b H R c s > disable2<q i n >
04-05 18:22:05.223   602   602 D SurfaceFlinger: Set power mode=2, type=0 flinger=0x700f455000
04-05 18:22:05.223   604   674 I SDM     : DisplayBase::SetDisplayState: Set state = 1, display 0
04-05 18:22:05.225   602   602 D SurfaceFlinger: Finished set power mode=2, type=0
04-05 18:22:05.251   757   757 D NxpExtns: find found MIFARE_READER_ENABLE=(0x1)
04-05 18:22:05.251   757  2539 D NxpTml  : PN54X - Write requested.....
04-05 18:22:05.251   757  2539 D NxpTml  : PN54X - Invoking I2C Write.....
04-05 18:22:05.252   757  2539 E NxpTml  : _i2c_write() errno : 5
04-05 18:22:05.252   757  2539 E NxpTml  : PN54X - Error in I2C Write.....
04-05 18:22:05.252   757  2539 D NxpTml  : PN54X - Posting Fresh Write message.....
04-05 18:22:05.252   757  2539 D NxpTml  : PN54X - Tml Writer Thread Running................
04-05 18:22:05.252   757  2541 E NxpHal  : write error status = 0x1ff
04-05 18:22:05.252   757   757 E NxpHal  : write_unlocked failed - PN54X Maybe in Standby Mode - Retry
04-05 18:22:05.252  1176  1220 I DisplayPowerController: Unblocked screen on after 59 ms
