04-05 17:45:49.982  1176  1216 I UsbPortManager: USB port changed: port=UsbPort{id=port0, supportedModes=dual}, status=UsbPortStatus{connected=false, currentMode=none, currentPowerRole=no-power, currentDataRole=no-data, supportedRoleCombinations=[no-power:no-data]}, canChangeMode=true, canChangePowerRole=false, canChangeDataRole=false
04-05 17:45:49.996  1176  1214 E BatteryExternalStatsWorker: no controller energy info supplied for wifi
04-05 17:45:49.996  1176  1214 E BatteryExternalStatsWorker: no controller energy info supplied for bluetooth
04-05 17:45:49.997  1176  1210 W BroadcastQueue: Background execution not allowed: receiving Intent { act=android.intent.action.ACTION_POWER_DISCONNECTED flg=0x4000010 (has extras) } to com.google.android.apps.photos/.scheduler.PowerReceiver
04-05 17:45:49.997  1176  1210 W BroadcastQueue: Background execution not allowed: receiving Intent { act=android.intent.action.ACTION_POWER_DISCONNECTED flg=0x4000010 (has extras) } to com.google.android.apps.turbo/.nudges.broadcasts.BatteryStatusChangedReceiver
04-05 17:45:50.004  1176  1210 W BroadcastQueue: Background execution not allowed: receiving Intent { act=android.intent.action.ACTION_POWER_DISCONNECTED flg=0x4000010 (has extras) } to com.google.android.gms/com.google.android.libraries.social.autobackup.AutoBackupEnvironment$BatteryReceiver
04-05 17:45:50.004  1176  1210 W BroadcastQueue: Background execution not allowed: receiving Intent { act=android.intent.action.ACTION_POWER_DISCONNECTED flg=0x4000010 (has extras) } to com.google.android.gms/.chimera.GmsIntentOperationService$PersistentTrustedReceiver
04-05 17:45:50.770  1176  1216 D UsbDeviceManager: Clear notification
04-05 17:45:55.048  1176  1214 E BatteryExternalStatsWorker: no controller energy info supplied for wifi
04-05 17:45:55.048  1176  1214 E BatteryExternalStatsWorker: no controller energy info supplied for bluetooth
04-05 17:45:55.048  1176  1217 I EntropyMixer: Writing entropy...
04-05 17:45:55.049  1176  1210 W BroadcastQueue: Background execution not allowed: receiving Intent { act=android.intent.action.ACTION_POWER_CONNECTED flg=0x4000010 (has extras) } to com.google.android.apps.photos/.scheduler.PowerReceiver
04-05 17:45:55.050  1176  1210 W BroadcastQueue: Background execution not allowed: receiving Intent { act=android.intent.action.ACTION_POWER_CONNECTED flg=0x4000010 (has extras) } to com.google.android.apps.turbo/.nudges.broadcasts.BatteryStatusChangedReceiver
04-05 17:45:55.050  1176  1210 W BroadcastQueue: Background execution not allowed: receiving Intent { act=android.intent.action.ACTION_POWER_CONNECTED flg=0x4000010 (has extras) } to com.google.android.gms/.gcm.nts.SchedulerReceiver
04-05 17:45:55.050  1176  1210 W BroadcastQueue: Background execution not allowed: receiving Intent { act=android.intent.action.ACTION_POWER_CONNECTED flg=0x4000010 (has extras) } to com.google.android.gms/com.google.android.libraries.social.autobackup.AutoBackupEnvironment$BatteryReceiver
04-05 17:45:55.050  1176  1210 W BroadcastQueue: Background execution not allowed: receiving Intent { act=android.intent.action.ACTION_POWER_CONNECTED flg=0x4000010 (has extras) } to com.google.android.gms/.chimera.GmsIntentOperationService$PersistentTrustedReceiver
04-05 17:45:55.050  1176  1210 W BroadcastQueue: Background execution not allowed: receiving Intent { act=android.intent.action.ACTION_POWER_CONNECTED flg=0x4000010 (has extras) } to com.estrongs.android.pop/.app.StartServiceReceiver
04-05 17:45:55.050  1176  1210 W BroadcastQueue: Background execution not allowed: receiving Intent { act=android.intent.action.ACTION_POWER_CONNECTED flg=0x4000010 (has extras) } to com.estrongs.android.pop/.app.ReportAliveReceiver
04-05 17:45:55.051  1176  1210 W BroadcastQueue: Background execution not allowed: receiving Intent { act=android.intent.action.ACTION_POWER_CONNECTED flg=0x4000010 (has extras) } to com.lenovo.anyshare.gps/com.lenovo.anyshare.app.DefaultReceiver
04-05 17:45:57.265  1176  1510 I UsbPortManager: ClientCallback: port0
04-05 17:45:57.266  1176  1216 I UsbPortManager: USB port changed: port=UsbPort{id=port0, supportedModes=dual}, status=UsbPortStatus{connected=true, currentMode=ufp, currentPowerRole=sink, currentDataRole=device, supportedRoleCombinations=[source:host, sink:device]}, canChangeMode=true, canChangePowerRole=false, canChangeDataRole=false
04-05 17:45:57.293  1176  1216 D UsbDeviceManager: push notification:USB file transfer turned on
04-05 17:46:17.600  1176  2486 I ActivityManager: START u0 {act=android.intent.action.MAIN cat=[android.intent.category.LAUNCHER] flg=0x10200000 cmp=com.android.settings/.Settings bnds=[843,1408][1045,1592]} from uid 10016
04-05 17:46:17.627  1176  1212 I ActivityManager: Start proc 7106:com.android.settings/1000 for activity com.android.settings/.Settings
04-05 17:46:17.752  1176  1212 I ActivityManager: Start proc 7129:com.google.android.settings.intelligence/u0a140 for service com.google.android.settings.intelligence/.modules.suggestions.SuggestionService
04-05 17:46:17.874  1176  1214 E BatteryExternalStatsWorker: no controller energy info supplied for wifi
04-05 17:46:17.874  1176  1214 E BatteryExternalStatsWorker: no controller energy info supplied for bluetooth
04-05 17:46:17.913  1176  1214 E BatteryExternalStatsWorker: no controller energy info supplied for wifi
04-05 17:46:17.913  1176  1214 E BatteryExternalStatsWorker: no controller energy info supplied for bluetooth
04-05 17:46:38.315  1176  1210 I ActivityManager: Killing 6207:com.google.process.gapps/u0a15 (adj 906): empty #17
04-05 17:46:41.688  1176  7018 I ActivityManager: Killing 6331:com.google.android.calendar/u0a309 (adj 906): empty #17
04-05 17:46:46.078  1176  6804 W ActivityManager: Background start not allowed: service Intent { cmp=com.google.android.apps.messaging/.shared.datamodel.action.execution.ActionExecutorImpl$EmptyService } to com.google.android.apps.messaging/.shared.datamodel.action.execution.ActionExecutorImpl$EmptyService from pid=6826 uid=10104 pkg=com.google.android.apps.messaging startFg?=false
04-05 17:48:34.998  1176  1210 W BroadcastQueue: Background execution not allowed: receiving Intent { act=android.intent.action.DROPBOX_ENTRY_ADDED flg=0x10 (has extras) } to com.google.android.gms/.stats.service.DropBoxEntryAddedReceiver
04-05 17:48:34.998  1176  1210 W BroadcastQueue: Background execution not allowed: receiving Intent { act=android.intent.action.DROPBOX_ENTRY_ADDED flg=0x10 (has extras) } to com.google.android.gms/.chimera.GmsIntentOperationService$PersistentTrustedReceiver
04-05 17:48:35.069  1176  1210 W BroadcastQueue: Background execution not allowed: receiving Intent { act=android.intent.action.DROPBOX_ENTRY_ADDED flg=0x10 (has extras) } to com.google.android.gms/.stats.service.DropBoxEntryAddedReceiver
04-05 17:48:35.069  1176  1210 W BroadcastQueue: Background execution not allowed: receiving Intent { act=android.intent.action.DROPBOX_ENTRY_ADDED flg=0x10 (has extras) } to com.google.android.gms/.chimera.GmsIntentOperationService$PersistentTrustedReceiver
04-05 17:48:54.285  1176  1341 I ActivityManager: START u0 {act=android.intent.action.MAIN cat=[android.intent.category.HOME] flg=0x10200000 cmp=com.google.android.apps.nexuslauncher/.NexusLauncherActivity (has extras)} from uid 1000
04-05 17:48:54.475  1176  1471 I SoundTriggerHelper: startRecognition successful.
04-05 17:49:46.946  1176  6823 I ActivityManager: START u0 {act=android.intent.action.MAIN cat=[android.intent.category.LAUNCHER] flg=0x10200000 cmp=com.android.vending/.AssetBrowserActivity} from uid 2000
04-05 17:49:46.970  1176  1176 V SettingsProvider: Notifying for 0: content://settings/system/user_rotation
04-05 17:49:46.970  1176  1176 V SettingsProvider: Notifying for 0: content://settings/system/accelerometer_rotation
04-05 17:49:46.970  1176  1176 V SettingsProvider: Notifying for 0: content://settings/system/accelerometer_rotation
04-05 17:49:46.983  1176  1212 I ActivityManager: Start proc 7325:com.android.vending/u0a64 for activity com.android.vending/.AssetBrowserActivity
04-05 17:49:47.166  1176  3020 D ConnectivityService: requestNetwork for uid/pid:10064/7325 NetworkRequest [ TRACK_DEFAULT id=33, [ Capabilities: INTERNET&NOT_RESTRICTED&TRUSTED Unwanted:  Uid: 10064] ]
04-05 17:49:47.186  1176  1212 I ActivityManager: Start proc 7380:com.google.process.gapps/u0a15 for content provider com.google.android.gsf/.settings.GoogleSettingsProvider
04-05 17:49:50.864  1176  1212 I ActivityManager: Start proc 7502:com.android.chrome/u0a121 for service com.android.chrome/org.chromium.chrome.browser.customtabs.CustomTabsConnectionService
04-05 17:49:52.271  1176  1200 D ConnectivityService: requestNetwork for uid/pid:10121/7502 NetworkRequest [ TRACK_DEFAULT id=35, [ Capabilities: INTERNET&NOT_RESTRICTED&TRUSTED Unwanted:  Uid: 10121] ]
04-05 17:49:52.846  1176  1212 I ActivityManager: Start proc 7580:com.google.android.inputmethod.latin:train/u0a80 for service com.google.android.inputmethod.latin/com.google.android.apps.inputmethod.libs.dvrnn.trainingservice.DvrnnTrainingRpcService
04-05 17:49:53.074  1176  6823 I ActivityManager: Killing 6374:com.google.android.gm/u0a114 (adj 906): empty #17
04-05 17:49:54.418  1176  1176 V SettingsProvider: Notifying for 0: content://settings/secure/input_methods_subtype_history
04-05 17:49:54.418  1176  1176 V SettingsProvider: Notifying for 0: content://settings/secure/selected_input_method_subtype
04-05 17:49:54.418  1176  1176 V SettingsProvider: Notifying for 0: content://settings/secure/default_input_method
04-05 17:49:54.448  1176  7018 E InputMethodManagerService: Ignoring com.android.server.InputMethodManagerService.updateStatusIcon:2188 due to an invalid token. uid:10080 token:android.os.Binder@fe62591
04-05 17:49:57.400  1176  3020 D ConnectivityService: requestNetwork for uid/pid:10121/7502 NetworkRequest [ TRACK_DEFAULT id=37, [ Capabilities: INTERNET&NOT_RESTRICTED&TRUSTED Unwanted:  Uid: 10121] ]
04-05 17:50:08.587  1176  7205 I ActivityManager: Killing 6763:air.com.ubisoft.csi.HiddenCrimes/u0a327 (adj 906): empty #17
04-05 17:50:08.660  1176  7205 I ActivityManager: Killing 6724:com.google.android.as:nonpersistent/u0a132 (adj 906): empty #17
04-05 17:50:08.727  1176  1200 D ConnectivityService: ConnectivityService NetworkRequestInfo binderDied(NetworkRequest [ LISTEN id=32, [ Capabilities: INTERNET&NOT_RESTRICTED&TRUSTED Unwanted:  Uid: 10132] ], android.os.BinderProxy@bf0ccb8)
04-05 17:50:08.727  1176  6804 D ConnectivityService: ConnectivityService NetworkRequestInfo binderDied(NetworkRequest [ TRACK_DEFAULT id=31, [ Capabilities: INTERNET&NOT_RESTRICTED&TRUSTED Unwanted:  Uid: 10132] ], android.os.BinderProxy@2376a91)
04-05 17:50:08.728  1176  1419 D ConnectivityService: releasing NetworkRequest [ TRACK_DEFAULT id=31, [ Capabilities: INTERNET&NOT_RESTRICTED&TRUSTED Unwanted:  Uid: 10132] ] (release request)
04-05 17:50:18.392  1176  7205 I ActivityManager: Killing 6251:com.google.android.apps.messaging:rcs/u0a104 (adj 906): empty #17
04-05 17:53:17.177  1176  1212 I ActivityManager: Start proc 7736:com.google.android.gms.learning/u0a15 for service com.google.android.gms/.learning.training.background.TrainingGcmTaskService
04-05 17:53:40.802  1176  1212 I ActivityManager: Start proc 7768:com.glgjing.stark/u0a501 for service com.glgjing.stark/com.evernote.android.job.v21.PlatformJobService
04-05 17:53:40.838  1176  2490 I ActivityManager: Killing 6891:com.google.android.partnersetup/u0a24 (adj 906): empty #17
04-05 17:53:52.007  1176  1200 I ActivityManager: Killing 6826:com.google.android.apps.messaging/u0a104 (adj 906): empty #17
04-05 17:54:15.344  1176  1210 W BroadcastQueue: Background execution not allowed: receiving Intent { act=com.d.cannon.action.PLAY flg=0x30 } to com.estrongs.android.pop/com.d.canon.CanonReceiver
04-05 17:57:55.118  1176  1214 D KernelUidCpuTimeReader: Removing uids 1037-1037
04-05 17:58:33.533  1176  1211 I ActivityManager: Config changes=20000480 {1.0 ?mcc?mnc [en_US,fr_FR,de_DE,ja_JP,zh_TW_#Hant,ru_RU,it_IT,tr_TR,ko_KR,es_US,pt_PT] ldltr sw411dp w683dp h387dp 420dpi nrml hdr widecg land finger -keyb/v/h -nav/h winConfig={ mBounds=Rect(0, 0 - 0, 0) mAppBounds=Rect(126, 0 - 1920, 1080) mWindowingMode=fullscreen mActivityType=undefined} s.8}
04-05 17:58:33.540  1176  1211 I ActivityManager: Override config changes=20000480 {1.0 ?mcc?mnc [en_US,fr_FR,de_DE,ja_JP,zh_TW_#Hant,ru_RU,it_IT,tr_TR,ko_KR,es_US,pt_PT] ldltr sw411dp w683dp h387dp 420dpi nrml hdr widecg land finger -keyb/v/h -nav/h winConfig={ mBounds=Rect(0, 0 - 1794, 1080) mAppBounds=Rect(126, 0 - 1920, 1080) mWindowingMode=fullscreen mActivityType=undefined} s.8} for displayId=0
04-05 17:58:33.942  1176  1298 I WindowManager: Screen frozen for +446ms due to Window{dbe5e44 u0 com.android.vending/com.android.vending.AssetBrowserActivity}
04-05 17:59:54.769  1176  1220 I PowerManagerService: Going to sleep due to screen timeout (uid 1000)...
04-05 17:59:54.770  1176  1176 W UsageStatsService: Event reported without a package name
04-05 17:59:55.277  1176  1220 I DisplayPowerController: Blocking screen off
04-05 17:59:55.278  1176  1220 I DisplayPowerController: Unblocked screen off after 1 ms
04-05 17:59:55.351  1176  1218 I DisplayManagerService: Display device changed state: "Built-in Screen", OFF
04-05 17:59:55.570  1176  1220 I DreamManagerService: Entering dreamland.
04-05 17:59:55.571  1176  1220 I PowerManagerService: Dozing...
04-05 17:59:55.572  1176  1216 I DreamController: Starting dream: name=ComponentInfo{com.android.systemui/com.android.systemui.doze.DozeService}, isTest=false, canDoze=true, userId=0
04-05 17:59:55.676  1176  1199 I ActivityManager: Config changes=20000480 {1.0 ?mcc?mnc [en_US,fr_FR,de_DE,ja_JP,zh_TW_#Hant,ru_RU,it_IT,tr_TR,ko_KR,es_US,pt_PT] ldltr sw411dp w411dp h659dp 420dpi nrml hdr widecg port finger -keyb/v/h -nav/h winConfig={ mBounds=Rect(0, 0 - 0, 0) mAppBounds=Rect(0, 0 - 1080, 1794) mWindowingMode=fullscreen mActivityType=undefined} s.9}
04-05 17:59:55.687  1176  1199 I ActivityManager: Override config changes=20000480 {1.0 ?mcc?mnc [en_US,fr_FR,de_DE,ja_JP,zh_TW_#Hant,ru_RU,it_IT,tr_TR,ko_KR,es_US,pt_PT] ldltr sw411dp w411dp h659dp 420dpi nrml hdr widecg port finger -keyb/v/h -nav/h winConfig={ mBounds=Rect(0, 0 - 1794, 1080) mAppBounds=Rect(0, 0 - 1080, 1794) mWindowingMode=fullscreen mActivityType=undefined} s.9} for displayId=0
04-05 17:59:55.804  1176  1220 I DisplayPowerController: Blocking screen on until initial contents have been drawn.
04-05 17:59:55.805  1176  1218 I DisplayManagerService: Display device changed state: "Built-in Screen", DOZE
04-05 17:59:56.110  1176  3666 W WindowManager: Failed looking up window callers=com.android.server.wm.WindowManagerService.pokeDrawLock:1848 com.android.server.wm.Session.pokeDrawLock:449 android.view.IWindowSession$Stub.onTransact:704 
04-05 17:59:56.134  1176  3666 W WindowManager: Failed looking up window callers=com.android.server.wm.WindowManagerService.pokeDrawLock:1848 com.android.server.wm.Session.pokeDrawLock:449 android.view.IWindowSession$Stub.onTransact:704 
04-05 17:59:56.371  1176  1220 I DisplayPowerController: Unblocked screen on after 566 ms
04-05 17:59:59.834  1176  2490 W UsageStatsService: Event reported without a package name
--------- beginning of main
04-05 18:00:23.184  6528  7023 I ngs.android.po: Note: end time exceeds INT32_MAX: 9223372036
04-05 18:00:23.184  6528  7025 I ngs.android.po: Note: end time exceeds INT32_MAX: 9223372036
04-05 18:00:23.184  6528  7024 I ngs.android.po: Note: end time exceeds INT32_MAX: 9223372035
04-05 18:00:23.184  6528  7029 I ngs.android.po: Note: end time exceeds INT32_MAX: 9223372035
04-05 18:00:23.184  6528  6641 I ngs.android.po: Note: end time exceeds INT32_MAX: 9223372036
04-05 18:00:23.185  6528  7027 I ngs.android.po: Note: end time exceeds INT32_MAX: 9223372036
04-05 18:00:23.196  6528  6539 I ngs.android.po: ThreadFlipBegin blocked for 6.196ms
04-05 18:00:23.225  6528  6601 I ngs.android.po: Note: end time exceeds INT32_MAX: 9223372035
04-05 18:00:23.225  6528  7028 I ngs.android.po: Note: end time exceeds INT32_MAX: 9223372035
04-05 18:00:23.225  6528  7022 I ngs.android.po: Note: end time exceeds INT32_MAX: 9223372035
04-05 18:00:23.225  6528  7023 I ngs.android.po: Note: end time exceeds INT32_MAX: 9223372036
04-05 18:00:23.225  6528  7025 I ngs.android.po: Note: end time exceeds INT32_MAX: 9223372036
04-05 18:00:23.225  6528  7024 I ngs.android.po: Note: end time exceeds INT32_MAX: 9223372035
04-05 18:00:23.225  6528  7029 I ngs.android.po: Note: end time exceeds INT32_MAX: 9223372035
04-05 18:00:23.225  6528  6641 I ngs.android.po: Note: end time exceeds INT32_MAX: 9223372036
04-05 18:00:23.226  6528  7027 I ngs.android.po: Note: end time exceeds INT32_MAX: 9223372036
04-05 18:00:23.267  6528  6601 I ngs.android.po: Note: end time exceeds INT32_MAX: 9223372035
04-05 18:00:23.268  6528  7028 I ngs.android.po: Note: end time exceeds INT32_MAX: 9223372035
04-05 18:00:23.268  6528  7022 I ngs.android.po: Note: end time exceeds INT32_MAX: 9223372035
04-05 18:00:23.268  6528  7023 I ngs.android.po: Note: end time exceeds INT32_MAX: 9223372036
04-05 18:00:23.268  6528  7025 I ngs.android.po: Note: end time exceeds INT32_MAX: 9223372036
04-05 18:00:23.268  6528  7024 I ngs.android.po: Note: end time exceeds INT32_MAX: 9223372035
04-05 18:00:23.268  6528  7029 I ngs.android.po: Note: end time exceeds INT32_MAX: 9223372035
04-05 18:00:23.268  6528  6641 I ngs.android.po: Note: end time exceeds INT32_MAX: 9223372036
04-05 18:00:23.268  6528  7027 I ngs.android.po: Note: end time exceeds INT32_MAX: 9223372036
04-05 18:00:23.313  6528  7028 I ngs.android.po: Note: end time exceeds INT32_MAX: 9223372035
04-05 18:00:23.313  6528  7022 I ngs.android.po: Note: end time exceeds INT32_MAX: 9223372035
04-05 18:00:23.313  6528  7023 I ngs.android.po: Note: end time exceeds INT32_MAX: 9223372036
04-05 18:00:23.313  6528  7025 I ngs.android.po: Note: end time exceeds INT32_MAX: 9223372036
04-05 18:00:23.313  6528  7024 I ngs.android.po: Note: end time exceeds INT32_MAX: 9223372035
04-05 18:00:23.313  6528  7029 I ngs.android.po: Note: end time exceeds INT32_MAX: 9223372035
04-05 18:00:23.313  6528  6641 I ngs.android.po: Note: end time exceeds INT32_MAX: 9223372036
04-05 18:00:23.313  6528  7027 I ngs.android.po: Note: end time exceeds INT32_MAX: 9223372036
04-05 18:00:23.328  7768  7768 I chatty  : uid=10501(com.glgjing.stark) expire 20 lines
04-05 18:00:23.362  6528  7028 I ngs.android.po: Note: end time exceeds INT32_MAX: 9223372035
04-05 18:00:23.362  6528  7022 I ngs.android.po: Note: end time exceeds INT32_MAX: 9223372035
04-05 18:00:23.363  6528  7023 I ngs.android.po: Note: end time exceeds INT32_MAX: 9223372036
04-05 18:00:23.363  6528  7025 I ngs.android.po: Note: end time exceeds INT32_MAX: 9223372036
04-05 18:00:23.363  6528  7024 I ngs.android.po: Note: end time exceeds INT32_MAX: 9223372035
04-05 18:00:23.363  6528  7029 I ngs.android.po: Note: end time exceeds INT32_MAX: 9223372035
04-05 18:00:23.363  6528  6641 I ngs.android.po: Note: end time exceeds INT32_MAX: 9223372036
04-05 18:00:23.363  6528  7027 I ngs.android.po: Note: end time exceeds INT32_MAX: 9223372036
04-05 18:00:23.363  6528  7026 I ngs.android.po: Note: end time exceeds INT32_MAX: 9223372036
04-05 18:00:23.400  6528  7028 I ngs.android.po: Note: end time exceeds INT32_MAX: 9223372035
04-05 18:00:23.400  6528  7022 I ngs.android.po: Note: end time exceeds INT32_MAX: 9223372035
04-05 18:00:23.400  6528  7023 I ngs.android.po: Note: end time exceeds INT32_MAX: 9223372036
04-05 18:00:23.400  6528  7025 I ngs.android.po: Note: end time exceeds INT32_MAX: 9223372036
04-05 18:00:23.400  6528  7024 I ngs.android.po: Note: end time exceeds INT32_MAX: 9223372035
04-05 18:00:23.400  6528  7029 I ngs.android.po: Note: end time exceeds INT32_MAX: 9223372035
04-05 18:00:23.400  6528  6641 I ngs.android.po: Note: end time exceeds INT32_MAX: 9223372036
04-05 18:00:23.400  6528  7027 I ngs.android.po: Note: end time exceeds INT32_MAX: 9223372036
04-05 18:00:23.400  6528  7026 I ngs.android.po: Note: end time exceeds INT32_MAX: 9223372036
04-05 18:00:23.447  6528  7028 I ngs.android.po: Note: end time exceeds INT32_MAX: 9223372035
04-05 18:00:23.447  6528  7022 I ngs.android.po: Note: end time exceeds INT32_MAX: 9223372035
04-05 18:00:23.447  6528  7023 I ngs.android.po: Note: end time exceeds INT32_MAX: 9223372036
04-05 18:00:23.447  6528  7025 I ngs.android.po: Note: end time exceeds INT32_MAX: 9223372036
04-05 18:00:23.448  6528  7024 I ngs.android.po: Note: end time exceeds INT32_MAX: 9223372035
04-05 18:00:23.448  6528  7029 I ngs.android.po: Note: end time exceeds INT32_MAX: 9223372035
04-05 18:00:23.448  6528  6641 I ngs.android.po: Note: end time exceeds INT32_MAX: 9223372036
04-05 18:00:23.448  6528  7027 I ngs.android.po: Note: end time exceeds INT32_MAX: 9223372036
04-05 18:00:23.448  6528  7026 I ngs.android.po: Note: end time exceeds INT32_MAX: 9223372036
04-05 18:00:23.466  6528  7028 I ngs.android.po: Note: end time exceeds INT32_MAX: 9223372035
04-05 18:00:23.466  6528  7022 I ngs.android.po: Note: end time exceeds INT32_MAX: 9223372035
04-05 18:00:23.466  6528  7023 I ngs.android.po: Note: end time exceeds INT32_MAX: 9223372036
04-05 18:00:23.466  6528  7025 I ngs.android.po: Note: end time exceeds INT32_MAX: 9223372036
04-05 18:00:23.466  6528  7024 I ngs.android.po: Note: end time exceeds INT32_MAX: 9223372035
04-05 18:00:23.466  6528  7029 I ngs.android.po: Note: end time exceeds INT32_MAX: 9223372035
04-05 18:00:23.466  6528  6641 I ngs.android.po: Note: end time exceeds INT32_MAX: 9223372036
04-05 18:00:23.466  6528  7027 I ngs.android.po: Note: end time exceeds INT32_MAX: 9223372036
04-05 18:00:23.466  6528  7026 I ngs.android.po: Note: end time exceeds INT32_MAX: 9223372036
04-05 18:00:23.484  6528  7028 I ngs.android.po: Note: end time exceeds INT32_MAX: 9223372035
04-05 18:00:23.484  6528  7022 I ngs.android.po: Note: end time exceeds INT32_MAX: 9223372035
04-05 18:00:23.484  6528  7023 I ngs.android.po: Note: end time exceeds INT32_MAX: 9223372036
04-05 18:00:23.484  6528  7025 I ngs.android.po: Note: end time exceeds INT32_MAX: 9223372036
04-05 18:00:23.484  6528  7024 I ngs.android.po: Note: end time exceeds INT32_MAX: 9223372035
04-05 18:00:23.484  6528  7029 I ngs.android.po: Note: end time exceeds INT32_MAX: 9223372035
04-05 18:00:23.485  6528  6641 I ngs.android.po: Note: end time exceeds INT32_MAX: 9223372036
04-05 18:00:23.485  6528  7027 I ngs.android.po: Note: end time exceeds INT32_MAX: 9223372036
04-05 18:00:23.485  6528  7026 I ngs.android.po: Note: end time exceeds INT32_MAX: 9223372036
04-05 18:00:23.527  6528  7028 I ngs.android.po: Note: end time exceeds INT32_MAX: 9223372035
04-05 18:00:23.527  6528  7022 I ngs.android.po: Note: end time exceeds INT32_MAX: 9223372035
04-05 18:00:23.528  6528  7023 I ngs.android.po: Note: end time exceeds INT32_MAX: 9223372036
04-05 18:00:23.528  6528  7025 I ngs.android.po: Note: end time exceeds INT32_MAX: 9223372036
04-05 18:00:23.528  6528  7024 I ngs.android.po: Note: end time exceeds INT32_MAX: 9223372035
04-05 18:00:23.528  6528  7029 I ngs.android.po: Note: end time exceeds INT32_MAX: 9223372035
04-05 18:00:23.528  6528  6641 I ngs.android.po: Note: end time exceeds INT32_MAX: 9223372036
04-05 18:00:23.528  6528  7027 I ngs.android.po: Note: end time exceeds INT32_MAX: 9223372036
04-05 18:00:23.528  6528  7026 I ngs.android.po: Note: end time exceeds INT32_MAX: 9223372036
04-05 18:00:23.548  6528  7028 I ngs.android.po: Note: end time exceeds INT32_MAX: 9223372035
04-05 18:00:23.548  6528  7022 I ngs.android.po: Note: end time exceeds INT32_MAX: 9223372035
04-05 18:00:23.548  6528  7023 I ngs.android.po: Note: end time exceeds INT32_MAX: 9223372036
04-05 18:00:23.548  6528  7025 I ngs.android.po: Note: end time exceeds INT32_MAX: 9223372036
04-05 18:00:23.548  6528  7024 I ngs.android.po: Note: end time exceeds INT32_MAX: 9223372035
04-05 18:00:23.548  6528  7029 I ngs.android.po: Note: end time exceeds INT32_MAX: 9223372035
04-05 18:00:23.548  6528  6641 I ngs.android.po: Note: end time exceeds INT32_MAX: 9223372036
04-05 18:00:23.548  6528  7027 I ngs.android.po: Note: end time exceeds INT32_MAX: 9223372036
04-05 18:00:23.548  6528  7026 I ngs.android.po: Note: end time exceeds INT32_MAX: 9223372036
04-05 18:00:24.313  6528  6601 W System.err: android.content.pm.PackageManager$NameNotFoundException
04-05 18:00:24.313  6528  6601 W System.err: 	at android.app.ApplicationPackageManager.getPackageInfoAsUser(ApplicationPackageManager.java:181)
04-05 18:00:24.313  6528  6601 W System.err: 	at android.app.ApplicationPackageManager.getPackageInfo(ApplicationPackageManager.java:152)
04-05 18:00:24.313  6528  6601 W System.err: 	at es.vy.c(LoggerLandingSceneManager.java:153)
04-05 18:00:24.313  6528  6601 W System.err: 	at es.vy.a(LoggerLandingSceneManager.java:66)
04-05 18:00:24.313  6528  6601 W System.err: 	at es.abf$1.a(SceneWhenNewFile.java:77)
04-05 18:00:24.313  6528  6601 W System.err: 	at es.add$a$1.run(NotifyHandler.java:68)
04-05 18:00:24.313  6528  6601 W System.err: 	at com.estrongs.android.util.p$a.run(ESThreadPoolImpl.java:95)
04-05 18:00:24.313  6528  6601 W System.err: 	at java.lang.Thread.run(Thread.java:764)
04-05 18:00:55.047   753   753 I /vendor/bin/hw/android.hardware.health@2.0-service.wahoo: SRAM data: 2790000
04-05 18:00:55.057  1798  1798 E QtiImsExtUtils: getConfigForPhoneId phoneId is invalid
04-05 18:00:55.057  1798  1798 E QtiImsExtUtils: isCarrierConfigEnabled bundle is null
04-05 18:00:56.540  2358  7854 W bxkx    : [{0}] Failed to resolve name. status={1}
04-05 18:01:03.565  7768  7768 I chatty  : uid=10501(com.glgjing.stark) expire 10 lines
04-05 18:01:17.582  2358  7854 W bxkx    : [{0}] Failed to resolve name. status={1}
04-05 18:01:18.168  7325  7325 I Finsky  : [2] com.google.android.finsky.scheduler.JobSchedulerEngine$PhoneskyJobSchedulerJobService.onStartJob(3): onJobSchedulerWakeup with jobId 9001
04-05 18:01:18.173  7325  7325 I Finsky  : [2] pqc.a(21): Scheduling fallback job with id: 9034, and delay: 43200000 ms
04-05 18:01:18.177  7325  7325 I Finsky  : [2] pqc.a(5): Scheduling fallback in 64799998 (absolute: 65912471)
04-05 18:01:18.194  7325  7325 I Finsky  : [2] pqk.handleMessage(10): DeviceState: DeviceState{currentTime=1554467478190, isCharging=true, isIdle=true, netAny=false, netNotRoaming=false, netUnmetered=false}
04-05 18:01:18.202  7325  7970 I Finsky  : [198] prq.b(7): Jobs in database: 1-1337 16-16161616 26-1414141414 
04-05 18:01:18.213  2062  7966 E WorkSourceUtil: Could not find package: com.google.android.gms.stats.eastworld
04-05 18:01:18.213  7325  7325 I Finsky  : [2] pqf.a(45): Running job: 16-16161616
04-05 18:01:18.215  7325  7325 I Finsky  : [2] pqk.handleMessage(81): RunningQueue size: 1, PendingQueue size: 0
04-05 18:01:18.215  7325  7325 I Finsky  : [2] pqk.handleMessage(90): Running queue: 16-16161616 
04-05 18:01:18.225  7325  7971 I Finsky  : [199] iyg.a(3): Flushing event logs for [vXfey1JRmRcx39y3B8m2HPfteb8]
04-05 18:01:18.231  7325  7372 I PlayCommon: [135] adkp.d(23): Preparing logs for uploading
04-05 18:01:18.239  7325  7372 I PlayCommon: [135] adkp.d(206): Connecting to server for timestamp: https://play.googleapis.com/play/log/timestamp
04-05 18:01:18.247  7325  7372 E PlayCommon: [135] adkp.d(287): Failed to connect to server for server timestamp: java.net.UnknownHostException: Unable to resolve host "play.googleapis.com": No address associated with hostname
04-05 18:01:18.255  7325  7372 I PlayCommon: [135] adkp.d(114): Connecting to server: https://play.googleapis.com/play/log?format=raw&proto_v2=true
04-05 18:01:18.256  7325  7372 E PlayCommon: [135] adkp.d(265): Failed to connect to server: java.net.UnknownHostException: Unable to resolve host "play.googleapis.com": No address associated with hostname
04-05 18:01:18.271  2062  2072 I .gms.persisten: Background concurrent copying GC freed 182374(8MB) AllocSpace objects, 10(408KB) LOS objects, 50% free, 9MB/19MB, paused 292us total 132.982ms
04-05 18:01:18.304  7325  7971 I Finsky  : [199] prl.b(15): jobFinished: 16-16161616. TimeElapsed: 91ms
04-05 18:01:18.306  2062  2062 W ChimeraUtils: Non Chimera context
04-05 18:01:18.306  2062  2062 W ChimeraUtils: Non Chimera context
04-05 18:01:18.314  7325  7325 I Finsky  : [2] pqf.a(10): Job 16-16161616 finished
04-05 18:01:18.316  7325  7325 I Finsky  : [2] pqk.handleMessage(81): RunningQueue size: 0, PendingQueue size: 0
04-05 18:01:18.316  7325  7325 I Finsky  : [2] pqk.handleMessage(27): Executor finished
04-05 18:01:18.343  7325  7325 I Finsky  : [2] prq.b(7): Jobs in database: 1-1337 26-1414141414 
04-05 18:01:18.344  7325  7325 I Finsky  : [2] ppj.a(66): ConstraintMapping: 1-1337,  -> L: 14090812ms, D: 57290812ms, C: false, I: false, N: 1
04-05 18:01:18.345  7325  7325 I Finsky  : [2] ppj.a(66): ConstraintMapping: 26-1414141414,  -> L: 23516431ms, D: 24416431ms, C: false, I: false, N: 0
04-05 18:01:18.347  7325  7325 I Finsky  : [2] com.google.android.finsky.scheduler.JobSchedulerEngine.a(40): Cancelling existing job with id: 9000
04-05 18:01:18.351  7325  7325 I Finsky  : [2] com.google.android.finsky.scheduler.JobSchedulerEngine.a(4): Scheduling job Id: 9002, L: 14090812, D: 57290812, C: false, I: false, N: 1
04-05 18:01:18.353  7325  7325 I Finsky  : [2] com.google.android.finsky.scheduler.JobSchedulerEngine.a(4): Scheduling job Id: 9003, L: 23516431, D: 24416431, C: false, I: false, N: 0
04-05 18:01:18.359  2358  7854 W bxkx    : [{0}] Failed to resolve name. status={1}
04-05 18:01:18.511  2062  2635 W GCoreFlp: No location to return for getLastLocation()
04-05 18:01:18.547  7736  7736 I brella.TrainingTaskService: onCreate()
04-05 18:01:18.632  7736  7736 I brella.TrainingTaskService: Interrupting already running training run. Cause: BACKGROUND_TRAINING_INTERRUPT_SERVICE_DESTROYED
04-05 18:01:19.380  2358  7978 W bxkx    : [{0}] Failed to resolve name. status={1}
04-05 18:01:21.151  2358  7978 W bxkx    : [{0}] Failed to resolve name. status={1}
04-05 18:01:23.681  7768  7768 I chatty  : uid=10501(com.glgjing.stark) expire 10 lines
04-05 18:01:24.262  2358  7978 W bxkx    : [{0}] Failed to resolve name. status={1}
04-05 18:01:28.551  2358  7978 W bxkx    : [{0}] Failed to resolve name. status={1}
04-05 18:01:34.799  2358  7978 W bxkx    : [{0}] Failed to resolve name. status={1}
04-05 18:01:43.798  7768  7768 I chatty  : uid=10501(com.glgjing.stark) expire 10 lines
04-05 18:01:45.832  2358  7978 W bxkx    : [{0}] Failed to resolve name. status={1}
04-05 18:01:48.184  2358  7978 W bxkx    : [{0}] Failed to resolve name. status={1}
04-05 18:01:54.980  2358  7978 W bxkx    : [{0}] Failed to resolve name. status={1}
04-05 18:01:55.048   753   753 I /vendor/bin/hw/android.hardware.health@2.0-service.wahoo: SRAM data: 2790000
04-05 18:01:55.057  1798  1798 E QtiImsExtUtils: getConfigForPhoneId phoneId is invalid
04-05 18:01:55.058  1798  1798 E QtiImsExtUtils: isCarrierConfigEnabled bundle is null
04-05 18:01:57.571  2358  7978 W bxkx    : [{0}] Failed to resolve name. status={1}
04-05 18:02:03.911  7768  7768 I chatty  : uid=10501(com.glgjing.stark) expire 10 lines
04-05 18:02:05.629  2358  7978 W bxkx    : [{0}] Failed to resolve name. status={1}
04-05 18:02:18.221  2062  8001 W bxkx    : [{0}] Failed to resolve name. status={1}
04-05 18:02:24.025  7768  7768 I chatty  : uid=10501(com.glgjing.stark) expire 10 lines
04-05 18:02:35.384  2358  7978 W bxkx    : [{0}] Failed to resolve name. status={1}
04-05 18:02:44.148  7768  7768 I chatty  : uid=10501(com.glgjing.stark) expire 10 lines
04-05 18:02:47.043  7325  7344 I Finsky  : [115] ifl.run(3): Stats for Executor: BlockingExecutor igw@f929820[Running, pool size = 0, active threads = 0, queued tasks = 0, completed tasks = 8]
04-05 18:02:47.083  7325  7344 I Finsky  : [115] ifl.run(3): Stats for Executor: LightweightExecutor igw@484b5d9[Running, pool size = 4, active threads = 0, queued tasks = 0, completed tasks = 61]
04-05 18:02:47.160  7325  7344 I Finsky  : [115] ifl.run(3): Stats for Executor: bgExecutor igw@abfbb9e[Running, pool size = 4, active threads = 0, queued tasks = 0, completed tasks = 26]
04-05 18:02:50.919  1176  1209 I UsageStatsService: User[0] Flushing usage stats to disk
04-05 18:02:55.049   753   753 I /vendor/bin/hw/android.hardware.health@2.0-service.wahoo: SRAM data: 2790000
04-05 18:02:55.067  1798  1798 E QtiImsExtUtils: getConfigForPhoneId phoneId is invalid
04-05 18:02:55.067  1798  1798 E QtiImsExtUtils: isCarrierConfigEnabled bundle is null
04-05 18:03:04.251  7768  7768 I chatty  : uid=10501(com.glgjing.stark) expire 10 lines
04-05 18:03:06.986  2358  7978 W bxkx    : [{0}] Failed to resolve name. status={1}
04-05 18:03:14.730  2358  7978 W bxkx    : [{0}] Failed to resolve name. status={1}
04-05 18:03:24.375  7768  7768 I chatty  : uid=10501(com.glgjing.stark) expire 15 lines
04-05 18:03:30.687  2358  7978 W bxkx    : [{0}] Failed to resolve name. status={1}
04-05 18:03:45.072   753   753 I /vendor/bin/hw/android.hardware.health@2.0-service.wahoo: SRAM data: 2790000
04-05 18:03:45.107  1798  1798 E QtiImsExtUtils: getConfigForPhoneId phoneId is invalid
04-05 18:03:45.107  1798  1798 E QtiImsExtUtils: isCarrierConfigEnabled bundle is null
04-05 18:03:45.121   763  2185 I android.hardware.usb.gadget@1.0-service.wahoo: event=1 on fd=16
04-05 18:03:45.165  7768  8027 I chatty  : uid=10501(com.glgjing.stark) expire 3 lines
04-05 18:03:45.262  7768  7768 I chatty  : uid=10501(com.glgjing.stark) expire 11 lines
04-05 18:03:47.580  2358  7978 W bxkx    : [{0}] Failed to resolve name. status={1}
04-05 18:03:55.049   753   753 I /vendor/bin/hw/android.hardware.health@2.0-service.wahoo: SRAM data: 2790000
04-05 18:03:55.085  1798  1798 E QtiImsExtUtils: getConfigForPhoneId phoneId is invalid
04-05 18:03:55.086  1798  1798 E QtiImsExtUtils: isCarrierConfigEnabled bundle is null
04-05 18:03:56.322  2358  7978 W bxkx    : [{0}] Failed to resolve name. status={1}
04-05 18:04:01.081  2358  7978 W bxkx    : [{0}] Failed to resolve name. status={1}
04-05 18:04:08.402   753   753 I /vendor/bin/hw/android.hardware.health@2.0-service.wahoo: SRAM data: 2790000
04-05 18:04:08.419  1798  1798 E QtiImsExtUtils: getConfigForPhoneId phoneId is invalid
04-05 18:04:08.419  1798  1798 E QtiImsExtUtils: isCarrierConfigEnabled bundle is null
04-05 18:04:09.983  2062  8037 W bxkx    : [{0}] Failed to resolve name. status={1}
04-05 18:04:14.638  7768  7768 I chatty  : uid=10501(com.glgjing.stark) expire 15 lines
04-05 18:04:15.366  1176  1210 W BroadcastQueue: Background execution not allowed: receiving Intent { act=com.d.cannon.action.PLAY flg=0x30 } to com.estrongs.android.pop/com.d.canon.CanonReceiver
04-05 18:04:15.980  2358  7978 W bxkx    : [{0}] Failed to resolve name. status={1}
04-05 18:04:21.785   806   879 I ASH     : @ 1298.867: _490x_handleAdaptiveAtime: Adaptive ATIME Short to Long
04-05 18:04:35.532  7768  8028 I chatty  : uid=10501(com.glgjing.stark) expire 1 line
04-05 18:04:44.046  2358  7978 W bxkx    : [{0}] Failed to resolve name. status={1}
04-05 18:04:44.825  7768  7768 I chatty  : uid=10501(com.glgjing.stark) expire 10 lines
04-05 18:04:47.412  7325  7372 I PlayCommon: [135] adkp.d(23): Preparing logs for uploading
04-05 18:04:47.417  7325  7372 I PlayCommon: [135] adkp.d(206): Connecting to server for timestamp: https://play.googleapis.com/play/log/timestamp
04-05 18:04:47.425  7325  7372 E PlayCommon: [135] adkp.d(287): Failed to connect to server for server timestamp: java.net.UnknownHostException: Unable to resolve host "play.googleapis.com": No address associated with hostname
04-05 18:04:47.433  7325  7372 I PlayCommon: [135] adkp.d(114): Connecting to server: https://play.googleapis.com/play/log?format=raw&proto_v2=true
04-05 18:04:47.434  7325  7372 E PlayCommon: [135] adkp.d(265): Failed to connect to server: java.net.UnknownHostException: Unable to resolve host "play.googleapis.com": No address associated with hostname
04-05 18:04:55.049   753   753 I /vendor/bin/hw/android.hardware.health@2.0-service.wahoo: SRAM data: 2790000
04-05 18:04:55.069  1798  1798 E QtiImsExtUtils: getConfigForPhoneId phoneId is invalid
04-05 18:04:55.069  1798  1798 E QtiImsExtUtils: isCarrierConfigEnabled bundle is null
04-05 18:05:04.948  7768  7768 I chatty  : uid=10501(com.glgjing.stark) expire 20 lines
04-05 18:05:43.516  2358  7978 W bxkx    : [{0}] Failed to resolve name. status={1}
04-05 18:05:43.844  2358  7978 W bxkx    : [{0}] Failed to resolve name. status={1}
04-05 18:05:45.188  7768  7768 I chatty  : uid=10501(com.glgjing.stark) expire 10 lines
04-05 18:05:47.084  7325  7344 I Finsky  : [115] ifl.run(3): Stats for Executor: BlockingExecutor igw@f929820[Running, pool size = 0, active threads = 0, queued tasks = 0, completed tasks = 8]
04-05 18:05:47.085  7325  7344 I Finsky  : [115] ifl.run(3): Stats for Executor: LightweightExecutor igw@484b5d9[Running, pool size = 4, active threads = 0, queued tasks = 0, completed tasks = 61]
04-05 18:05:47.200  7325  7344 I Finsky  : [115] ifl.run(3): Stats for Executor: bgExecutor igw@abfbb9e[Running, pool size = 4, active threads = 0, queued tasks = 0, completed tasks = 27]
04-05 18:05:50.640  2358  7978 W bxkx    : [{0}] Failed to resolve name. status={1}
04-05 18:05:55.050   753   753 I /vendor/bin/hw/android.hardware.health@2.0-service.wahoo: SRAM data: 2790000
04-05 18:05:55.089  1798  1798 E QtiImsExtUtils: getConfigForPhoneId phoneId is invalid
04-05 18:05:55.089  1798  1798 E QtiImsExtUtils: isCarrierConfigEnabled bundle is null
04-05 18:06:01.551  2358  7978 W bxkx    : [{0}] Failed to resolve name. status={1}
04-05 18:06:05.305  7768  7768 I chatty  : uid=10501(com.glgjing.stark) expire 10 lines
04-05 18:06:13.502  2062  8064 W bxkx    : [{0}] Failed to resolve name. status={1}
04-05 18:06:17.946  2358  7978 W bxkx    : [{0}] Failed to resolve name. status={1}
04-05 18:06:21.895  2358  7978 W bxkx    : [{0}] Failed to resolve name. status={1}
04-05 18:06:25.355  7768  7768 I chatty  : uid=10501(com.glgjing.stark) expire 15 lines
04-05 18:06:48.358   753   753 I /vendor/bin/hw/android.hardware.health@2.0-service.wahoo: SRAM data: 2790000
04-05 18:06:48.395  1798  1798 E QtiImsExtUtils: getConfigForPhoneId phoneId is invalid
04-05 18:06:48.395  1798  1798 E QtiImsExtUtils: isCarrierConfigEnabled bundle is null
04-05 18:06:48.409   763  2185 I android.hardware.usb.gadget@1.0-service.wahoo: event=1 on fd=16
04-05 18:06:55.049   753   753 I /vendor/bin/hw/android.hardware.health@2.0-service.wahoo: SRAM data: 2790000
04-05 18:06:55.086  1798  1798 E QtiImsExtUtils: getConfigForPhoneId phoneId is invalid
04-05 18:06:55.086  1798  1798 E QtiImsExtUtils: isCarrierConfigEnabled bundle is null
04-05 18:06:55.511  7768  7768 I chatty  : uid=10501(com.glgjing.stark) expire 20 lines
04-05 18:07:28.208  2358  8084 W bxkx    : [{0}] Failed to resolve name. status={1}
04-05 18:07:35.303  2358  8084 W bxkx    : [{0}] Failed to resolve name. status={1}
04-05 18:07:35.701  7768  7768 I chatty  : uid=10501(com.glgjing.stark) expire 10 lines
04-05 18:07:55.049   753   753 I /vendor/bin/hw/android.hardware.health@2.0-service.wahoo: SRAM data: 2790000
04-05 18:07:55.084  1798  1798 E QtiImsExtUtils: getConfigForPhoneId phoneId is invalid
04-05 18:07:55.084  1798  1798 E QtiImsExtUtils: isCarrierConfigEnabled bundle is null
04-05 18:07:55.153  1176  1212 I ActivityManager: Start proc 8091:com.google.android.apps.messaging/u0a104 for broadcast com.google.android.apps.messaging/.shared.datamodel.action.execution.PendingActionReceiver
04-05 18:07:55.171  8091  8091 E .apps.messagin: Not starting debugger since process cannot load the jdwp agent.
04-05 18:07:55.233  8091  8091 I .apps.messagin: The ClassLoaderContext is a special shared library.
04-05 18:07:55.302  8091  8091 I MultiDex: VM with version 2.1.0 has multidex support
04-05 18:07:55.302  8091  8091 I MultiDex: install
04-05 18:07:55.302  8091  8091 I MultiDex: VM has multidex support, MultiDex support library is disabled.
04-05 18:07:55.329  8091  8091 D FirebaseApp: com.google.firebase.auth.FirebaseAuth is not linked. Skipping initialization.
04-05 18:07:55.330  8091  8091 D FirebaseApp: com.google.firebase.crash.FirebaseCrash is not linked. Skipping initialization.
04-05 18:07:55.338  8091  8091 I FirebaseInitProvider: FirebaseApp initialization successful
04-05 18:07:55.420  8091  8112 I Bugle   : GServicesValues:
04-05 18:07:55.420  8091  8112 I Bugle   : bugle_enable_primes_battery_metrics: true
04-05 18:07:55.420  8091  8112 I Bugle   : bugle_enable_primes_crash_metrics: true
04-05 18:07:55.420  8091  8112 I Bugle   : bugle_enable_primes_latency_metrics: true
04-05 18:07:55.420  8091  8112 I Bugle   : bugle_enable_primes_memory_metrics: true
04-05 18:07:55.420  8091  8112 I Bugle   : bugle_enable_primes_network_metrics: true
04-05 18:07:55.420  8091  8112 I Bugle   : bugle_enable_primes_package_metrics: true
04-05 18:07:55.420  8091  8112 I Bugle   : bugle_max_telemetry_upload_retries: 10
04-05 18:07:55.420  8091  8112 I Bugle   : bugle_sticker_set_list_version: 3
04-05 18:07:55.434  8091  8091 I Bugle   : Initializing EmojiCompat
04-05 18:07:55.448  8091  8091 I Bugle   : BugleApplicationBase: Bugle version: 4.1.067 (ettin_rc12_xxhdpi.arm64-v8a.phone)
04-05 18:07:55.457  8091  8091 I Bugle   : DarkModeUtilImpl: Setting system dark mode to off
04-05 18:07:55.466  8091  8091 W PrimesInit: Primes instant initialization
04-05 18:07:55.470  2358  7973 I FontsContentProvider: Received query Noto Color Emoji Compat, URI content://com.google.android.gms.fonts
04-05 18:07:55.470  2358  7973 I FontsContentProvider: Query [Noto Color Emoji Compat] resolved to {Noto Color Emoji Compat, wdth 100.0, wght 400, ital 0.0, bestEffort false}
04-05 18:07:55.485  8091  8121 W Primes  : background initialization
04-05 18:07:55.487  1176  4018 W ActivityManager: Background start not allowed: service Intent { cmp=com.google.android.apps.messaging/.shared.datamodel.action.execution.ActionExecutorImpl$EmptyService } to com.google.android.apps.messaging/.shared.datamodel.action.execution.ActionExecutorImpl$EmptyService from pid=8091 uid=10104 pkg=com.google.android.apps.messaging startFg?=false
04-05 18:07:55.499  2358  7973 I FontsContentProvider: Fetch {Noto Color Emoji Compat, wdth 100.0, wght 400, ital 0.0, bestEffort false} end status Status{statusCode=SUCCESS, resolution=null}
04-05 18:07:55.520  8091  8121 I PrimesTesting: GserviceFlagsSupplier.get()
04-05 18:07:55.543  2358  5013 I FontsContentProvider: Pulling font file for id = 7, cache size = 6
04-05 18:07:55.594  2358  5013 I FontsContentProvider: Pulling font file for id = 7, cache size = 6
04-05 18:07:55.642  8091  8113 W native  : commandlineflags.cc:976 Ignoring RegisterValidateFunction() for flag pointer 0x7595d23868: no flag found at that address
04-05 18:07:55.667  8091  8113 W native  : commandlineflags.cc:976 Ignoring RegisterValidateFunction() for flag pointer 0x759569d9a8: no flag found at that address
04-05 18:07:55.682  8091  8113 W native  : commandlineflags.cc:976 Ignoring RegisterValidateFunction() for flag pointer 0x759555e838: no flag found at that address
04-05 18:07:55.694  8091  8113 W native  : commandlineflags.cc:976 Ignoring RegisterValidateFunction() for flag pointer 0x75953834d8: no flag found at that address
04-05 18:07:55.721  8091  8119 I BugleRcsEngine: [479] oil.a: Initializing SimStateTracker
04-05 18:07:55.749  8091  8129 I BugleRcsEngine: [489] ndu.register: Initializing Carrier Services Library.
04-05 18:07:55.795  7768  7768 I chatty  : uid=10501(com.glgjing.stark) expire 10 lines
04-05 18:07:55.861  8091  8119 I Bugle   : ApnsOta: OTA version -1
04-05 18:07:55.981  8091  8129 I BugleBackup: Registering preference change listener for "bugle".
04-05 18:07:56.012  1176  1199 W ActivityManager: Background start not allowed: service Intent { cmp=com.google.android.apps.messaging/.shared.datamodel.action.execution.ActionExecutorImpl$EmptyService } to com.google.android.apps.messaging/.shared.datamodel.action.execution.ActionExecutorImpl$EmptyService from pid=8091 uid=10104 pkg=com.google.android.apps.messaging startFg?=false
04-05 18:07:56.024  8091  8091 W BugleDataModel: ActionExecutorImpl: Action started execution, but we can't guarantee it will complete, the app may be killed. Action: class com.google.android.apps.messaging.shared.datamodel.action.CountryCodeDetectorAction-CountryCodeDetectorAction:1509686006
04-05 18:07:56.024  8091  8091 W BugleDataModel: java.lang.IllegalStateException: Not allowed to start service Intent { cmp=com.google.android.apps.messaging/.shared.datamodel.action.execution.ActionExecutorImpl$EmptyService }: app is in background uid UidRecord{da119b u0a104 RCVR idle change:idle|uncached procs:1 seq(0,0,0)}
04-05 18:07:56.024  8091  8091 W BugleDataModel: 	at android.app.ContextImpl.startServiceCommon(ContextImpl.java:1577)
04-05 18:07:56.024  8091  8091 W BugleDataModel: 	at android.app.ContextImpl.startService(ContextImpl.java:1532)
04-05 18:07:56.024  8091  8091 W BugleDataModel: 	at android.content.ContextWrapper.startService(ContextWrapper.java:664)
04-05 18:07:56.024  8091  8091 W BugleDataModel: 	at com.google.android.apps.messaging.shared.datamodel.action.execution.ActionExecutorImpl.e(SourceFile:107)
04-05 18:07:56.024  8091  8091 W BugleDataModel: 	at com.google.android.apps.messaging.shared.datamodel.action.execution.ActionExecutorImpl.a(SourceFile:19)
04-05 18:07:56.024  8091  8091 W BugleDataModel: 	at com.google.android.apps.messaging.shared.datamodel.action.execution.ActionExecutorImpl.b(SourceFile:17)
04-05 18:07:56.024  8091  8091 W BugleDataModel: 	at dya.c(SourceFile:135)
04-05 18:07:56.024  8091  8091 W BugleDataModel: 	at dya.a(SourceFile:85)
04-05 18:07:56.024  8091  8091 W BugleDataModel: 	at dxm.b(SourceFile:57)
04-05 18:07:56.024  8091  8091 W BugleDataModel: 	at dxm.a(SourceFile:23)
04-05 18:07:56.024  8091  8091 W BugleDataModel: 	at com.google.android.apps.messaging.shared.datamodel.action.common.ThrottledAction.schedule(SourceFile:39)
04-05 18:07:56.024  8091  8091 W BugleDataModel: 	at diq.onSubscriptionsChanged(SourceFile:4)
04-05 18:07:56.024  8091  8091 W BugleDataModel: 	at android.telephony.SubscriptionManager$OnSubscriptionsChangedListener$OnSubscriptionsChangedListenerHandler.handleMessage(SubscriptionManager.java:539)
04-05 18:07:56.024  8091  8091 W BugleDataModel: 	at android.os.Handler.dispatchMessage(Handler.java:106)
04-05 18:07:56.024  8091  8091 W BugleDataModel: 	at android.os.Looper.loop(Looper.java:193)
04-05 18:07:56.024  8091  8091 W BugleDataModel: 	at android.app.ActivityThread.main(ActivityThread.java:6680)
04-05 18:07:56.024  8091  8091 W BugleDataModel: 	at java.lang.reflect.Method.invoke(Native Method)
04-05 18:07:56.024  8091  8091 W BugleDataModel: 	at com.android.internal.os.RuntimeInit$MethodAndArgsCaller.run(RuntimeInit.java:493)
04-05 18:07:56.024  8091  8091 W BugleDataModel: 	at com.android.internal.os.ZygoteInit.main(ZygoteInit.java:858)
04-05 18:07:56.024  8091  8091 I BugleAction: ActionSchedulerImpl: class com.google.android.apps.messaging.shared.datamodel.action.CountryCodeDetectorAction-CountryCodeDetectorAction:1509686006 deferred since it was started from unsafe context
04-05 18:07:56.045  8091  8091 I BugleRcs: RcsAvailability: updating
04-05 18:07:56.051  1176  6823 W ActivityManager: Background start not allowed: service Intent { cmp=com.google.android.apps.messaging/.shared.datamodel.action.execution.ActionExecutorImpl$EmptyService } to com.google.android.apps.messaging/.shared.datamodel.action.execution.ActionExecutorImpl$EmptyService from pid=8091 uid=10104 pkg=com.google.android.apps.messaging startFg?=false
04-05 18:07:56.053  8091  8112 I BugleRcs: RcsAvailability: No minimum Cs.apk version is set, not checking Cs.apk version
04-05 18:07:56.056  8091  8129 D NetworkSecurityConfig: No Network Security Config specified, using platform default
04-05 18:07:56.069  8091  8129 W Bugle   : ChatContentDecoratorGrpc: Instance created but no relevant features are enabled
04-05 18:07:56.071  1176  2490 W ActivityManager: Background start not allowed: service Intent { cmp=com.google.android.apps.messaging/.shared.datamodel.action.execution.ActionExecutorImpl$EmptyService } to com.google.android.apps.messaging/.shared.datamodel.action.execution.ActionExecutorImpl$EmptyService from pid=8091 uid=10104 pkg=com.google.android.apps.messaging startFg?=false
04-05 18:07:56.073  8091  8112 I BugleRcs: RcsAvailability: updated: RCS is disabled due to SIM absent
04-05 18:07:56.074  1176  4018 W ActivityManager: Background start not allowed: service Intent { cmp=com.google.android.apps.messaging/.shared.datamodel.action.execution.ActionExecutorImpl$EmptyService } to com.google.android.apps.messaging/.shared.datamodel.action.execution.ActionExecutorImpl$EmptyService from pid=8091 uid=10104 pkg=com.google.android.apps.messaging startFg?=false
04-05 18:07:56.075  2358  2986 I Icing   : IndexChimeraService.getServiceInterface callingPackage=com.google.android.apps.messaging componentName=null serviceId=SEARCH_QUERIES
04-05 18:07:56.084  8091  8142 I BugleRcsEngine: [502] oil.c: Processing an intent
04-05 18:07:56.087  8091  8142 I BugleRcsEngine: [502] oil.handleSimState: SIM state ABSENT
04-05 18:07:56.092  8091  8142 I BugleRcsEngine: [502] oil.sendBroadcastSimState: Broadcasting Intent { act=com.google.android.ims.SIM_ABSENT }
04-05 18:07:56.103  8091  8143 I Bugle   : CountryCodeDetector: updateMainDeviceCountry from system locale as fallback. detected country: US
04-05 18:07:56.107  8091  8091 I BugleRcs: RcsAvailability: Broadcast disable RCS for RCS is disabled due to SIM absent
