04-05 17:42:50.989  1176  1176 I ActivityManager: Config changes=8 {1.0 ?mcc?mnc [] ldltr sw411dp w411dp h659dp 420dpi nrml hdr port ?uimode ?night finger -keyb/v/h -nav/h winConfig={ mBounds=Rect(0, 0 - 0, 0) mAppBounds=Rect(0, 0 - 1080, 1794) mWindowingMode=fullscreen mActivityType=undefined} s.4}
04-05 17:42:50.993  1176  1209 D PinnerService: pinRangeStream: null
04-05 17:42:50.999  1176  1176 I ActivityManager: Override config changes=8 {1.0 ?mcc?mnc [] ldltr sw411dp w411dp h659dp 420dpi nrml hdr port ?uimode ?night finger -keyb/v/h -nav/h winConfig={ mBounds=Rect(0, 0 - 1080, 1920) mAppBounds=Rect(0, 0 - 1080, 1794) mWindowingMode=fullscreen mActivityType=undefined} s.4} for displayId=0
04-05 17:42:51.001  1176  1176 I SystemServer: StartStorageManagerService
04-05 17:42:51.001  1176  1176 I SystemServiceManager: Starting com.android.server.StorageManagerService$Lifecycle
04-05 17:42:51.002  1176  1209 D PinnerService: pinRangeStream: null
04-05 17:42:51.008  1176  1365 D StorageManagerService: Thinking about init, mSystemReady=false, mDaemonConnected=true
04-05 17:42:51.008  1176  1365 D StorageManagerService: Thinking about reset, mSystemReady=false, mDaemonConnected=true
04-05 17:42:51.008  1176  1176 I SystemServer: StartStorageStatsService
04-05 17:42:51.008  1176  1176 I SystemServiceManager: Starting com.android.server.usage.StorageStatsService$Lifecycle
04-05 17:42:51.009  1176  1209 D PinnerService: pinRangeStream: null
04-05 17:42:51.011  1176  1176 I SystemServer: StartUiModeManager
04-05 17:42:51.011  1176  1176 I SystemServiceManager: Starting com.android.server.UiModeManagerService
04-05 17:42:51.012  1176  1209 D PinnerService: pinRangeStream: null
04-05 17:42:51.012  1176  1301 I ActivityManager: Config changes=200 {1.0 ?mcc?mnc [] ldltr sw411dp w411dp h659dp 420dpi nrml hdr port finger -keyb/v/h -nav/h winConfig={ mBounds=Rect(0, 0 - 0, 0) mAppBounds=Rect(0, 0 - 1080, 1794) mWindowingMode=fullscreen mActivityType=undefined} s.5}
04-05 17:42:51.012  1176  1176 I SystemServer: UpdatePackagesIfNeeded
04-05 17:42:51.012  1176  1176 I SystemServer: PerformFstrimIfNeeded
04-05 17:42:51.013  1176  1176 I SystemServer: StartLockSettingsService
04-05 17:42:51.013  1176  1176 I SystemServiceManager: Starting com.android.server.locksettings.LockSettingsService$Lifecycle
04-05 17:42:51.020  1176  1209 D PinnerService: pinRangeStream: null
04-05 17:42:51.022  1176  1301 I ActivityManager: Override config changes=200 {1.0 ?mcc?mnc [] ldltr sw411dp w411dp h659dp 420dpi nrml hdr port finger -keyb/v/h -nav/h winConfig={ mBounds=Rect(0, 0 - 1080, 1920) mAppBounds=Rect(0, 0 - 1080, 1794) mWindowingMode=fullscreen mActivityType=undefined} s.5} for displayId=0
04-05 17:42:51.024  1176  1209 D PinnerService: pinRangeStream: null
04-05 17:42:51.026  1176  1176 I SystemServer: StartPersistentDataBlock
04-05 17:42:51.026  1176  1176 I SystemServiceManager: Starting com.android.server.PersistentDataBlockService
04-05 17:42:51.026  1176  1176 I SystemServer: StartOemLockService
04-05 17:42:51.026  1176  1176 I SystemServiceManager: Starting com.android.server.oemlock.OemLockService
04-05 17:42:51.028  1176  1176 I OemLock : Using vendor lock via the HAL
04-05 17:42:51.029  1176  1176 I SystemServer: StartDeviceIdleController
04-05 17:42:51.029  1176  1176 I SystemServiceManager: Starting com.android.server.DeviceIdleController
04-05 17:42:51.030  1176  1209 D PinnerService: pinRangeStream: java.util.zip.ZipFile$ZipFileInflaterInputStream@3352b1
04-05 17:42:51.033  1176  1176 I SystemServer: StartDevicePolicyManager
04-05 17:42:51.033  1176  1176 I SystemServiceManager: Starting com.android.server.devicepolicy.DevicePolicyManagerService$Lifecycle
04-05 17:42:51.037  1176  1176 I SystemServer: StartStatusBarManagerService
04-05 17:42:51.037  1176  1176 I SystemServer: StartClipboardService
04-05 17:42:51.037  1176  1176 I SystemServiceManager: Starting com.android.server.clipboard.ClipboardService
04-05 17:42:51.038  1176  1176 I SystemServer: StartNetworkManagementService
04-05 17:42:51.041  1176  1385 I NetworkManagement: onDaemonConnected()
04-05 17:42:51.043  1176  1176 I SystemServer: StartIpSecService
04-05 17:42:51.044  1176  1176 I SystemServer: StartTextServicesManager
04-05 17:42:51.044  1176  1176 I SystemServiceManager: Starting com.android.server.TextServicesManagerService$Lifecycle
04-05 17:42:51.045  1176  1176 I SystemServer: StartTextClassificationManagerService
04-05 17:42:51.045  1176  1176 I SystemServiceManager: Starting com.android.server.textclassifier.TextClassificationManagerService$Lifecycle
04-05 17:42:51.047  1176  1176 I SystemServer: StartNetworkScoreService
04-05 17:42:51.047  1176  1176 I SystemServiceManager: Starting com.android.server.NetworkScoreService$Lifecycle
04-05 17:42:51.048  1176  1176 I SystemServer: StartNetworkStatsService
04-05 17:42:51.050  1176  1176 I SystemServer: StartNetworkPolicyManagerService
04-05 17:42:51.052  1176  1176 I SystemServer: StartWifi
04-05 17:42:51.061  1176  1176 I SystemServiceManager: Starting com.android.server.wifi.WifiService
04-05 17:42:51.126  1176  1209 D PinnerService: pinRangeStream: null
04-05 17:42:51.129  1176  1176 I SystemServer: StartWifiScanning
04-05 17:42:51.130  1176  1176 I SystemServiceManager: Starting com.android.server.wifi.scanner.WifiScanningService
04-05 17:42:51.131  1176  1176 I SystemServer: StartRttService
04-05 17:42:51.132  1176  1176 I SystemServiceManager: Starting com.android.server.wifi.rtt.RttService
04-05 17:42:51.132  1176  1176 I SystemServer: StartWifiAware
04-05 17:42:51.134  1176  1176 I SystemServiceManager: Starting com.android.server.wifi.aware.WifiAwareService
04-05 17:42:51.134  1176  1176 I SystemServer: StartWifiP2P
04-05 17:42:51.134  1176  1176 I SystemServiceManager: Starting com.android.server.wifi.p2p.WifiP2pService
04-05 17:42:51.139  1176  1176 I SystemServer: StartEthernet
04-05 17:42:51.140  1176  1209 D PinnerService: pinRangeStream: null
04-05 17:42:51.140  1176  1176 I SystemServiceManager: Starting com.android.server.ethernet.EthernetService
04-05 17:42:51.140  1176  1176 I SystemServer: StartConnectivityService
04-05 17:42:51.142  1176  1176 D ConnectivityService: ConnectivityService starting up
04-05 17:42:51.160  1176  1176 D ConnectivityService: wifiOnly=false
04-05 17:42:51.167  1176  1176 I SystemServer: StartNsdService
04-05 17:42:51.168  1176  1176 D NsdService: Network service discovery is enabled
04-05 17:42:51.170  1176  1176 I SystemServer: StartSystemUpdateManagerService
04-05 17:42:51.176  1176  1176 I SystemServer: StartUpdateLockService
04-05 17:42:51.177  1176  1176 I SystemServer: StartNotificationManager
04-05 17:42:51.177  1176  1176 I SystemServiceManager: Starting com.android.server.notification.NotificationManagerService
04-05 17:42:51.180  1176  1176 D ConditionProviders.SCP: new ScheduleConditionProvider()
04-05 17:42:51.188  1176  1176 E RankingHelper: createDefaultChannelIfNeeded - Exception: android.content.pm.PackageManager$NameNotFoundException: com.google.tango
04-05 17:42:51.188  1176  1176 E RankingHelper: deleteDefaultChannelIfNeeded - Exception: android.content.pm.PackageManager$NameNotFoundException: com.google.tango
04-05 17:42:51.189  1176  1176 E RankingHelper: createDefaultChannelIfNeeded - Exception: android.content.pm.PackageManager$NameNotFoundException: com.qualcomm.ltebc
04-05 17:42:51.189  1176  1176 E RankingHelper: deleteDefaultChannelIfNeeded - Exception: android.content.pm.PackageManager$NameNotFoundException: com.qualcomm.ltebc
04-05 17:42:51.191  1176  1176 I NotificationListeners: Read notification listener permissions from xml
04-05 17:42:51.191  1176  1176 I NotificationAssistants: Read notification assistant permissions from xml
04-05 17:42:51.191  1176  1176 I ConditionProviders: Read condition provider permissions from xml
04-05 17:42:51.191  1176  1176 I ConditionProviders: Read condition provider permissions from xml
04-05 17:42:51.195  1176  1176 I SystemServer: StartDeviceMonitor
04-05 17:42:51.195  1176  1176 I SystemServiceManager: Starting com.android.server.storage.DeviceStorageMonitorService
04-05 17:42:51.197  1176  1176 I SystemServer: StartLocationManagerService
04-05 17:42:51.198  1176  1176 I SystemServer: StartCountryDetectorService
04-05 17:42:51.198  1176  1176 I SystemServer: StartSearchManagerService
04-05 17:42:51.198  1176  1176 I SystemServiceManager: Starting com.android.server.search.SearchManagerService$Lifecycle
04-05 17:42:51.200  1176  1176 I SystemServer: StartWallpaperManagerService
04-05 17:42:51.200  1176  1176 I SystemServiceManager: Starting com.android.server.wallpaper.WallpaperManagerService$Lifecycle
04-05 17:42:51.201  1176  1176 I SystemServer: StartAudioService
04-05 17:42:51.201  1176  1176 I SystemServiceManager: Starting com.android.server.audio.AudioService$Lifecycle
04-05 17:42:51.224  1176  1176 I SystemServer: StartDockObserver
04-05 17:42:51.224  1176  1176 I SystemServiceManager: Starting com.android.server.DockObserver
04-05 17:42:51.224  1176  1176 W DockObserver: This kernel does not have dock station support
04-05 17:42:51.225  1176  1176 I SystemServer: StartWiredAccessoryManager
04-05 17:42:51.225  1176  1176 W WiredAccessoryManager: This kernel does not have usb audio support
04-05 17:42:51.225  1176  1176 I SystemServer: StartMidiManager
04-05 17:42:51.225  1176  1176 I SystemServiceManager: Starting com.android.server.midi.MidiService$Lifecycle
04-05 17:42:51.227  1176  1176 I SystemServer: StartUsbService
04-05 17:42:51.227  1176  1176 I SystemServiceManager: Starting com.android.server.usb.UsbService$Lifecycle
04-05 17:42:51.227  1176  1176 E UsbDeviceManager: failed to write to /sys/class/android_usb/android0/f_rndis/ethaddr
04-05 17:42:51.237  1176  1302 I UsbDeviceManager: Usb gadget hal service started android.hardware.usb.gadget@1.0::IUsbGadget default
04-05 17:42:51.238  1176  1302 I UsbDeviceManager: Setting USB config to 
04-05 17:42:51.238  1176  1302 D UsbDeviceManager: setUsbConfig(1) request:1
04-05 17:42:51.245  1176  1302 I UsbPortManager: Usb hal service started android.hardware.usb@1.0::IUsb default
04-05 17:42:51.247  1176  1176 I SystemServer: StartSerialService
04-05 17:42:51.247  1176  1176 I SystemServer: StartHardwarePropertiesManagerService
04-05 17:42:51.249  1176  1176 I SystemServer: StartTwilightService
04-05 17:42:51.249  1176  1176 I SystemServiceManager: Starting com.android.server.twilight.TwilightService
04-05 17:42:51.249  1176  1176 I SystemServer: StartNightDisplay
04-05 17:42:51.249  1176  1176 I SystemServiceManager: Starting com.android.server.display.ColorDisplayService
04-05 17:42:51.249  1176  1176 I SystemServer: StartJobScheduler
04-05 17:42:51.249  1176  1176 I SystemServiceManager: Starting com.android.server.job.JobSchedulerService
04-05 17:42:51.251  1176  1176 D JobStore: Start tag: job-info
04-05 17:42:51.256  1176  1176 I JobStore: Read 82 jobs
04-05 17:42:51.260  1176  1176 I SystemServer: StartSoundTrigger
04-05 17:42:51.260  1176  1176 I SystemServiceManager: Starting com.android.server.soundtrigger.SoundTriggerService
04-05 17:42:51.261  1176  1176 I SystemServer: StartTrustManager
04-05 17:42:51.261  1176  1176 I SystemServiceManager: Starting com.android.server.trust.TrustManagerService
04-05 17:42:51.262  1176  1176 I SystemServer: StartBackupManager
04-05 17:42:51.262  1176  1176 I SystemServiceManager: Starting com.android.server.backup.BackupManagerService$Lifecycle
04-05 17:42:51.262  1176  1176 I SystemServer: StartAppWidgerService
04-05 17:42:51.262  1176  1176 I SystemServiceManager: Starting com.android.server.appwidget.AppWidgetService
04-05 17:42:51.264  1176  1176 I SystemServer: StartVoiceRecognitionManager
04-05 17:42:51.264  1176  1176 I SystemServiceManager: Starting com.android.server.voiceinteraction.VoiceInteractionManagerService
04-05 17:42:51.265  1176  1176 I SystemServer: StartGestureLauncher
04-05 17:42:51.265  1176  1176 I SystemServiceManager: Starting com.android.server.GestureLauncherService
04-05 17:42:51.265  1176  1176 I SystemServer: StartSensorNotification
04-05 17:42:51.265  1176  1176 I SystemServiceManager: Starting com.android.server.SensorNotificationService
04-05 17:42:51.265  1176  1176 I SystemServer: StartContextHubSystemService
04-05 17:42:51.265  1176  1176 I SystemServiceManager: Starting com.android.server.ContextHubSystemService
04-05 17:42:51.265  1176  1176 I SystemServer: StartDiskStatsService
04-05 17:42:51.266  1176  1176 I SystemServer: StartTimeZoneRulesManagerService
04-05 17:42:51.266  1176  1176 I SystemServiceManager: Starting com.android.server.timezone.RulesManagerService$Lifecycle
04-05 17:42:51.267  1176  1176 D timezone.PackageTracker: Update app com.android.timezone.updater is valid.
04-05 17:42:51.267  1176  1176 D timezone.PackageTracker: Data app com.google.android.timezone.data is valid.
04-05 17:42:51.268  1176  1176 D timezone.TimeZoneUpdateIdler: schedule() called: minimumDelayMillis=360000
04-05 17:42:51.268  1176  1176 I timezone.PackageTracker: Time zone updater / data package tracking enabled
04-05 17:42:51.268  1176  1176 I SystemServer: StartNetworkTimeUpdateService
04-05 17:42:51.269  1176  1176 I SystemServer: StartCommonTimeManagementService
04-05 17:42:51.269  1176  1176 I SystemServer: CertBlacklister
04-05 17:42:51.269  1176  1176 I SystemServer: StartEmergencyAffordanceService
04-05 17:42:51.269  1176  1176 I SystemServiceManager: Starting com.android.server.emergency.EmergencyAffordanceService
04-05 17:42:51.270  1176  1176 I SystemServer: StartDreamManager
04-05 17:42:51.270  1176  1176 I SystemServiceManager: Starting com.android.server.dreams.DreamManagerService
04-05 17:42:51.270  1176  1176 I SystemServer: AddGraphicsStatsService
04-05 17:42:51.271  1176  1176 I SystemServer: StartPrintManager
04-05 17:42:51.271  1176  1176 I SystemServiceManager: Starting com.android.server.print.PrintManagerService
04-05 17:42:51.272  1176  1176 I SystemServer: StartCompanionDeviceManager
04-05 17:42:51.272  1176  1176 I SystemServiceManager: Starting com.android.server.companion.CompanionDeviceManagerService
04-05 17:42:51.275  1176  1176 I SystemServer: StartRestrictionManager
04-05 17:42:51.275  1176  1176 I SystemServiceManager: Starting com.android.server.restrictions.RestrictionsManagerService
04-05 17:42:51.278  1176  1176 I SystemServer: StartMediaSessionService
04-05 17:42:51.278  1176  1176 I SystemServiceManager: Starting com.android.server.media.MediaSessionService
04-05 17:42:51.280  1176  1176 I SystemServer: StartMediaUpdateService
04-05 17:42:51.280  1176  1176 I SystemServiceManager: Starting com.android.server.media.MediaUpdateService
04-05 17:42:51.280  1176  1176 I SystemServer: StartMediaResourceMonitor
04-05 17:42:51.280  1176  1176 I SystemServiceManager: Starting com.android.server.media.MediaResourceMonitorService
04-05 17:42:51.280  1176  1176 I SystemServer: StartMediaRouterService
04-05 17:42:51.281  1176  1176 I SystemServer: StartFingerprintSensor
04-05 17:42:51.281  1176  1176 I SystemServiceManager: Starting com.android.server.fingerprint.FingerprintService
04-05 17:42:51.282  1176  1300 V FingerprintService: mDaemon was null, reconnect to fingerprint
04-05 17:42:51.282  1176  1176 I SystemServer: StartBackgroundDexOptService
04-05 17:42:51.282  1176  1176 I SystemServer: StartPruneInstantAppsJobService
04-05 17:42:51.282  1176  1176 I SystemServer: StartShortcutServiceLifecycle
04-05 17:42:51.282  1176  1176 I SystemServiceManager: Starting com.android.server.pm.ShortcutService$Lifecycle
04-05 17:42:51.283  1176  1300 V FingerprintService: Fingerprint HAL id: 527329059296
04-05 17:42:51.283  1176  1176 I SystemServer: StartLauncherAppsService
04-05 17:42:51.284  1176  1176 I SystemServiceManager: Starting com.android.server.pm.LauncherAppsService
04-05 17:42:51.284  1176  1176 I SystemServer: StartCrossProfileAppsService
04-05 17:42:51.284  1176  1176 I SystemServiceManager: Starting com.android.server.pm.CrossProfileAppsService
04-05 17:42:51.285  1176  1176 I SystemServer: StartMediaProjectionManager
04-05 17:42:51.285  1176  1176 I SystemServiceManager: Starting com.android.server.media.projection.MediaProjectionManagerService
04-05 17:42:51.287  1176  1176 I SystemServer: StartSliceManagerService
04-05 17:42:51.287  1176  1176 I SystemServiceManager: Starting com.android.server.slice.SliceManagerService$Lifecycle
04-05 17:42:51.289  1176  1176 I SystemServer: StartCameraServiceProxy
04-05 17:42:51.289  1176  1176 I SystemServiceManager: Starting com.android.server.camera.CameraServiceProxy
04-05 17:42:51.290  1176  1176 I SystemServer: StartStatsCompanionService
04-05 17:42:51.290  1176  1176 I SystemServiceManager: Starting com.android.server.stats.StatsCompanionService$Lifecycle
04-05 17:42:51.292  1176  1176 I KernelUidCpuFreqTimeReader: mPerClusterTimesAvailable=true
04-05 17:42:51.293  1176  1176 I SystemServer: StartJitCompilation
04-05 17:42:51.293  1176  1176 I SystemServer: StartMmsService
04-05 17:42:51.293  1176  1176 I SystemServiceManager: Starting com.android.server.MmsServiceBroker
04-05 17:42:51.294  1176  1176 I SystemServer: StartAutoFillService
04-05 17:42:51.294  1176  1176 I SystemServiceManager: Starting com.android.server.autofill.AutofillManagerService
04-05 17:42:51.294  1176  1176 I AutofillManagerService: Setting debug to false
04-05 17:42:51.295  1176  1176 I SystemServer: MakeVibratorServiceReady
04-05 17:42:51.295  1176  1176 I SystemServer: MakeLockSettingsServiceReady
04-05 17:42:51.299  1176  1300 V FingerprintService: Enumerating user(0)
04-05 17:42:51.299  1176  1300 V FingerprintService: starting client InternalEnumerateClient(android), initiatedByClient = true
04-05 17:42:51.346  1176  1302 E UsbDeviceManager: notifyCurrentFunction request:1 status:0
04-05 17:42:51.346  1176  1216 E UsbDeviceManager: prcessing MSG_GET_CURRENT_USB_FUNCTIONS
04-05 17:42:51.346  1176  1216 E UsbDeviceManager: updating mCurrentFunctions
04-05 17:42:51.346  1176  1216 E UsbDeviceManager: mCurrentFunctions:0applied:1
04-05 17:42:51.353  1176  1176 I LockSettingsService: Device doesn't implement AuthSecret HAL
04-05 17:42:51.356  1176  1176 E LockSettingsStorage: Cannot read file java.io.FileNotFoundException: /data/system/password.key: open failed: ENOENT (No such file or directory)
04-05 17:42:51.356  1176  1176 E LockSettingsStorage: Cannot read file java.io.FileNotFoundException: /data/system/gatekeeper.gesture.key: open failed: ENOENT (No such file or directory)
04-05 17:42:51.356  1176  1176 E LockSettingsStorage: Cannot read file java.io.FileNotFoundException: /data/system/gesture.key: open failed: ENOENT (No such file or directory)
04-05 17:42:51.357  1176  1176 I SystemServer: StartBootPhaseLockSettingsReady
04-05 17:42:51.357  1176  1176 I SystemServiceManager: Starting phase 480
04-05 17:42:51.376  1176  1265 I PackageManager: Deferred reconcileAppsData finished 204 packages
04-05 17:42:51.385  1176  1176 I DevicePolicyManager: Set ro.device_owner property to false
04-05 17:42:51.388  1176  1176 I SystemServer: StartBootPhaseSystemServicesReady
04-05 17:42:51.388  1176  1176 I SystemServiceManager: Starting phase 500
04-05 17:42:51.389  1176  1176 D AppStandbyController: Setting app idle enabled state
04-05 17:42:51.391  1176  1176 I ConditionProviders:  Allowing condition provider com.google.vr.vrcore
04-05 17:42:51.392  1176  1176 V ConditionProviders: enabling condition provider for 0: ComponentInfo{com.google.vr.vrcore/com.google.vr.vrcore.common.VrCoreZenConditionProvider}
04-05 17:42:51.392  1176  1176 V ConditionProviders: binding: Intent { act=android.service.notification.ConditionProviderService cmp=com.google.vr.vrcore/.common.VrCoreZenConditionProvider (has extras) }
04-05 17:42:51.393  1176  1176 I ConditionProviders:  Allowing condition provider com.google.vr.vrcore/com.google.vr.vrcore.notification.VrNotificationService
04-05 17:42:51.393  1176  1176 V ConditionProviders: enabling condition provider for 0: ComponentInfo{com.google.vr.vrcore/com.google.vr.vrcore.common.VrCoreZenConditionProvider}
04-05 17:42:51.393  1176  1176 V ConditionProviders: Not registering ComponentInfo{com.google.vr.vrcore/com.google.vr.vrcore.common.VrCoreZenConditionProvider} as bind is already in progress
04-05 17:42:51.393  1176  1176 I NotificationListeners:  Allowing notification listener com.google.vr.vrcore/com.google.vr.vrcore.notification.VrNotificationService
04-05 17:42:51.393  1176  1176 V NotificationListeners: enabling notification listener for 0: ComponentInfo{com.google.vr.vrcore/com.google.vr.vrcore.notification.VrNotificationService}
04-05 17:42:51.393  1176  1176 V NotificationListeners: binding: Intent { act=android.service.notification.NotificationListenerService cmp=com.google.vr.vrcore/.notification.VrNotificationService (has extras) }
04-05 17:42:51.394  1176  1176 V NotificationListeners: enabling notification listener for 0: ComponentInfo{com.google.android.apps.nexuslauncher/com.android.launcher3.notification.NotificationListener}
04-05 17:42:51.394  1176  1176 V NotificationListeners: binding: Intent { act=android.service.notification.NotificationListenerService cmp=com.google.android.apps.nexuslauncher/com.android.launcher3.notification.NotificationListener (has extras) }
04-05 17:42:51.394  1176  1176 W ActivityManager: Unable to start service Intent { act=android.service.notification.NotificationListenerService cmp=com.google.android.apps.nexuslauncher/com.android.launcher3.notification.NotificationListener } U=0: not found
04-05 17:42:51.394  1176  1176 W NotificationListeners: Unable to bind notification listener service: Intent { act=android.service.notification.NotificationListenerService cmp=com.google.android.apps.nexuslauncher/com.android.launcher3.notification.NotificationListener (has extras) }
04-05 17:42:51.398  1176  1176 I WifiService: WifiService starting up with Wi-Fi disabled
04-05 17:42:51.408  1176  1419 D ConnectivityService: Got NetworkFactory Messenger for WIFI_AWARE_FACTORY
04-05 17:42:51.415  1176  1419 D ConnectivityService: Got NetworkFactory Messenger for Ethernet
04-05 17:42:51.421  1176  1176 I SystemServer: MakeWindowManagerServiceReady
04-05 17:42:51.424  1176  1176 I SystemServer: MakePowerManagerServiceReady
04-05 17:42:51.430  1176  1220 W KeyguardServiceDelegate: onScreenTurningOn(): no keyguard service!
04-05 17:42:51.434  1176  1176 I SystemServer: MakePackageManagerServiceReady
04-05 17:42:51.444  1176  1176 V UserDataPreparer: Found /data/user_de/0 with serial number 0
04-05 17:42:51.444  1176  1176 V UserDataPreparer: Found /data/user/0 with serial number 0
04-05 17:42:51.444  1176  1176 V UserDataPreparer: Found /data/system_de/0 with serial number 0
04-05 17:42:51.444  1176  1176 V UserDataPreparer: Found /data/system_ce/0 with serial number 0
04-05 17:42:51.444  1176  1176 V UserDataPreparer: Found /data/misc_ce/0 with serial number 0
04-05 17:42:51.446  1176  1176 I SystemServer: MakeDisplayManagerServiceReady
04-05 17:42:51.446  1176  1176 I SystemServer: StartDeviceSpecificServices
04-05 17:42:51.446  1176  1176 I SystemServer: StartBootPhaseDeviceSpecificServicesReady
04-05 17:42:51.446  1176  1176 I SystemServiceManager: Starting phase 520
04-05 17:42:51.446  1176  1176 W UsageStatsService: Event reported without a package name
04-05 17:42:51.448  1176  1176 I AppOps  : Pruning old package system/com.android.server.AppOpsService$UidState@872cb5a: new uid=-1
04-05 17:42:51.449  1176  1176 I ActivityManager: System now ready
04-05 17:42:51.450  1176  1176 I ActivityManager: Config changes=2104 {1.0 ?mcc?mnc [en_US,fr_FR,de_DE,ja_JP,zh_TW_#Hant,ru_RU,it_IT,tr_TR,ko_KR,es_US,pt_PT] ldltr sw411dp w411dp h659dp 420dpi nrml hdr port finger -keyb/v/h -nav/h winConfig={ mBounds=Rect(0, 0 - 0, 0) mAppBounds=Rect(0, 0 - 1080, 1794) mWindowingMode=fullscreen mActivityType=undefined} s.6}
04-05 17:42:51.470  1176  1176 I ActivityManager: Override config changes=2104 {1.0 ?mcc?mnc [en_US,fr_FR,de_DE,ja_JP,zh_TW_#Hant,ru_RU,it_IT,tr_TR,ko_KR,es_US,pt_PT] ldltr sw411dp w411dp h659dp 420dpi nrml hdr port finger -keyb/v/h -nav/h winConfig={ mBounds=Rect(0, 0 - 1080, 1920) mAppBounds=Rect(0, 0 - 1080, 1794) mWindowingMode=fullscreen mActivityType=undefined} s.6} for displayId=0
04-05 17:42:51.472  1176  1218 I ActivityManager: Config changes=4100 {1.0 ?mcc?mnc [en_US,fr_FR,de_DE,ja_JP,zh_TW_#Hant,ru_RU,it_IT,tr_TR,ko_KR,es_US,pt_PT] ldltr sw411dp w411dp h659dp 420dpi nrml hdr widecg port finger -keyb/v/h -nav/h winConfig={ mBounds=Rect(0, 0 - 0, 0) mAppBounds=Rect(0, 0 - 1080, 1794) mWindowingMode=fullscreen mActivityType=undefined} s.7}
04-05 17:42:51.477  1176  1218 I ActivityManager: Override config changes=4100 {1.0 ?mcc?mnc [en_US,fr_FR,de_DE,ja_JP,zh_TW_#Hant,ru_RU,it_IT,tr_TR,ko_KR,es_US,pt_PT] ldltr sw411dp w411dp h659dp 420dpi nrml hdr widecg port finger -keyb/v/h -nav/h winConfig={ mBounds=Rect(0, 0 - 1080, 1920) mAppBounds=Rect(0, 0 - 1080, 1794) mWindowingMode=fullscreen mActivityType=undefined} s.7} for displayId=0
04-05 17:42:51.480  1176  1176 I SystemServer: Making services ready
04-05 17:42:51.480  1176  1176 I SystemServer: StartActivityManagerReadyPhase
04-05 17:42:51.480  1176  1176 I SystemServiceManager: Starting phase 550
04-05 17:42:51.481  1176  1176 W ActivityManager: Too early to start/bind service in system_server: Phase=550 ComponentInfo{com.android.server.telecom/com.android.server.telecom.components.TelecomService}
04-05 17:42:51.481  1176  1176 W ActivityManager: Too early to start/bind service in system_server: Phase=550 ComponentInfo{com.android.server.telecom/com.android.server.telecom.components.TelecomService}
04-05 17:42:51.605  1176  1176 W SyncManager: Failure adding authority: account=punqc.mobiletest01@gmail.com auth=com.google.android.inputmethod.pinyin.user_dictionary enabled=false syncable=1
04-05 17:42:51.621  1176  1176 W SystemServiceManager: Service com.android.server.content.ContentService$Lifecycle took 141 ms in onBootPhase
04-05 17:42:51.621  1176  1176 D BluetoothManagerService: Bluetooth boot completed
04-05 17:42:51.668  1176  1176 W InputMethodManagerService: Default IME is uninstalled. Choose new default IME.
04-05 17:42:51.673  1176  1176 W InputMethodManagerService: Illegal subtype state: old subtype = null, new subtype = android.view.inputmethod.InputMethodSubtype@70bfcd7e
04-05 17:42:51.675  1176  1176 W SystemServiceManager: Service com.android.server.InputMethodManagerService$Lifecycle took 54 ms in onBootPhase
04-05 17:42:51.676  1176  1365 D StorageManagerService: Thinking about init, mSystemReady=true, mDaemonConnected=true
04-05 17:42:51.676  1176  1365 D StorageManagerService: Thinking about reset, mSystemReady=true, mDaemonConnected=true
04-05 17:42:51.676  1176  1210 I ActivityManager: Force stopping com.android.providers.media appid=10011 user=-1: vold reset
04-05 17:42:51.677  1176  1471 V StorageManagerService: Found primary storage at VolumeInfo{emulated}:
04-05 17:42:51.677  1176  1471 V StorageManagerService:     type=EMULATED diskId=null partGuid= mountFlags=0 mountUserId=-1 
04-05 17:42:51.677  1176  1471 V StorageManagerService:     state=UNMOUNTED 
04-05 17:42:51.677  1176  1471 V StorageManagerService:     fsType=null fsUuid=null fsLabel=null 
04-05 17:42:51.677  1176  1471 V StorageManagerService:     path=null internalPath=null 
04-05 17:42:51.679  1176  1176 I SystemServer: StartObservingNativeCrashes
04-05 17:42:51.679  1176  1176 I SystemServer: StartSystemUI
04-05 17:42:51.679  1176  1301 I SystemServer: WebViewFactoryPreparation
04-05 17:42:51.680  1176  1466 I UsbPortManager: ClientCallback: port0
04-05 17:42:51.680   637   670 V vold    : Waiting for FUSE to spin up...
04-05 17:42:51.681  1176  1216 I UsbPortManager: USB port added: port=UsbPort{id=port0, supportedModes=dual}, status=UsbPortStatus{connected=true, currentMode=ufp, currentPowerRole=sink, currentDataRole=device, supportedRoleCombinations=[source:host, sink:device]}, canChangeMode=true, canChangePowerRole=false, canChangeDataRole=false
04-05 17:42:51.681  1176  1176 I SystemServer: MakeNetworkManagementServiceReady
04-05 17:42:51.681  1176  1176 D NetworkManagement: enabling bandwidth control
04-05 17:42:51.681  1176  1441 D BluetoothManagerService: Trying to bind to profile: 1, while Bluetooth was disabled
04-05 17:42:51.692  1176  1212 I ActivityManager: Start proc 1588:com.google.android.inputmethod.latin/u0a80 for service com.google.android.inputmethod.latin/com.android.inputmethod.latin.LatinIME
04-05 17:42:51.694  1176  1176 I SystemServer: MakeIpSecServiceReady
04-05 17:42:51.695  1176  1214 E BatteryExternalStatsWorker: no controller energy info supplied for wifi
04-05 17:42:51.695  1176  1214 E BatteryExternalStatsWorker: no controller energy info supplied for telephony
04-05 17:42:51.697  1176  1176 D IpSecService: IpSecService is ready
04-05 17:42:51.697  1176  1176 I SystemServer: MakeNetworkStatsServiceReady
04-05 17:42:51.702  1585  1585 W sdcard  : Device explicitly enabled sdcardfs
04-05 17:42:51.703  1176  1212 I ActivityManager: Start proc 1608:com.android.systemui/u0a58 for service com.android.systemui/.SystemUIService
04-05 17:42:51.707  1176  1391 W NetworkPolicy: setRestrictBackgroundUL: already false
04-05 17:42:51.730  1176  1176 I SystemServer: MakeConnectivityServiceReady
04-05 17:42:51.750  1176  1212 W ActivityManager: Slow operation: 67ms so far, now at startProcess: returned from zygote!
04-05 17:42:51.750  1176  1212 W ActivityManager: Slow operation: 67ms so far, now at startProcess: done updating battery stats
04-05 17:42:51.750  1176  1212 W ActivityManager: Slow operation: 67ms so far, now at startProcess: building log message
04-05 17:42:51.750  1176  1212 I ActivityManager: Start proc 1641:com.google.modemservice/1001 for broadcast com.google.modemservice/.StateChangeReceiver
04-05 17:42:51.750  1176  1212 W ActivityManager: Slow operation: 67ms so far, now at startProcess: starting to update pids map
04-05 17:42:51.750  1176  1212 W ActivityManager: Slow operation: 67ms so far, now at startProcess: done updating pids map
04-05 17:42:51.750  1176  1212 W ActivityManager: Slow operation: 56ms so far, now at startProcess: asking zygote to start proc
04-05 17:42:51.757  1176  1176 I SystemServer: MakeNetworkPolicyServiceReady
04-05 17:42:51.758  1176  1176 I SystemServer: StartWatchdog
04-05 17:42:51.758  1176  1176 I SystemServer: PhaseThirdPartyAppsCanStart
04-05 17:42:51.758  1176  1176 I SystemServiceManager: Starting phase 600
04-05 17:42:51.760  1176  1176 V WallpaperManagerService: bindWallpaperComponentLocked: componentName=ComponentInfo{com.android.systemui/com.android.systemui.ImageWallpaper}
04-05 17:42:51.760  1176  1212 W ActivityManager: Slow operation: 67ms so far, now at startProcess: returned from zygote!
04-05 17:42:51.761  1176  1212 W ActivityManager: Slow operation: 67ms so far, now at startProcess: done updating battery stats
04-05 17:42:51.762  1176  1212 W ActivityManager: Slow operation: 68ms so far, now at startProcess: building log message
04-05 17:42:51.762  1176  1212 I ActivityManager: Start proc 1649:WebViewLoader-armeabi-v7a/1037 [android.webkit.WebViewLibraryLoader$RelroFileCreator] for 
04-05 17:42:51.762  1176  1212 W ActivityManager: Slow operation: 68ms so far, now at startProcess: starting to update pids map
04-05 17:42:51.762  1176  1212 W ActivityManager: Slow operation: 68ms so far, now at startProcess: done updating pids map
04-05 17:42:51.762  1176  1212 W ActivityManager: Slow operation: 68ms so far, now at startProcess: asking zygote to start proc
04-05 17:42:51.773  1176  1212 W ActivityManager: Slow operation: 79ms so far, now at startProcess: returned from zygote!
04-05 17:42:51.774  1176  1212 W ActivityManager: Slow operation: 80ms so far, now at startProcess: done updating battery stats
04-05 17:42:51.774  1176  1212 W ActivityManager: Slow operation: 80ms so far, now at startProcess: building log message
04-05 17:42:51.774  1176  1212 I ActivityManager: Start proc 1663:WebViewLoader-arm64-v8a/1037 [android.webkit.WebViewLibraryLoader$RelroFileCreator] for 
04-05 17:42:51.774  1176  1212 W ActivityManager: Slow operation: 80ms so far, now at startProcess: starting to update pids map
04-05 17:42:51.774  1176  1212 W ActivityManager: Slow operation: 80ms so far, now at startProcess: done updating pids map
04-05 17:42:51.786  1176  1176 I StatsCompanionService: Told statsd that StatsCompanionService is alive.
04-05 17:42:51.787  1176  1176 I SystemServer: MakeLocationServiceReady
04-05 17:42:51.799  1176  1176 W LocationProviderProxy-network: Odd, no component found for service com.android.location.service.v3.NetworkLocationProvider
04-05 17:42:51.801  1176  1176 W GeocoderProxy: Odd, no component found for service com.android.location.service.GeocodeProvider
04-05 17:42:51.802  1176  1176 W GeofenceProxy: Odd, no component found for service com.android.location.service.GeofenceProvider
04-05 17:42:51.802  1176  1176 D LocationManagerService: Hardware Activity-Recognition not supported.
04-05 17:42:51.803  1176  1176 W ActivityRecognitionProxy: Odd, no component found for service com.android.location.service.ActivityRecognitionProvider
04-05 17:42:51.804  1176  1210 W BroadcastQueue: Background execution not allowed: receiving Intent { act=android.location.PROVIDERS_CHANGED flg=0x10 } to com.google.android.gms/.chimera.GmsIntentOperationService$PersistentTrustedReceiver
04-05 17:42:51.804  1176  1210 W BroadcastQueue: Background execution not allowed: receiving Intent { act=android.location.MODE_CHANGED flg=0x10 } to com.google.android.gms/.chimera.GmsIntentOperationService$PersistentTrustedReceiver
04-05 17:42:51.805  1176  1176 I SystemServer: MakeCountryDetectionServiceReady
04-05 17:42:51.805  1176  1176 I SystemServer: MakeNetworkTimeUpdateReady
04-05 17:42:51.806  1176  1176 D ConnectivityService: requestNetwork for uid/pid:1000/1176 NetworkRequest [ TRACK_DEFAULT id=6, [ Capabilities: INTERNET&NOT_RESTRICTED&TRUSTED Unwanted:  Uid: 1000] ]
04-05 17:42:51.807  1176  1176 I SystemServer: MakeCommonTimeManagementServiceReady
04-05 17:42:51.807  1176  1176 I SystemServer: MakeInputManagerServiceReady
04-05 17:42:51.808  1176  1176 I SystemServer: MakeTelephonyRegistryReady
04-05 17:42:51.808  1176  1176 I SystemServer: MakeMediaRouterServiceReady
04-05 17:42:51.808  1176  1176 I SystemServer: MakeMmsServiceReady
04-05 17:42:51.808  1176  1176 I MmsServiceBroker: Delay connecting to MmsService until an API is called
04-05 17:42:51.808  1176  1176 I SystemServer: IncidentDaemonReady
04-05 17:42:51.809  1176  1176 I SystemServiceManager: Calling onStartUser u0
04-05 17:42:51.810  1176  1176 W CameraService_proxy: Could not notify mediaserver, camera service not available.
04-05 17:42:51.813  1176  1176 I ActivityManager: START u0 {act=android.intent.action.MAIN cat=[android.intent.category.HOME] flg=0x10000100 cmp=com.android.settings/.FallbackHome} from uid 0
04-05 17:42:51.942  1176  1176 I ActivityManager: Loaded persisted task ids for user 0
04-05 17:42:51.986  1176  1212 W ActivityManager: Slow operation: 175ms so far, now at startProcess: asking zygote to start proc
04-05 17:42:51.986  1176  1176 D SystemServerInitThreadPool: Shutdown successful
04-05 17:42:51.986  1176  1710 I ActivityManager: Process WebViewLoader-armeabi-v7a (pid 1649) has died: psvc PER 
04-05 17:42:51.991  1176  1723 I ActivityManager: Process WebViewLoader-arm64-v8a (pid 1663) has died: psvc PER 
04-05 17:42:51.993  1176  1176 W Looper  : Slow delivery took 1189ms main h=android.os.Handler c=com.android.server.-$$Lambda$BatteryService$2x73lvpB0jctMSVP4qb9sHAqRPw@7b28193 m=0
04-05 17:42:51.995  1176  1176 D ConditionProviders.SCP: onConnected
04-05 17:42:51.996  1176  1176 D ConditionProviders: Subscribing to condition://android/event?userId=-10000&calendar=&reply=1 with ComponentInfo{android/com.android.server.notification.EventConditionProvider}
04-05 17:42:51.996  1176  1176 D ConditionProviders: Subscribing to condition://android/schedule?days=1.2.3.4.5.6.7&start=22.0&end=7.0&exitAtAlarm=true with ComponentInfo{android/com.android.server.notification.ScheduleConditionProvider}
04-05 17:42:51.996  1176  1212 W ActivityManager: Slow operation: 185ms so far, now at startProcess: returned from zygote!
04-05 17:42:51.997  1176  1212 W ActivityManager: Slow operation: 186ms so far, now at startProcess: done updating battery stats
04-05 17:42:51.997  1176  1212 W ActivityManager: Slow operation: 186ms so far, now at startProcess: building log message
04-05 17:42:51.997  1176  1212 I ActivityManager: Start proc 1755:.dataservices/1000 for added application .dataservices
04-05 17:42:51.997  1176  1212 W ActivityManager: Slow operation: 186ms so far, now at startProcess: starting to update pids map
04-05 17:42:51.997  1176  1212 W ActivityManager: Slow operation: 186ms so far, now at startProcess: done updating pids map
04-05 17:42:51.997  1176  1212 W ActivityManager: Slow operation: 186ms so far, now at startProcess: asking zygote to start proc
04-05 17:42:52.007  1176  1212 W ActivityManager: Slow operation: 197ms so far, now at startProcess: returned from zygote!
04-05 17:42:52.025  1176  1212 W ActivityManager: Slow operation: 214ms so far, now at startProcess: done updating battery stats
04-05 17:42:52.025  1176  1212 W ActivityManager: Slow operation: 214ms so far, now at startProcess: building log message
04-05 17:42:52.025  1176  1212 I ActivityManager: Start proc 1774:com.qualcomm.qti.telephonyservice/1001 for added application com.qualcomm.qti.telephonyservice
04-05 17:42:52.025  1176  1212 W ActivityManager: Slow operation: 214ms so far, now at startProcess: starting to update pids map
04-05 17:42:52.025  1176  1212 W ActivityManager: Slow operation: 214ms so far, now at startProcess: done updating pids map
04-05 17:42:52.025  1176  1212 W ActivityManager: Slow operation: 213ms so far, now at startProcess: asking zygote to start proc
04-05 17:42:52.037  1176  1209 W LocationProviderProxy-network: Odd, no component found for service com.android.location.service.v3.NetworkLocationProvider
04-05 17:42:52.038  1176  1209 W GeocoderProxy: Odd, no component found for service com.android.location.service.GeocodeProvider
04-05 17:42:52.038  1176  1209 W GeofenceProxy: Odd, no component found for service com.android.location.service.GeofenceProvider
04-05 17:42:52.038  1176  1209 W ActivityRecognitionProxy: Odd, no component found for service com.android.location.service.ActivityRecognitionProvider
04-05 17:42:52.039  1176  1212 W ActivityManager: Slow operation: 227ms so far, now at startProcess: returned from zygote!
04-05 17:42:52.039  1176  1212 W ActivityManager: Slow operation: 227ms so far, now at startProcess: done updating battery stats
04-05 17:42:52.039  1176  1212 W ActivityManager: Slow operation: 227ms so far, now at startProcess: building log message
04-05 17:42:52.039  1176  1212 I ActivityManager: Start proc 1798:com.android.phone/1001 for added application com.android.phone
04-05 17:42:52.039  1176  1212 W ActivityManager: Slow operation: 227ms so far, now at startProcess: starting to update pids map
04-05 17:42:52.039  1176  1212 W ActivityManager: Slow operation: 227ms so far, now at startProcess: done updating pids map
04-05 17:42:52.039  1176  1212 W ActivityManager: Slow operation: 95ms so far, now at startProcess: asking zygote to start proc
04-05 17:42:52.050  1176  1212 W ActivityManager: Slow operation: 105ms so far, now at startProcess: returned from zygote!
04-05 17:42:52.050  1176  1212 W ActivityManager: Slow operation: 106ms so far, now at startProcess: done updating battery stats
04-05 17:42:52.050  1176  1212 W ActivityManager: Slow operation: 106ms so far, now at startProcess: building log message
04-05 17:42:52.050  1176  1212 I ActivityManager: Start proc 1812:com.android.settings/1000 for activity com.android.settings/.FallbackHome
04-05 17:42:52.050  1176  1212 W ActivityManager: Slow operation: 106ms so far, now at startProcess: starting to update pids map
04-05 17:42:52.051  1176  1212 W ActivityManager: Slow operation: 106ms so far, now at startProcess: done updating pids map
04-05 17:42:52.051  1176  1212 W ActivityManager: Slow operation: 54ms so far, now at startProcess: asking zygote to start proc
04-05 17:42:52.054  1176  1176 V FingerprintService: Done with client: android
04-05 17:42:52.054  1176  1176 V FingerprintService: clearEnumerateState()
04-05 17:42:52.068  1176  1212 W ActivityManager: Slow operation: 71ms so far, now at startProcess: returned from zygote!
04-05 17:42:52.069  1176  1212 W ActivityManager: Slow operation: 73ms so far, now at startProcess: done updating battery stats
04-05 17:42:52.069  1176  1212 W ActivityManager: Slow operation: 73ms so far, now at startProcess: building log message
04-05 17:42:52.069  1176  1212 I ActivityManager: Start proc 1831:com.qualcomm.qcrilmsgtunnel/1001 for service com.qualcomm.qcrilmsgtunnel/.QcrilMsgTunnelService
04-05 17:42:52.069  1176  1212 W ActivityManager: Slow operation: 73ms so far, now at startProcess: starting to update pids map
04-05 17:42:52.069  1176  1212 W ActivityManager: Slow operation: 73ms so far, now at startProcess: done updating pids map
04-05 17:42:52.070  1176  1176 V SettingsProvider: Notifying for 0: content://settings/secure/location_providers_allowed
04-05 17:42:52.076  1176  1176 V SettingsProvider: Notifying for 0: content://settings/global/location_global_kill_switch
04-05 17:42:52.078  1176  1710 D ConnectivityService: requestNetwork for uid/pid:1000/1755 NetworkRequest [ TRACK_DEFAULT id=10, [ Capabilities: INTERNET&NOT_RESTRICTED&TRUSTED Unwanted:  Uid: 1000] ]
04-05 17:42:52.080  1176  1216 D UsbDeviceManager: push notification:Charging this device via USB
04-05 17:42:52.157  1176  1176 D BluetoothManagerService: Trying to bind to profile: 1, while Bluetooth was disabled
04-05 17:42:52.160  1176  1883 I Telecom : BluetoothRouteManager: getBluetoothAudioConnectedDevice: no headset service available.
04-05 17:42:52.162  1176  1176 I Telecom : SystemStateProvider: Registering car mode receiver: android.content.IntentFilter@b0e98d0: TS.init@AAA
04-05 17:42:52.169  1176  1199 W ActivityManager: Unable to start service Intent { act=android.intent.action.QUICKSTEP_SERVICE pkg=com.google.android.apps.nexuslauncher } U=0: not found
04-05 17:42:52.170  1176  1888 I Telecom : Logging.Events: Non-call EVENT: AUDIO_ROUTE, Entering state QuiescentEarpieceRoute
04-05 17:42:52.170  1176  1888 I Telecom : BluetoothRouteManager: getBluetoothAudioConnectedDevice: no headset service available.
04-05 17:42:52.180  1176  1176 I Telecom : MissedCallNotifierImpl: reloadFromDatabase: Boot not yet complete -- call log db may not be available. Deferring loading until boot complete for user 0: TS.init@AAA
04-05 17:42:52.180  1176  1890 I Telecom : CallAudioModeStateMachine: Message received: null.: TS.init->CAMSM.pM_1@AAA
04-05 17:42:52.181  1176  1176 D BluetoothManagerService: Trying to bind to profile: 1, while Bluetooth was disabled
04-05 17:42:52.183  1176  1176 I Telecom : Class: TelecomSystem.INSTANCE being set
04-05 17:42:52.183  1176  1176 W ContextImpl: Calling a method in the system process without a qualified user: android.app.ContextImpl.startService:1531 android.content.ContextWrapper.startService:664 com.android.server.telecom.components.TelecomService.initializeTelecomSystem:197 com.android.server.telecom.components.TelecomService.onBind:67 android.app.ActivityThread.handleBindService:3560 
04-05 17:42:52.184  1176  1176 W ContextImpl: Calling a method in the system process without a qualified user: android.app.ContextImpl.startService:1531 com.android.server.content.SyncManager$14.run:756 android.os.Handler.handleCallback:873 android.os.Handler.dispatchMessage:99 android.os.Looper.loop:193 
04-05 17:42:52.186  1176  1176 V SettingsProvider: Notifying for 0: content://settings/global/boot_count
04-05 17:42:52.275  1176  1176 V WiredAccessoryManager: notifyWiredAccessoryChanged: when=0 bits= mask=54
04-05 17:42:52.275  1176  1176 V WiredAccessoryManager: newName=h2w newState=0 headsetState=0 prev headsetState=0
04-05 17:42:52.275  1176  1176 V WiredAccessoryManager: init()
04-05 17:42:52.298  1176  1210 W KeyguardServiceDelegate: onScreenTurningOn(): no keyguard service!
04-05 17:42:52.320  1176  1176 D AccessibilityManagerService: Ignoring non-encryption-aware service ComponentInfo{com.google.android.marvin.talkback/com.google.android.accessibility.accessibilitymenu.AccessibilityMenuService}
04-05 17:42:52.320  1176  1176 D AccessibilityManagerService: Ignoring non-encryption-aware service ComponentInfo{com.koushikdutta.vysor/com.koushikdutta.vysor.AudioEnablerService}
04-05 17:42:52.320  1176  1176 D AccessibilityManagerService: Ignoring non-encryption-aware service ComponentInfo{com.netease.nie.yosemite/com.netease.nie.yosemite.accessibility.MyAccessibilityService}
04-05 17:42:52.321  1176  1176 V NotificationAssistants: enabling notification assistant for 0: ComponentInfo{com.google.android.ext.services/android.ext.services.notification.Assistant}
04-05 17:42:52.321  1176  1176 V NotificationAssistants: binding: Intent { act=android.service.notification.NotificationAssistantService cmp=com.google.android.ext.services/android.ext.services.notification.Assistant (has extras) }
04-05 17:42:52.327  1176  1723 D ConnectivityService: requestNetwork for uid/pid:10058/1608 NetworkRequest [ TRACK_DEFAULT id=12, [ Capabilities: INTERNET&NOT_RESTRICTED&TRUSTED Unwanted:  Uid: 10058] ]
04-05 17:42:52.334  1176  1212 I ActivityManager: Start proc 1930:com.google.android.ext.services/u0a41 for service com.google.android.ext.services/android.ext.services.notification.Assistant
04-05 17:42:52.338  1176  1176 D ConditionProviders.SCP: onSubscribe condition://android/schedule?days=1.2.3.4.5.6.7&start=22.0&end=7.0&exitAtAlarm=true
04-05 17:42:52.339  1176  1176 D ConditionProviders.SCP: setRegistered true
04-05 17:42:52.340  1176  1433 E ActivityThread: Failed to find provider info for com.android.calendar
04-05 17:42:52.340  1176  1433 E ActivityThread: Failed to find provider info for com.android.calendar
04-05 17:42:52.345  1176  1176 D ConditionProviders.SCP: evaluateSubscriptionLocked cal=ScheduleCalendar[mDays={1, 2, 3, 4, 5, 6, 7}, mSchedule=ScheduleInfo{days=[1, 2, 3, 4, 5, 6, 7], startHour=22, startMinute=0, endHour=7, endMinute=0, exitAtAlarm=true, nextAlarm=Thu Jan 01 05:30:00 GMT+05:30 1970 (0)}], now=Fri Apr 05 17:42:52 GMT+05:30 2019 (1554466372339), nextUserAlarmTime=Thu Jan 01 05:30:00 GMT+05:30 1970 (0)
04-05 17:42:52.345  1176  1176 D ConditionProviders.SCP: notifyCondition condition://android/schedule?days=1.2.3.4.5.6.7&start=22.0&end=7.0&exitAtAlarm=true STATE_FALSE reason=!meetsSchedule
04-05 17:42:52.346  1176  1176 D ConditionProviders.SCP: Scheduling evaluate for Fri Apr 05 22:00:00 GMT+05:30 2019 (1554481800000), in +4h17m7s661ms, now=Fri Apr 05 17:42:52 GMT+05:30 2019 (1554466372339)
04-05 17:42:52.351  1176  1710 W UsageStatsService: Event reported without a package name
04-05 17:42:52.360  1176  1176 I Telecom : WiredHeadsetManager: ACTION_HEADSET_PLUG event, plugged in: false, : WHC.oADA@AAE
04-05 17:42:52.364  1176  1564 I SyncManager: Got SyncJobService instance.
04-05 17:42:52.364  1176  1419 D ConnectivityService: Got NetworkFactory Messenger for PhoneSwitcherNetworkRequstListener
04-05 17:42:52.365  1176  1176 V SettingsProvider: Notifying for 0: content://settings/global/network_recommendations_enabled
04-05 17:42:52.366  1176  1176 I AutofillManagerService: Updating Autofill for user 0: disabled=false
04-05 17:42:52.374  1176  1419 D ConnectivityService: Got NetworkFactory Messenger for TelephonyNetworkFactory[0]
04-05 17:42:52.378  1798  1951 E ActivityThread: Failed to find provider info for com.android.contacts
04-05 17:42:52.379  1176  1710 D BluetoothManagerService: Trying to bind to profile: 1, while Bluetooth was disabled
04-05 17:42:52.384  1176  1331 I StatusBarManagerService: registerStatusBar bar=com.android.internal.statusbar.IStatusBar$Stub$Proxy@3e1dbc
04-05 17:42:52.387  1176  1176 W Looper  : Drained
04-05 17:42:52.395  1798  1798 I TelecomFramework: TtyManager: updateUiTtyMode -1 -> 0
04-05 17:42:52.468  1176  1741 I WifiService: WifiService trying to set country code to 
04-05 17:42:52.690  1176  1741 I Telecom : PhoneAccountRegistrar: Modify account: [ComponentInfo{com.android.phone/com.android.services.telephony.TelephonyConnectionService}, ***, UserHandle{0}]: TSI.rPA@AAU
04-05 17:42:52.692  1798  1798 I TelecomFramework: AccountEntry: Registered phoneAccount: [[ ] PhoneAccount: ComponentInfo{com.android.phone/com.android.services.telephony.TelephonyConnectionService}, ***, UserHandle{0} Capabilities: CallProvider MultiUser PlaceEmerg SimSub  Audio Routes: BESW Schemes: tel voicemail  Extras: Bundle[{android.telecom.extra.SUPPORTS_VIDEO_CALLING_FALLBACK=true}] GroupId: ***] with handle: ComponentInfo{com.android.phone/com.android.services.telephony.TelephonyConnectionService}, ***, UserHandle{0}
04-05 17:42:52.692  1798  1798 I TelecomFramework: PstnIncomingCallNotifier: Registering: Handler (com.android.internal.telephony.GsmCdmaPhone) {6ae3276}
04-05 17:42:52.695  1176  1212 I ActivityManager: Start proc 2027:com.google.android.euicc/u0a56 for service com.google.android.euicc/com.android.euicc.service.EuiccServiceImpl
04-05 17:42:52.697  1798  1798 I TelecomFramework: PstnPhoneCapabilitiesNotifier: handleVideoCapabilitesChanged. Video capability - false
04-05 17:42:52.700  1176  1710 I Telecom : PhoneAccountRegistrar: Modify account: [ComponentInfo{com.android.phone/com.android.services.telephony.TelephonyConnectionService}, ***, UserHandle{0}]: TSI.rPA@AAg
04-05 17:42:52.701  1608  1853 E ActivityThread: Failed to find provider info for com.android.contacts
